0 verbose cli /usr/local/bin/node /usr/local/bin/npm
1 info using npm@11.6.2
2 info using node@v24.12.0
3 silly config load:file:/usr/local/lib/node_modules/npm/npmrc
4 silly config load:file:/Users/wuwenbo/Documents/trae_projects/SoloCode-20260601/sp37/controller/.npmrc
5 silly config load:file:/Users/wuwenbo/.npmrc
6 verbose config error loading user config Error: EACCES: permission denied, open '/Users/wuwenbo/.npmrc'
6 verbose config     at async open (node:internal/fs/promises:642:25)
6 verbose config     at async readFile (node:internal/fs/promises:1279:14)
6 verbose config     at async #loadFile (/usr/local/lib/node_modules/npm/node_modules/@npmcli/config/lib/index.js:635:5)
6 verbose config     at async Config.load (/usr/local/lib/node_modules/npm/node_modules/@npmcli/config/lib/index.js:259:5)
6 verbose config     at async #load (/usr/local/lib/node_modules/npm/lib/npm.js:99:5)
6 verbose config     at async Npm.load (/usr/local/lib/node_modules/npm/lib/npm.js:81:14)
6 verbose config     at async module.exports (/usr/local/lib/node_modules/npm/lib/cli/entry.js:35:37) {
6 verbose config   errno: -13,
6 verbose config   code: 'EACCES',
6 verbose config   syscall: 'open',
6 verbose config   path: '/Users/wuwenbo/.npmrc'
6 verbose config }
7 silly config load:file:/usr/local/etc/npmrc
8 verbose title npm install
9 verbose argv "install" "--cache" ".npm-cache"
10 verbose logfile logs-max:10 dir:/Users/wuwenbo/Documents/trae_projects/SoloCode-20260601/sp37/controller/.npm-cache/_logs/2026-06-04T05_14_31_923Z-
11 verbose logfile /Users/wuwenbo/Documents/trae_projects/SoloCode-20260601/sp37/controller/.npm-cache/_logs/2026-06-04T05_14_31_923Z-debug-0.log
12 silly logfile done cleaning log files
13 silly packumentCache heap:4496293888 maxSize:1124073472 maxEntrySize:562036736
14 silly idealTree buildDeps
15 silly fetch manifest react@^18.2.0
16 silly packumentCache full:https://registry.npmjs.org/react cache-miss
17 http fetch GET 200 https://registry.npmjs.org/npm 2248ms
18 http fetch GET 200 https://registry.npmjs.org/react 3601ms (cache miss)
19 silly packumentCache full:https://registry.npmjs.org/react set size:undefined disposed:false
20 silly fetch manifest react-dom@^18.2.0
21 silly packumentCache full:https://registry.npmjs.org/react-dom cache-miss
22 http fetch GET 200 https://registry.npmjs.org/react-dom 1692ms (cache miss)
23 silly packumentCache full:https://registry.npmjs.org/react-dom set size:undefined disposed:false
24 silly fetch manifest @types/react@^18.2.37
25 silly packumentCache full:https://registry.npmjs.org/@types%2freact cache-miss
26 http fetch GET 200 https://registry.npmjs.org/@types%2freact 1734ms (cache miss)
27 silly packumentCache full:https://registry.npmjs.org/@types%2freact set size:undefined disposed:false
28 silly fetch manifest @types/react-dom@^18.2.15
29 silly packumentCache full:https://registry.npmjs.org/@types%2freact-dom cache-miss
30 http fetch GET 200 https://registry.npmjs.org/@types%2freact-dom 934ms (cache miss)
31 silly packumentCache full:https://registry.npmjs.org/@types%2freact-dom set size:undefined disposed:false
32 silly fetch manifest @vitejs/plugin-react@^4.2.0
33 silly packumentCache full:https://registry.npmjs.org/@vitejs%2fplugin-react cache-miss
34 http fetch GET 200 https://registry.npmjs.org/@vitejs%2fplugin-react 1027ms (cache miss)
35 silly packumentCache full:https://registry.npmjs.org/@vitejs%2fplugin-react set size:undefined disposed:false
36 silly fetch manifest vite@^5.0.0
37 silly packumentCache full:https://registry.npmjs.org/vite cache-miss
38 http fetch GET 200 https://registry.npmjs.org/vite 4204ms (cache miss)
39 silly packumentCache full:https://registry.npmjs.org/vite set size:undefined disposed:false
40 silly fetch manifest @types/node@^18.0.0 || >=20.0.0
41 silly packumentCache full:https://registry.npmjs.org/@types%2fnode cache-miss
42 http fetch GET 200 https://registry.npmjs.org/@types%2fnode 2699ms (cache miss)
43 silly packumentCache full:https://registry.npmjs.org/@types%2fnode set size:undefined disposed:false
44 silly fetch manifest less@*
45 silly packumentCache full:https://registry.npmjs.org/less cache-miss
46 http fetch GET 200 https://registry.npmjs.org/less 1119ms (cache miss)
47 silly packumentCache full:https://registry.npmjs.org/less set size:undefined disposed:false
48 silly fetch manifest lightningcss@^1.21.0
49 silly packumentCache full:https://registry.npmjs.org/lightningcss cache-miss
50 http fetch GET 200 https://registry.npmjs.org/lightningcss 1229ms (cache miss)
51 silly packumentCache full:https://registry.npmjs.org/lightningcss set size:undefined disposed:false
52 silly fetch manifest sass@*
53 silly packumentCache full:https://registry.npmjs.org/sass cache-miss
54 http fetch GET 200 https://registry.npmjs.org/sass 723ms (cache miss)
55 silly packumentCache full:https://registry.npmjs.org/sass set size:undefined disposed:false
56 silly fetch manifest sass-embedded@*
57 silly packumentCache full:https://registry.npmjs.org/sass-embedded cache-miss
58 http fetch GET 200 https://registry.npmjs.org/sass-embedded 1155ms (cache miss)
59 silly packumentCache full:https://registry.npmjs.org/sass-embedded set size:undefined disposed:false
60 silly fetch manifest stylus@*
61 silly packumentCache full:https://registry.npmjs.org/stylus cache-miss
62 http fetch GET 200 https://registry.npmjs.org/stylus 472ms (cache miss)
63 silly packumentCache full:https://registry.npmjs.org/stylus set size:undefined disposed:false
64 silly fetch manifest sugarss@*
65 silly packumentCache full:https://registry.npmjs.org/sugarss cache-miss
66 http fetch GET 200 https://registry.npmjs.org/sugarss 658ms (cache miss)
67 silly packumentCache full:https://registry.npmjs.org/sugarss set size:undefined disposed:false
68 silly fetch manifest postcss@^8.3.3
69 silly packumentCache full:https://registry.npmjs.org/postcss cache-miss
70 http fetch GET 200 https://registry.npmjs.org/postcss 732ms (cache miss)
71 silly packumentCache full:https://registry.npmjs.org/postcss set size:undefined disposed:false
72 silly fetch manifest terser@^5.4.0
73 silly packumentCache full:https://registry.npmjs.org/terser cache-miss
74 http fetch GET 200 https://registry.npmjs.org/terser 4737ms (cache miss)
75 silly packumentCache full:https://registry.npmjs.org/terser set size:undefined disposed:false
76 silly fetch manifest typescript@^5.2.2
77 silly packumentCache full:https://registry.npmjs.org/typescript cache-miss
78 http fetch GET 200 https://registry.npmjs.org/typescript 5111ms (cache miss)
79 silly packumentCache full:https://registry.npmjs.org/typescript set size:undefined disposed:false
80 silly placeDep ROOT @types/react@18.3.30 OK for: remote-desktop-controller@0.0.1 want: ^18.2.37
81 silly placeDep ROOT @types/react-dom@18.3.7 OK for: remote-desktop-controller@0.0.1 want: ^18.2.15
82 silly placeDep ROOT @vitejs/plugin-react@4.7.0 OK for: remote-desktop-controller@0.0.1 want: ^4.2.0
83 silly placeDep ROOT vite@5.4.21 OK for: @vitejs/plugin-react@4.7.0 want: ^4.2.0 || ^5.0.0 || ^6.0.0 || ^7.0.0
84 silly placeDep ROOT react@18.3.1 OK for: remote-desktop-controller@0.0.1 want: ^18.2.0
85 silly placeDep ROOT react-dom@18.3.1 OK for: remote-desktop-controller@0.0.1 want: ^18.2.0
86 silly placeDep ROOT typescript@5.9.3 OK for: remote-desktop-controller@0.0.1 want: ^5.2.2
87 silly fetch manifest csstype@^3.2.2
88 silly packumentCache full:https://registry.npmjs.org/csstype cache-miss
89 silly fetch manifest @types/prop-types@*
90 silly packumentCache full:https://registry.npmjs.org/@types%2fprop-types cache-miss
91 silly fetch manifest @babel/core@^7.28.0
92 silly packumentCache full:https://registry.npmjs.org/@babel%2fcore cache-miss
93 silly fetch manifest react-refresh@^0.17.0
94 silly packumentCache full:https://registry.npmjs.org/react-refresh cache-miss
95 silly fetch manifest @types/babel__core@^7.20.5
96 silly packumentCache full:https://registry.npmjs.org/@types%2fbabel__core cache-miss
97 silly fetch manifest @rolldown/pluginutils@1.0.0-beta.27
98 silly packumentCache full:https://registry.npmjs.org/@rolldown%2fpluginutils cache-miss
99 silly fetch manifest @babel/plugin-transform-react-jsx-self@^7.27.1
100 silly packumentCache full:https://registry.npmjs.org/@babel%2fplugin-transform-react-jsx-self cache-miss
101 http fetch GET 200 https://registry.npmjs.org/@types%2fprop-types 465ms (cache miss)
102 silly packumentCache full:https://registry.npmjs.org/@types%2fprop-types set size:undefined disposed:false
103 silly fetch manifest @babel/plugin-transform-react-jsx-source@^7.27.1
104 silly packumentCache full:https://registry.npmjs.org/@babel%2fplugin-transform-react-jsx-source cache-miss
105 http fetch GET 200 https://registry.npmjs.org/@babel%2fplugin-transform-react-jsx-source 750ms (cache miss)
106 silly packumentCache full:https://registry.npmjs.org/@babel%2fplugin-transform-react-jsx-source set size:undefined disposed:false
107 silly fetch manifest rollup@^4.20.0
108 silly packumentCache full:https://registry.npmjs.org/rollup cache-miss
109 http fetch GET 200 https://registry.npmjs.org/@rolldown%2fpluginutils 1371ms (cache miss)
110 silly packumentCache full:https://registry.npmjs.org/@rolldown%2fpluginutils set size:undefined disposed:false
111 silly fetch manifest esbuild@^0.21.3
112 silly packumentCache full:https://registry.npmjs.org/esbuild cache-miss
113 http fetch GET 200 https://registry.npmjs.org/csstype 1766ms (cache miss)
114 silly packumentCache full:https://registry.npmjs.org/csstype set size:undefined disposed:false
115 silly fetch manifest postcss@^8.4.43
116 silly packumentCache full:https://registry.npmjs.org/postcss cache-miss
117 http cache https://registry.npmjs.org/postcss 6ms (cache hit)
118 silly packumentCache full:https://registry.npmjs.org/postcss set size:723316 disposed:false
119 silly fetch manifest fsevents@~2.3.3
120 silly packumentCache full:https://registry.npmjs.org/fsevents cache-miss
121 http fetch GET 200 https://registry.npmjs.org/esbuild 1531ms (cache miss)
122 silly packumentCache full:https://registry.npmjs.org/esbuild set size:undefined disposed:false
123 silly fetch manifest loose-envify@^1.1.0
124 silly packumentCache full:https://registry.npmjs.org/loose-envify cache-miss
125 http fetch GET 200 https://registry.npmjs.org/@babel%2fcore 3053ms (cache miss)
126 silly packumentCache full:https://registry.npmjs.org/@babel%2fcore set size:undefined disposed:false
127 silly fetch manifest scheduler@^0.23.2
128 silly packumentCache full:https://registry.npmjs.org/scheduler cache-miss
129 http fetch GET 200 https://registry.npmjs.org/@types%2fbabel__core 3113ms (cache miss)
130 silly packumentCache full:https://registry.npmjs.org/@types%2fbabel__core set size:undefined disposed:false
131 silly fetch manifest loose-envify@^1.1.0
132 silly packumentCache full:https://registry.npmjs.org/loose-envify cache-miss
133 http fetch GET 200 https://registry.npmjs.org/loose-envify 619ms (cache miss)
134 silly packumentCache full:https://registry.npmjs.org/loose-envify set size:undefined disposed:false
135 http fetch GET 200 https://registry.npmjs.org/loose-envify 1210ms (cache miss)
136 silly packumentCache full:https://registry.npmjs.org/loose-envify set size:undefined disposed:false
137 http fetch GET 200 https://registry.npmjs.org/fsevents 2577ms (cache miss)
138 silly packumentCache full:https://registry.npmjs.org/fsevents set size:undefined disposed:false
139 http fetch GET 200 https://registry.npmjs.org/rollup 3142ms (cache miss)
140 silly packumentCache full:https://registry.npmjs.org/rollup set size:undefined disposed:false
141 http fetch GET 200 https://registry.npmjs.org/@babel%2fplugin-transform-react-jsx-self 4438ms (cache miss)
142 silly packumentCache full:https://registry.npmjs.org/@babel%2fplugin-transform-react-jsx-self set size:undefined disposed:false
143 http fetch GET 200 https://registry.npmjs.org/react-refresh 4495ms (cache miss)
144 silly packumentCache full:https://registry.npmjs.org/react-refresh set size:undefined disposed:false
145 http fetch GET 200 https://registry.npmjs.org/scheduler 2080ms (cache miss)
146 silly packumentCache full:https://registry.npmjs.org/scheduler set size:undefined disposed:false
147 silly placeDep ROOT @types/prop-types@15.7.15 OK for: @types/react@18.3.30 want: *
148 silly placeDep ROOT csstype@3.2.3 OK for: @types/react@18.3.30 want: ^3.2.2
149 silly placeDep ROOT @babel/core@7.29.7 OK for: @vitejs/plugin-react@4.7.0 want: ^7.28.0
150 silly placeDep ROOT @babel/plugin-transform-react-jsx-self@7.29.7 OK for: @vitejs/plugin-react@4.7.0 want: ^7.27.1
151 silly placeDep ROOT @babel/plugin-transform-react-jsx-source@7.29.7 OK for: @vitejs/plugin-react@4.7.0 want: ^7.27.1
152 silly placeDep ROOT @rolldown/pluginutils@1.0.0-beta.27 OK for: @vitejs/plugin-react@4.7.0 want: 1.0.0-beta.27
153 silly placeDep ROOT @types/babel__core@7.20.5 OK for: @vitejs/plugin-react@4.7.0 want: ^7.20.5
154 silly placeDep ROOT react-refresh@0.17.0 OK for: @vitejs/plugin-react@4.7.0 want: ^0.17.0
155 silly fetch manifest @babel/code-frame@^7.29.7
156 silly packumentCache full:https://registry.npmjs.org/@babel%2fcode-frame cache-miss
157 silly fetch manifest @babel/generator@^7.29.7
158 silly packumentCache full:https://registry.npmjs.org/@babel%2fgenerator cache-miss
159 silly fetch manifest @babel/helper-compilation-targets@^7.29.7
160 silly packumentCache full:https://registry.npmjs.org/@babel%2fhelper-compilation-targets cache-miss
161 silly fetch manifest @babel/helper-module-transforms@^7.29.7
162 silly packumentCache full:https://registry.npmjs.org/@babel%2fhelper-module-transforms cache-miss
163 silly fetch manifest @babel/helpers@^7.29.7
164 silly packumentCache full:https://registry.npmjs.org/@babel%2fhelpers cache-miss
165 silly fetch manifest @babel/parser@^7.29.7
166 silly packumentCache full:https://registry.npmjs.org/@babel%2fparser cache-miss
167 silly fetch manifest @babel/template@^7.29.7
168 silly packumentCache full:https://registry.npmjs.org/@babel%2ftemplate cache-miss
169 http fetch GET 200 https://registry.npmjs.org/@babel%2fhelper-module-transforms 268ms (cache miss)
170 silly packumentCache full:https://registry.npmjs.org/@babel%2fhelper-module-transforms set size:undefined disposed:false
171 silly fetch manifest @babel/traverse@^7.29.7
172 silly packumentCache full:https://registry.npmjs.org/@babel%2ftraverse cache-miss
173 http fetch GET 200 https://registry.npmjs.org/@babel%2fcode-frame 625ms (cache miss)
174 silly packumentCache full:https://registry.npmjs.org/@babel%2fcode-frame set size:undefined disposed:false
175 silly fetch manifest @babel/types@^7.29.7
176 silly packumentCache full:https://registry.npmjs.org/@babel%2ftypes cache-miss
177 http fetch GET 200 https://registry.npmjs.org/@babel%2fhelpers 753ms (cache miss)
178 silly packumentCache full:https://registry.npmjs.org/@babel%2fhelpers set size:undefined disposed:false
179 silly fetch manifest @jridgewell/remapping@^2.3.5
180 silly packumentCache full:https://registry.npmjs.org/@jridgewell%2fremapping cache-miss
181 http fetch GET 200 https://registry.npmjs.org/@babel%2ftraverse 493ms (cache miss)
182 silly packumentCache full:https://registry.npmjs.org/@babel%2ftraverse set size:undefined disposed:false
183 silly fetch manifest convert-source-map@^2.0.0
184 silly packumentCache full:https://registry.npmjs.org/convert-source-map cache-miss
185 http fetch GET 200 https://registry.npmjs.org/@babel%2ftemplate 812ms (cache miss)
186 silly packumentCache full:https://registry.npmjs.org/@babel%2ftemplate set size:undefined disposed:false
187 silly fetch manifest debug@^4.1.0
188 silly packumentCache full:https://registry.npmjs.org/debug cache-miss
189 http fetch GET 200 https://registry.npmjs.org/@babel%2fgenerator 906ms (cache miss)
190 silly packumentCache full:https://registry.npmjs.org/@babel%2fgenerator set size:undefined disposed:false
191 silly fetch manifest gensync@^1.0.0-beta.2
192 silly packumentCache full:https://registry.npmjs.org/gensync cache-miss
193 http fetch GET 200 https://registry.npmjs.org/convert-source-map 256ms (cache miss)
194 silly packumentCache full:https://registry.npmjs.org/convert-source-map set size:undefined disposed:false
195 silly fetch manifest json5@^2.2.3
196 silly packumentCache full:https://registry.npmjs.org/json5 cache-miss
197 http fetch GET 200 https://registry.npmjs.org/gensync 222ms (cache miss)
198 silly packumentCache full:https://registry.npmjs.org/gensync set size:undefined disposed:false
199 silly fetch manifest semver@^6.3.1
200 silly packumentCache full:https://registry.npmjs.org/semver cache-miss
201 http fetch GET 200 https://registry.npmjs.org/json5 253ms (cache miss)
202 silly packumentCache full:https://registry.npmjs.org/json5 set size:undefined disposed:false
203 silly fetch manifest @babel/helper-plugin-utils@^7.29.7
204 silly packumentCache full:https://registry.npmjs.org/@babel%2fhelper-plugin-utils cache-miss
205 http fetch GET 200 https://registry.npmjs.org/@babel%2fparser 1307ms (cache miss)
206 silly packumentCache full:https://registry.npmjs.org/@babel%2fparser set size:undefined disposed:false
207 silly fetch manifest @babel/helper-plugin-utils@^7.29.7
208 silly packumentCache full:https://registry.npmjs.org/@babel%2fhelper-plugin-utils cache-miss
209 http fetch GET 200 https://registry.npmjs.org/debug 500ms (cache miss)
210 silly packumentCache full:https://registry.npmjs.org/debug set size:undefined disposed:false
211 silly fetch manifest @babel/types@^7.20.7
212 silly packumentCache full:https://registry.npmjs.org/@babel%2ftypes cache-miss
213 http fetch GET 200 https://registry.npmjs.org/semver 538ms (cache miss)
214 silly packumentCache full:https://registry.npmjs.org/semver set size:undefined disposed:false
215 silly fetch manifest @babel/parser@^7.20.7
216 silly packumentCache full:https://registry.npmjs.org/@babel%2fparser cache-miss
217 http cache https://registry.npmjs.org/@babel%2fparser 7ms (cache hit)
218 silly packumentCache full:https://registry.npmjs.org/@babel%2fparser set size:730539 disposed:false
219 silly fetch manifest @types/babel__template@*
220 silly packumentCache full:https://registry.npmjs.org/@types%2fbabel__template cache-miss
221 http fetch GET 200 https://registry.npmjs.org/@jridgewell%2fremapping 950ms (cache miss)
222 silly packumentCache full:https://registry.npmjs.org/@jridgewell%2fremapping set size:undefined disposed:false
223 silly fetch manifest @types/babel__traverse@*
224 silly packumentCache full:https://registry.npmjs.org/@types%2fbabel__traverse cache-miss
225 http fetch GET 200 https://registry.npmjs.org/@babel%2fhelper-compilation-targets 1735ms (cache miss)
226 silly packumentCache full:https://registry.npmjs.org/@babel%2fhelper-compilation-targets set size:undefined disposed:false
227 silly fetch manifest @types/babel__generator@*
228 silly packumentCache full:https://registry.npmjs.org/@types%2fbabel__generator cache-miss
229 http fetch GET 200 https://registry.npmjs.org/@babel%2fhelper-plugin-utils 462ms (cache miss)
230 silly packumentCache full:https://registry.npmjs.org/@babel%2fhelper-plugin-utils set size:undefined disposed:false
231 http fetch GET 200 https://registry.npmjs.org/@babel%2ftypes 1377ms (cache miss)
232 silly packumentCache full:https://registry.npmjs.org/@babel%2ftypes set size:undefined disposed:false
233 http fetch GET 200 https://registry.npmjs.org/@babel%2ftypes 857ms (cache miss)
234 silly packumentCache full:https://registry.npmjs.org/@babel%2ftypes set size:undefined disposed:false
235 http fetch GET 200 https://registry.npmjs.org/@types%2fbabel__traverse 506ms (cache miss)
236 silly packumentCache full:https://registry.npmjs.org/@types%2fbabel__traverse set size:undefined disposed:false
237 http fetch GET 200 https://registry.npmjs.org/@types%2fbabel__generator 568ms (cache miss)
238 silly packumentCache full:https://registry.npmjs.org/@types%2fbabel__generator set size:undefined disposed:false
239 http fetch GET 200 https://registry.npmjs.org/@babel%2fhelper-plugin-utils 1305ms (cache miss)
240 silly packumentCache full:https://registry.npmjs.org/@babel%2fhelper-plugin-utils set size:undefined disposed:false
241 http fetch GET 200 https://registry.npmjs.org/@types%2fbabel__template 1008ms (cache miss)
242 silly packumentCache full:https://registry.npmjs.org/@types%2fbabel__template set size:undefined disposed:false
243 silly fetch manifest @babel/core@^7.0.0
244 silly packumentCache full:https://registry.npmjs.org/@babel%2fcore cache-miss
245 http cache https://registry.npmjs.org/@babel%2fcore 3ms (cache hit)
246 silly packumentCache full:https://registry.npmjs.org/@babel%2fcore set size:779631 disposed:false
247 silly placeDep ROOT @babel/code-frame@7.29.7 OK for: @babel/core@7.29.7 want: ^7.29.7
248 silly placeDep ROOT @babel/generator@7.29.7 OK for: @babel/core@7.29.7 want: ^7.29.7
249 silly placeDep ROOT @babel/helper-compilation-targets@7.29.7 OK for: @babel/core@7.29.7 want: ^7.29.7
250 silly placeDep ROOT @babel/helper-module-transforms@7.29.7 OK for: @babel/core@7.29.7 want: ^7.29.7
251 silly placeDep ROOT @babel/helpers@7.29.7 OK for: @babel/core@7.29.7 want: ^7.29.7
252 silly placeDep ROOT @babel/parser@7.29.7 OK for: @babel/core@7.29.7 want: ^7.29.7
253 silly placeDep ROOT @babel/template@7.29.7 OK for: @babel/core@7.29.7 want: ^7.29.7
254 silly placeDep ROOT @babel/traverse@7.29.7 OK for: @babel/core@7.29.7 want: ^7.29.7
255 silly placeDep ROOT @babel/types@7.29.7 OK for: @babel/core@7.29.7 want: ^7.29.7
256 silly placeDep ROOT @jridgewell/remapping@2.3.5 OK for: @babel/core@7.29.7 want: ^2.3.5
257 silly placeDep ROOT convert-source-map@2.0.0 OK for: @babel/core@7.29.7 want: ^2.0.0
258 silly placeDep ROOT debug@4.4.3 OK for: @babel/core@7.29.7 want: ^4.1.0
259 silly placeDep ROOT gensync@1.0.0-beta.2 OK for: @babel/core@7.29.7 want: ^1.0.0-beta.2
260 silly placeDep ROOT json5@2.2.3 OK for: @babel/core@7.29.7 want: ^2.2.3
261 silly placeDep ROOT semver@6.3.1 OK for: @babel/core@7.29.7 want: ^6.3.1
262 silly fetch manifest @babel/helper-validator-identifier@^7.29.7
263 silly packumentCache full:https://registry.npmjs.org/@babel%2fhelper-validator-identifier cache-miss
264 silly fetch manifest js-tokens@^4.0.0
265 silly packumentCache full:https://registry.npmjs.org/js-tokens cache-miss
266 silly fetch manifest picocolors@^1.1.1
267 silly packumentCache full:https://registry.npmjs.org/picocolors cache-miss
268 silly fetch manifest @jridgewell/gen-mapping@^0.3.12
269 silly packumentCache full:https://registry.npmjs.org/@jridgewell%2fgen-mapping cache-miss
270 silly fetch manifest @jridgewell/trace-mapping@^0.3.28
271 silly packumentCache full:https://registry.npmjs.org/@jridgewell%2ftrace-mapping cache-miss
272 silly fetch manifest jsesc@^3.0.2
273 silly packumentCache full:https://registry.npmjs.org/jsesc cache-miss
274 silly fetch manifest @babel/compat-data@^7.29.7
275 silly packumentCache full:https://registry.npmjs.org/@babel%2fcompat-data cache-miss
276 http fetch GET 200 https://registry.npmjs.org/jsesc 290ms (cache miss)
277 silly packumentCache full:https://registry.npmjs.org/jsesc set size:undefined disposed:false
278 silly fetch manifest @babel/helper-validator-option@^7.29.7
279 silly packumentCache full:https://registry.npmjs.org/@babel%2fhelper-validator-option cache-miss
280 http fetch GET 200 https://registry.npmjs.org/@jridgewell%2fgen-mapping 312ms (cache miss)
281 silly packumentCache full:https://registry.npmjs.org/@jridgewell%2fgen-mapping set size:undefined disposed:false
282 silly fetch manifest browserslist@^4.24.0
283 silly packumentCache full:https://registry.npmjs.org/browserslist cache-miss
284 http fetch GET 200 https://registry.npmjs.org/picocolors 387ms (cache miss)
285 silly packumentCache full:https://registry.npmjs.org/picocolors set size:undefined disposed:false
286 silly fetch manifest lru-cache@^5.1.1
287 silly packumentCache full:https://registry.npmjs.org/lru-cache cache-miss
288 http fetch GET 200 https://registry.npmjs.org/js-tokens 564ms (cache miss)
289 silly packumentCache full:https://registry.npmjs.org/js-tokens set size:undefined disposed:false
290 silly fetch manifest @babel/helper-module-imports@^7.29.7
291 silly packumentCache full:https://registry.npmjs.org/@babel%2fhelper-module-imports cache-miss
292 http fetch GET 200 https://registry.npmjs.org/@babel%2fcompat-data 845ms (cache miss)
293 silly packumentCache full:https://registry.npmjs.org/@babel%2fcompat-data set size:undefined disposed:false
294 silly fetch manifest @babel/helper-validator-identifier@^7.29.7
295 silly packumentCache full:https://registry.npmjs.org/@babel%2fhelper-validator-identifier cache-miss
296 http fetch GET 200 https://registry.npmjs.org/@babel%2fhelper-validator-option 644ms (cache miss)
297 silly packumentCache full:https://registry.npmjs.org/@babel%2fhelper-validator-option set size:undefined disposed:false
298 silly fetch manifest @babel/helper-globals@^7.29.7
299 silly packumentCache full:https://registry.npmjs.org/@babel%2fhelper-globals cache-miss
300 http fetch GET 200 https://registry.npmjs.org/@jridgewell%2ftrace-mapping 952ms (cache miss)
301 silly packumentCache full:https://registry.npmjs.org/@jridgewell%2ftrace-mapping set size:undefined disposed:false
302 silly fetch manifest debug@^4.3.1
303 silly packumentCache full:https://registry.npmjs.org/debug cache-miss
304 http cache https://registry.npmjs.org/debug 1ms (cache hit)
305 silly packumentCache full:https://registry.npmjs.org/debug set size:195840 disposed:false
306 silly fetch manifest @babel/helper-string-parser@^7.29.7
307 silly packumentCache full:https://registry.npmjs.org/@babel%2fhelper-string-parser cache-miss
308 http fetch GET 200 https://registry.npmjs.org/browserslist 806ms (cache miss)
309 silly packumentCache full:https://registry.npmjs.org/browserslist set size:undefined disposed:false
310 silly fetch manifest @babel/helper-validator-identifier@^7.29.7
311 silly packumentCache full:https://registry.npmjs.org/@babel%2fhelper-validator-identifier cache-miss
312 http fetch GET 200 https://registry.npmjs.org/@babel%2fhelper-globals 306ms (cache miss)
313 silly packumentCache full:https://registry.npmjs.org/@babel%2fhelper-globals set size:undefined disposed:false
314 silly fetch manifest @jridgewell/gen-mapping@^0.3.5
315 silly packumentCache full:https://registry.npmjs.org/@jridgewell%2fgen-mapping cache-miss
316 http cache https://registry.npmjs.org/@jridgewell%2fgen-mapping 12ms (cache hit)
317 silly packumentCache full:https://registry.npmjs.org/@jridgewell%2fgen-mapping set size:75941 disposed:false
318 silly fetch manifest @jridgewell/trace-mapping@^0.3.24
319 silly packumentCache full:https://registry.npmjs.org/@jridgewell%2ftrace-mapping cache-miss
320 http cache https://registry.npmjs.org/@jridgewell%2ftrace-mapping 4ms (cache hit)
321 silly packumentCache full:https://registry.npmjs.org/@jridgewell%2ftrace-mapping set size:170909 disposed:false
322 silly fetch manifest ms@^2.1.3
323 silly packumentCache full:https://registry.npmjs.org/ms cache-miss
324 http fetch GET 200 https://registry.npmjs.org/@babel%2fhelper-validator-identifier 602ms (cache miss)
325 silly packumentCache full:https://registry.npmjs.org/@babel%2fhelper-validator-identifier set size:undefined disposed:false
326 http fetch GET 200 https://registry.npmjs.org/@babel%2fhelper-validator-identifier 941ms (cache miss)
327 silly packumentCache full:https://registry.npmjs.org/@babel%2fhelper-validator-identifier set size:undefined disposed:false
328 http fetch GET 200 https://registry.npmjs.org/@babel%2fhelper-string-parser 839ms (cache miss)
329 silly packumentCache full:https://registry.npmjs.org/@babel%2fhelper-string-parser set size:undefined disposed:false
330 http fetch GET 200 https://registry.npmjs.org/ms 531ms (cache miss)
331 silly packumentCache full:https://registry.npmjs.org/ms set size:undefined disposed:false
332 http fetch GET 200 https://registry.npmjs.org/@babel%2fhelper-module-imports 1234ms (cache miss)
333 silly packumentCache full:https://registry.npmjs.org/@babel%2fhelper-module-imports set size:undefined disposed:false
334 http fetch GET 200 https://registry.npmjs.org/@babel%2fhelper-validator-identifier 2001ms (cache miss)
335 silly packumentCache full:https://registry.npmjs.org/@babel%2fhelper-validator-identifier set size:undefined disposed:false
336 http fetch GET 200 https://registry.npmjs.org/lru-cache 3509ms (cache miss)
337 silly packumentCache full:https://registry.npmjs.org/lru-cache set size:undefined disposed:false
338 silly placeDep ROOT @babel/helper-validator-identifier@7.29.7 OK for: @babel/code-frame@7.29.7 want: ^7.29.7
339 silly placeDep ROOT js-tokens@4.0.0 OK for: @babel/code-frame@7.29.7 want: ^4.0.0
340 silly placeDep ROOT picocolors@1.1.1 OK for: @babel/code-frame@7.29.7 want: ^1.1.1
341 silly placeDep ROOT @jridgewell/gen-mapping@0.3.13 OK for: @babel/generator@7.29.7 want: ^0.3.12
342 silly placeDep ROOT @jridgewell/trace-mapping@0.3.31 OK for: @babel/generator@7.29.7 want: ^0.3.28
343 silly placeDep ROOT jsesc@3.1.0 OK for: @babel/generator@7.29.7 want: ^3.0.2
344 silly fetch manifest @jridgewell/sourcemap-codec@^1.5.0
345 silly packumentCache full:https://registry.npmjs.org/@jridgewell%2fsourcemap-codec cache-miss
346 silly fetch manifest @jridgewell/resolve-uri@^3.1.0
347 silly packumentCache full:https://registry.npmjs.org/@jridgewell%2fresolve-uri cache-miss
348 silly fetch manifest @jridgewell/sourcemap-codec@^1.4.14
349 silly packumentCache full:https://registry.npmjs.org/@jridgewell%2fsourcemap-codec cache-miss
350 http fetch GET 200 https://registry.npmjs.org/@jridgewell%2fsourcemap-codec 273ms (cache miss)
351 silly packumentCache full:https://registry.npmjs.org/@jridgewell%2fsourcemap-codec set size:undefined disposed:false
352 http fetch GET 200 https://registry.npmjs.org/@jridgewell%2fsourcemap-codec 548ms (cache miss)
353 silly packumentCache full:https://registry.npmjs.org/@jridgewell%2fsourcemap-codec set size:undefined disposed:false
354 http fetch GET 200 https://registry.npmjs.org/@jridgewell%2fresolve-uri 855ms (cache miss)
355 silly packumentCache full:https://registry.npmjs.org/@jridgewell%2fresolve-uri set size:undefined disposed:false
356 silly placeDep ROOT @babel/compat-data@7.29.7 OK for: @babel/helper-compilation-targets@7.29.7 want: ^7.29.7
357 silly placeDep ROOT @babel/helper-validator-option@7.29.7 OK for: @babel/helper-compilation-targets@7.29.7 want: ^7.29.7
358 silly placeDep ROOT browserslist@4.28.2 OK for: @babel/helper-compilation-targets@7.29.7 want: ^4.24.0
359 silly placeDep ROOT lru-cache@5.1.1 OK for: @babel/helper-compilation-targets@7.29.7 want: ^5.1.1
360 silly fetch manifest baseline-browser-mapping@^2.10.12
361 silly packumentCache full:https://registry.npmjs.org/baseline-browser-mapping cache-miss
362 silly fetch manifest caniuse-lite@^1.0.30001782
363 silly packumentCache full:https://registry.npmjs.org/caniuse-lite cache-miss
364 silly fetch manifest electron-to-chromium@^1.5.328
365 silly packumentCache full:https://registry.npmjs.org/electron-to-chromium cache-miss
366 silly fetch manifest node-releases@^2.0.36
367 silly packumentCache full:https://registry.npmjs.org/node-releases cache-miss
368 silly fetch manifest update-browserslist-db@^1.2.3
369 silly packumentCache full:https://registry.npmjs.org/update-browserslist-db cache-miss
370 silly fetch manifest yallist@^3.0.2
371 silly packumentCache full:https://registry.npmjs.org/yallist cache-miss
372 http fetch GET 200 https://registry.npmjs.org/update-browserslist-db 463ms (cache miss)
373 silly packumentCache full:https://registry.npmjs.org/update-browserslist-db set size:undefined disposed:false
374 http fetch GET 200 https://registry.npmjs.org/yallist 491ms (cache miss)
375 silly packumentCache full:https://registry.npmjs.org/yallist set size:undefined disposed:false
376 http fetch GET 200 https://registry.npmjs.org/baseline-browser-mapping 1754ms (cache miss)
377 silly packumentCache full:https://registry.npmjs.org/baseline-browser-mapping set size:undefined disposed:false
378 http fetch GET 200 https://registry.npmjs.org/node-releases 3007ms (cache miss)
379 silly packumentCache full:https://registry.npmjs.org/node-releases set size:undefined disposed:false
380 http fetch GET 200 https://registry.npmjs.org/electron-to-chromium 4207ms (cache miss)
381 silly packumentCache full:https://registry.npmjs.org/electron-to-chromium set size:undefined disposed:false
382 http fetch GET 200 https://registry.npmjs.org/caniuse-lite 7755ms (cache miss)
383 silly packumentCache full:https://registry.npmjs.org/caniuse-lite set size:undefined disposed:false
384 silly placeDep ROOT @babel/helper-module-imports@7.29.7 OK for: @babel/helper-module-transforms@7.29.7 want: ^7.29.7
385 silly placeDep ROOT @babel/helper-plugin-utils@7.29.7 OK for: @babel/plugin-transform-react-jsx-self@7.29.7 want: ^7.29.7
386 silly placeDep ROOT @babel/helper-globals@7.29.7 OK for: @babel/traverse@7.29.7 want: ^7.29.7
387 silly placeDep ROOT @babel/helper-string-parser@7.29.7 OK for: @babel/types@7.29.7 want: ^7.29.7
388 silly placeDep ROOT @jridgewell/sourcemap-codec@1.5.5 OK for: @jridgewell/gen-mapping@0.3.13 want: ^1.5.0
389 silly placeDep ROOT @jridgewell/resolve-uri@3.1.2 OK for: @jridgewell/trace-mapping@0.3.31 want: ^3.1.0
390 silly placeDep ROOT @types/babel__generator@7.27.0 OK for: @types/babel__core@7.20.5 want: *
391 silly placeDep ROOT @types/babel__template@7.4.4 OK for: @types/babel__core@7.20.5 want: *
392 silly placeDep ROOT @types/babel__traverse@7.28.0 OK for: @types/babel__core@7.20.5 want: *
393 silly fetch manifest browserslist@>= 4.21.0
394 silly packumentCache full:https://registry.npmjs.org/browserslist cache-miss
395 http cache https://registry.npmjs.org/browserslist 5ms (cache hit)
396 silly packumentCache full:https://registry.npmjs.org/browserslist set size:504681 disposed:false
397 silly placeDep ROOT baseline-browser-mapping@2.10.33 OK for: browserslist@4.28.2 want: ^2.10.12
398 silly placeDep ROOT caniuse-lite@1.0.30001793 OK for: browserslist@4.28.2 want: ^1.0.30001782
399 silly placeDep ROOT electron-to-chromium@1.5.367 OK for: browserslist@4.28.2 want: ^1.5.328
400 silly placeDep ROOT node-releases@2.0.47 OK for: browserslist@4.28.2 want: ^2.0.36
401 silly placeDep ROOT update-browserslist-db@1.2.3 OK for: browserslist@4.28.2 want: ^1.2.3
402 silly fetch manifest escalade@^3.2.0
403 silly packumentCache full:https://registry.npmjs.org/escalade cache-miss
404 http fetch GET 200 https://registry.npmjs.org/escalade 405ms (cache miss)
405 silly packumentCache full:https://registry.npmjs.org/escalade set size:undefined disposed:false
406 silly placeDep ROOT ms@2.1.3 OK for: debug@4.4.3 want: ^2.1.3
407 silly placeDep ROOT yallist@3.1.1 OK for: lru-cache@5.1.1 want: ^3.0.2
408 silly placeDep ROOT loose-envify@1.4.0 OK for: react@18.3.1 want: ^1.1.0
409 silly placeDep ROOT scheduler@0.23.2 OK for: react-dom@18.3.1 want: ^0.23.2
410 silly placeDep ROOT escalade@3.2.0 OK for: update-browserslist-db@1.2.3 want: ^3.2.0
411 silly placeDep ROOT esbuild@0.21.5 OK for: vite@5.4.21 want: ^0.21.3
412 silly placeDep ROOT fsevents@2.3.3 OK for: vite@5.4.21 want: ~2.3.3
413 silly placeDep ROOT postcss@8.5.15 OK for: vite@5.4.21 want: ^8.4.43
414 silly placeDep ROOT rollup@4.61.0 OK for: vite@5.4.21 want: ^4.20.0
415 silly fetch manifest @esbuild/aix-ppc64@0.21.5
416 silly packumentCache full:https://registry.npmjs.org/@esbuild%2faix-ppc64 cache-miss
417 silly fetch manifest @esbuild/linux-arm@0.21.5
418 silly packumentCache full:https://registry.npmjs.org/@esbuild%2flinux-arm cache-miss
419 silly fetch manifest @esbuild/linux-x64@0.21.5
420 silly packumentCache full:https://registry.npmjs.org/@esbuild%2flinux-x64 cache-miss
421 silly fetch manifest @esbuild/sunos-x64@0.21.5
422 silly packumentCache full:https://registry.npmjs.org/@esbuild%2fsunos-x64 cache-miss
423 silly fetch manifest @esbuild/win32-x64@0.21.5
424 silly packumentCache full:https://registry.npmjs.org/@esbuild%2fwin32-x64 cache-miss
425 silly fetch manifest @esbuild/darwin-x64@0.21.5
426 silly packumentCache full:https://registry.npmjs.org/@esbuild%2fdarwin-x64 cache-miss
427 silly fetch manifest @esbuild/linux-ia32@0.21.5
428 silly packumentCache full:https://registry.npmjs.org/@esbuild%2flinux-ia32 cache-miss
429 http fetch GET 200 https://registry.npmjs.org/@esbuild%2faix-ppc64 503ms (cache miss)
430 silly packumentCache full:https://registry.npmjs.org/@esbuild%2faix-ppc64 set size:undefined disposed:false
431 silly fetch manifest @esbuild/netbsd-x64@0.21.5
432 silly packumentCache full:https://registry.npmjs.org/@esbuild%2fnetbsd-x64 cache-miss
433 http fetch GET 200 https://registry.npmjs.org/@esbuild%2flinux-arm 695ms (cache miss)
434 silly packumentCache full:https://registry.npmjs.org/@esbuild%2flinux-arm set size:undefined disposed:false
435 silly fetch manifest @esbuild/win32-ia32@0.21.5
436 silly packumentCache full:https://registry.npmjs.org/@esbuild%2fwin32-ia32 cache-miss
437 http fetch GET 200 https://registry.npmjs.org/@esbuild%2fdarwin-x64 1010ms (cache miss)
438 silly packumentCache full:https://registry.npmjs.org/@esbuild%2fdarwin-x64 set size:undefined disposed:false
439 silly fetch manifest @esbuild/android-arm@0.21.5
440 silly packumentCache full:https://registry.npmjs.org/@esbuild%2fandroid-arm cache-miss
441 http fetch GET 200 https://registry.npmjs.org/@esbuild%2flinux-x64 1239ms (cache miss)
442 silly packumentCache full:https://registry.npmjs.org/@esbuild%2flinux-x64 set size:undefined disposed:false
443 silly fetch manifest @esbuild/android-x64@0.21.5
444 silly packumentCache full:https://registry.npmjs.org/@esbuild%2fandroid-x64 cache-miss
445 http fetch GET 200 https://registry.npmjs.org/@esbuild%2fwin32-x64 1243ms (cache miss)
446 silly packumentCache full:https://registry.npmjs.org/@esbuild%2fwin32-x64 set size:undefined disposed:false
447 silly fetch manifest @esbuild/freebsd-x64@0.21.5
448 silly packumentCache full:https://registry.npmjs.org/@esbuild%2ffreebsd-x64 cache-miss
449 http fetch GET 200 https://registry.npmjs.org/@esbuild%2fnetbsd-x64 751ms (cache miss)
450 silly packumentCache full:https://registry.npmjs.org/@esbuild%2fnetbsd-x64 set size:undefined disposed:false
451 silly fetch manifest @esbuild/linux-arm64@0.21.5
452 silly packumentCache full:https://registry.npmjs.org/@esbuild%2flinux-arm64 cache-miss
453 http fetch GET 200 https://registry.npmjs.org/@esbuild%2flinux-ia32 1275ms (cache miss)
454 silly packumentCache full:https://registry.npmjs.org/@esbuild%2flinux-ia32 set size:undefined disposed:false
455 silly fetch manifest @esbuild/linux-ppc64@0.21.5
456 silly packumentCache full:https://registry.npmjs.org/@esbuild%2flinux-ppc64 cache-miss
457 http fetch GET 200 https://registry.npmjs.org/@esbuild%2fsunos-x64 1320ms (cache miss)
458 silly packumentCache full:https://registry.npmjs.org/@esbuild%2fsunos-x64 set size:undefined disposed:false
459 silly fetch manifest @esbuild/linux-s390x@0.21.5
460 silly packumentCache full:https://registry.npmjs.org/@esbuild%2flinux-s390x cache-miss
461 http fetch GET 200 https://registry.npmjs.org/@esbuild%2fwin32-ia32 832ms (cache miss)
462 silly packumentCache full:https://registry.npmjs.org/@esbuild%2fwin32-ia32 set size:undefined disposed:false
463 silly fetch manifest @esbuild/openbsd-x64@0.21.5
464 silly packumentCache full:https://registry.npmjs.org/@esbuild%2fopenbsd-x64 cache-miss
465 http fetch GET 200 https://registry.npmjs.org/@esbuild%2flinux-arm64 607ms (cache miss)
466 silly packumentCache full:https://registry.npmjs.org/@esbuild%2flinux-arm64 set size:undefined disposed:false
467 silly fetch manifest @esbuild/win32-arm64@0.21.5
468 silly packumentCache full:https://registry.npmjs.org/@esbuild%2fwin32-arm64 cache-miss
469 http fetch GET 200 https://registry.npmjs.org/@esbuild%2fandroid-arm 1084ms (cache miss)
470 silly packumentCache full:https://registry.npmjs.org/@esbuild%2fandroid-arm set size:undefined disposed:false
471 silly fetch manifest @esbuild/darwin-arm64@0.21.5
472 silly packumentCache full:https://registry.npmjs.org/@esbuild%2fdarwin-arm64 cache-miss
473 http fetch GET 200 https://registry.npmjs.org/@esbuild%2fandroid-x64 954ms (cache miss)
474 silly packumentCache full:https://registry.npmjs.org/@esbuild%2fandroid-x64 set size:undefined disposed:false
475 silly fetch manifest @esbuild/android-arm64@0.21.5
476 silly packumentCache full:https://registry.npmjs.org/@esbuild%2fandroid-arm64 cache-miss
477 http fetch GET 200 https://registry.npmjs.org/@esbuild%2fopenbsd-x64 875ms (cache miss)
478 silly packumentCache full:https://registry.npmjs.org/@esbuild%2fopenbsd-x64 set size:undefined disposed:false
479 silly fetch manifest @esbuild/freebsd-arm64@0.21.5
480 silly packumentCache full:https://registry.npmjs.org/@esbuild%2ffreebsd-arm64 cache-miss
481 http fetch GET 200 https://registry.npmjs.org/@esbuild%2flinux-s390x 1182ms (cache miss)
482 silly packumentCache full:https://registry.npmjs.org/@esbuild%2flinux-s390x set size:undefined disposed:false
483 silly fetch manifest @esbuild/linux-loong64@0.21.5
484 silly packumentCache full:https://registry.npmjs.org/@esbuild%2flinux-loong64 cache-miss
485 http fetch GET 200 https://registry.npmjs.org/@esbuild%2fdarwin-arm64 882ms (cache miss)
486 silly packumentCache full:https://registry.npmjs.org/@esbuild%2fdarwin-arm64 set size:undefined disposed:false
487 silly fetch manifest @esbuild/linux-riscv64@0.21.5
488 silly packumentCache full:https://registry.npmjs.org/@esbuild%2flinux-riscv64 cache-miss
489 http fetch GET 200 https://registry.npmjs.org/@esbuild%2fwin32-arm64 1149ms (cache miss)
490 silly packumentCache full:https://registry.npmjs.org/@esbuild%2fwin32-arm64 set size:undefined disposed:false
491 silly fetch manifest @esbuild/linux-mips64el@0.21.5
492 silly packumentCache full:https://registry.npmjs.org/@esbuild%2flinux-mips64el cache-miss
493 http fetch GET 200 https://registry.npmjs.org/@esbuild%2flinux-ppc64 1756ms (cache miss)
494 silly packumentCache full:https://registry.npmjs.org/@esbuild%2flinux-ppc64 set size:undefined disposed:false
495 silly fetch manifest nanoid@^3.3.12
496 silly packumentCache full:https://registry.npmjs.org/nanoid cache-miss
497 http fetch GET 200 https://registry.npmjs.org/@esbuild%2ffreebsd-arm64 1017ms (cache miss)
498 silly packumentCache full:https://registry.npmjs.org/@esbuild%2ffreebsd-arm64 set size:undefined disposed:false
499 silly fetch manifest source-map-js@^1.2.1
500 silly packumentCache full:https://registry.npmjs.org/source-map-js cache-miss
501 http fetch GET 200 https://registry.npmjs.org/@esbuild%2fandroid-arm64 1234ms (cache miss)
502 silly packumentCache full:https://registry.npmjs.org/@esbuild%2fandroid-arm64 set size:undefined disposed:false
503 silly fetch manifest @types/estree@1.0.9
504 silly packumentCache full:https://registry.npmjs.org/@types%2festree cache-miss
505 http fetch GET 200 https://registry.npmjs.org/@esbuild%2ffreebsd-x64 2232ms (cache miss)
506 silly packumentCache full:https://registry.npmjs.org/@esbuild%2ffreebsd-x64 set size:undefined disposed:false
507 silly fetch manifest @rollup/rollup-darwin-arm64@4.61.0
508 silly packumentCache full:https://registry.npmjs.org/@rollup%2frollup-darwin-arm64 cache-miss
509 http fetch GET 200 https://registry.npmjs.org/source-map-js 309ms (cache miss)
510 silly packumentCache full:https://registry.npmjs.org/source-map-js set size:undefined disposed:false
511 silly fetch manifest @rollup/rollup-android-arm64@4.61.0
512 silly packumentCache full:https://registry.npmjs.org/@rollup%2frollup-android-arm64 cache-miss
513 http fetch GET 200 https://registry.npmjs.org/@esbuild%2flinux-loong64 1392ms (cache miss)
514 silly packumentCache full:https://registry.npmjs.org/@esbuild%2flinux-loong64 set size:undefined disposed:false
515 silly fetch manifest @rollup/rollup-win32-arm64-msvc@4.61.0
516 silly packumentCache full:https://registry.npmjs.org/@rollup%2frollup-win32-arm64-msvc cache-miss
517 http fetch GET 200 https://registry.npmjs.org/@esbuild%2flinux-riscv64 974ms (cache miss)
518 silly packumentCache full:https://registry.npmjs.org/@esbuild%2flinux-riscv64 set size:undefined disposed:false
519 silly fetch manifest @rollup/rollup-freebsd-arm64@4.61.0
520 silly packumentCache full:https://registry.npmjs.org/@rollup%2frollup-freebsd-arm64 cache-miss
521 http fetch GET 200 https://registry.npmjs.org/@types%2festree 700ms (cache miss)
522 silly packumentCache full:https://registry.npmjs.org/@types%2festree set size:undefined disposed:false
523 silly fetch manifest @rollup/rollup-linux-arm64-gnu@4.61.0
524 silly packumentCache full:https://registry.npmjs.org/@rollup%2frollup-linux-arm64-gnu cache-miss
525 http fetch GET 200 https://registry.npmjs.org/@rollup%2frollup-darwin-arm64 912ms (cache miss)
526 silly packumentCache full:https://registry.npmjs.org/@rollup%2frollup-darwin-arm64 set size:undefined disposed:false
527 silly fetch manifest @rollup/rollup-linux-arm64-musl@4.61.0
528 silly packumentCache full:https://registry.npmjs.org/@rollup%2frollup-linux-arm64-musl cache-miss
529 http fetch GET 200 https://registry.npmjs.org/nanoid 1408ms (cache miss)
530 silly packumentCache full:https://registry.npmjs.org/nanoid set size:undefined disposed:false
531 silly fetch manifest @rollup/rollup-android-arm-eabi@4.61.0
532 silly packumentCache full:https://registry.npmjs.org/@rollup%2frollup-android-arm-eabi cache-miss
533 http fetch GET 200 https://registry.npmjs.org/@rollup%2frollup-android-arm64 748ms (cache miss)
534 silly packumentCache full:https://registry.npmjs.org/@rollup%2frollup-android-arm64 set size:undefined disposed:false
535 silly fetch manifest @rollup/rollup-linux-arm-gnueabihf@4.61.0
536 silly packumentCache full:https://registry.npmjs.org/@rollup%2frollup-linux-arm-gnueabihf cache-miss
537 http fetch GET 200 https://registry.npmjs.org/@rollup%2frollup-freebsd-arm64 742ms (cache miss)
538 silly packumentCache full:https://registry.npmjs.org/@rollup%2frollup-freebsd-arm64 set size:undefined disposed:false
539 silly fetch manifest @rollup/rollup-linux-arm-musleabihf@4.61.0
540 silly packumentCache full:https://registry.npmjs.org/@rollup%2frollup-linux-arm-musleabihf cache-miss
541 http fetch GET 200 https://registry.npmjs.org/@rollup%2frollup-linux-arm64-musl 645ms (cache miss)
542 silly packumentCache full:https://registry.npmjs.org/@rollup%2frollup-linux-arm64-musl set size:undefined disposed:false
543 silly fetch manifest @rollup/rollup-win32-ia32-msvc@4.61.0
544 silly packumentCache full:https://registry.npmjs.org/@rollup%2frollup-win32-ia32-msvc cache-miss
545 http fetch GET 200 https://registry.npmjs.org/@rollup%2frollup-win32-arm64-msvc 1346ms (cache miss)
546 silly packumentCache full:https://registry.npmjs.org/@rollup%2frollup-win32-arm64-msvc set size:undefined disposed:false
547 silly fetch manifest @rollup/rollup-linux-loong64-gnu@4.61.0
548 silly packumentCache full:https://registry.npmjs.org/@rollup%2frollup-linux-loong64-gnu cache-miss
549 http fetch GET 200 https://registry.npmjs.org/@esbuild%2flinux-mips64el 2274ms (cache miss)
550 silly packumentCache full:https://registry.npmjs.org/@esbuild%2flinux-mips64el set size:undefined disposed:false
551 silly fetch manifest @rollup/rollup-linux-loong64-musl@4.61.0
552 silly packumentCache full:https://registry.npmjs.org/@rollup%2frollup-linux-loong64-musl cache-miss
553 http fetch GET 200 https://registry.npmjs.org/@rollup%2frollup-linux-arm-gnueabihf 954ms (cache miss)
554 silly packumentCache full:https://registry.npmjs.org/@rollup%2frollup-linux-arm-gnueabihf set size:undefined disposed:false
555 silly fetch manifest @rollup/rollup-linux-riscv64-gnu@4.61.0
556 silly packumentCache full:https://registry.npmjs.org/@rollup%2frollup-linux-riscv64-gnu cache-miss
557 http fetch GET 200 https://registry.npmjs.org/@rollup%2frollup-linux-arm64-gnu 1393ms (cache miss)
558 silly packumentCache full:https://registry.npmjs.org/@rollup%2frollup-linux-arm64-gnu set size:undefined disposed:false
559 silly fetch manifest @rollup/rollup-linux-riscv64-musl@4.61.0
560 silly packumentCache full:https://registry.npmjs.org/@rollup%2frollup-linux-riscv64-musl cache-miss
561 http fetch GET 200 https://registry.npmjs.org/@rollup%2frollup-android-arm-eabi 1234ms (cache miss)
562 silly packumentCache full:https://registry.npmjs.org/@rollup%2frollup-android-arm-eabi set size:undefined disposed:false
563 silly fetch manifest @rollup/rollup-linux-ppc64-gnu@4.61.0
564 silly packumentCache full:https://registry.npmjs.org/@rollup%2frollup-linux-ppc64-gnu cache-miss
565 http fetch GET 200 https://registry.npmjs.org/@rollup%2frollup-win32-ia32-msvc 730ms (cache miss)
566 silly packumentCache full:https://registry.npmjs.org/@rollup%2frollup-win32-ia32-msvc set size:undefined disposed:false
567 silly fetch manifest @rollup/rollup-linux-ppc64-musl@4.61.0
568 silly packumentCache full:https://registry.npmjs.org/@rollup%2frollup-linux-ppc64-musl cache-miss
569 http fetch GET 200 https://registry.npmjs.org/@rollup%2frollup-linux-loong64-gnu 654ms (cache miss)
570 silly packumentCache full:https://registry.npmjs.org/@rollup%2frollup-linux-loong64-gnu set size:undefined disposed:false
571 silly fetch manifest @rollup/rollup-linux-s390x-gnu@4.61.0
572 silly packumentCache full:https://registry.npmjs.org/@rollup%2frollup-linux-s390x-gnu cache-miss
573 http fetch GET 200 https://registry.npmjs.org/@rollup%2frollup-linux-riscv64-gnu 731ms (cache miss)
574 silly packumentCache full:https://registry.npmjs.org/@rollup%2frollup-linux-riscv64-gnu set size:undefined disposed:false
575 silly fetch manifest @rollup/rollup-darwin-x64@4.61.0
576 silly packumentCache full:https://registry.npmjs.org/@rollup%2frollup-darwin-x64 cache-miss
577 http fetch GET 200 https://registry.npmjs.org/@rollup%2frollup-linux-loong64-musl 897ms (cache miss)
578 silly packumentCache full:https://registry.npmjs.org/@rollup%2frollup-linux-loong64-musl set size:undefined disposed:false
579 silly fetch manifest @rollup/rollup-win32-x64-gnu@4.61.0
580 silly packumentCache full:https://registry.npmjs.org/@rollup%2frollup-win32-x64-gnu cache-miss
581 http fetch GET 200 https://registry.npmjs.org/@rollup%2frollup-linux-riscv64-musl 911ms (cache miss)
582 silly packumentCache full:https://registry.npmjs.org/@rollup%2frollup-linux-riscv64-musl set size:undefined disposed:false
583 silly fetch manifest @rollup/rollup-win32-x64-msvc@4.61.0
584 silly packumentCache full:https://registry.npmjs.org/@rollup%2frollup-win32-x64-msvc cache-miss
585 http fetch GET 200 https://registry.npmjs.org/@rollup%2frollup-linux-ppc64-gnu 842ms (cache miss)
586 silly packumentCache full:https://registry.npmjs.org/@rollup%2frollup-linux-ppc64-gnu set size:undefined disposed:false
587 silly fetch manifest @rollup/rollup-freebsd-x64@4.61.0
588 silly packumentCache full:https://registry.npmjs.org/@rollup%2frollup-freebsd-x64 cache-miss
589 http fetch GET 200 https://registry.npmjs.org/@rollup%2frollup-linux-ppc64-musl 863ms (cache miss)
590 silly packumentCache full:https://registry.npmjs.org/@rollup%2frollup-linux-ppc64-musl set size:undefined disposed:false
591 silly fetch manifest @rollup/rollup-linux-x64-gnu@4.61.0
592 silly packumentCache full:https://registry.npmjs.org/@rollup%2frollup-linux-x64-gnu cache-miss
593 http fetch GET 200 https://registry.npmjs.org/@rollup%2frollup-win32-x64-gnu 543ms (cache miss)
594 silly packumentCache full:https://registry.npmjs.org/@rollup%2frollup-win32-x64-gnu set size:undefined disposed:false
595 silly fetch manifest @rollup/rollup-linux-x64-musl@4.61.0
596 silly packumentCache full:https://registry.npmjs.org/@rollup%2frollup-linux-x64-musl cache-miss
597 http fetch GET 200 https://registry.npmjs.org/@rollup%2frollup-linux-arm-musleabihf 2047ms (cache miss)
598 silly packumentCache full:https://registry.npmjs.org/@rollup%2frollup-linux-arm-musleabihf set size:undefined disposed:false
599 silly fetch manifest @rollup/rollup-openbsd-x64@4.61.0
600 silly packumentCache full:https://registry.npmjs.org/@rollup%2frollup-openbsd-x64 cache-miss
601 http fetch GET 200 https://registry.npmjs.org/@rollup%2frollup-linux-s390x-gnu 1105ms (cache miss)
602 silly packumentCache full:https://registry.npmjs.org/@rollup%2frollup-linux-s390x-gnu set size:undefined disposed:false
603 silly fetch manifest @rollup/rollup-openharmony-arm64@4.61.0
604 silly packumentCache full:https://registry.npmjs.org/@rollup%2frollup-openharmony-arm64 cache-miss
605 http fetch GET 200 https://registry.npmjs.org/@rollup%2frollup-darwin-x64 909ms (cache miss)
606 silly packumentCache full:https://registry.npmjs.org/@rollup%2frollup-darwin-x64 set size:undefined disposed:false
607 http fetch GET 200 https://registry.npmjs.org/@rollup%2frollup-openbsd-x64 334ms (cache miss)
608 silly packumentCache full:https://registry.npmjs.org/@rollup%2frollup-openbsd-x64 set size:undefined disposed:false
609 http fetch GET 200 https://registry.npmjs.org/@rollup%2frollup-freebsd-x64 895ms (cache miss)
610 silly packumentCache full:https://registry.npmjs.org/@rollup%2frollup-freebsd-x64 set size:undefined disposed:false
611 http fetch GET 200 https://registry.npmjs.org/@rollup%2frollup-openharmony-arm64 434ms (cache miss)
612 silly packumentCache full:https://registry.npmjs.org/@rollup%2frollup-openharmony-arm64 set size:undefined disposed:false
613 http fetch GET 200 https://registry.npmjs.org/@rollup%2frollup-linux-x64-gnu 874ms (cache miss)
614 silly packumentCache full:https://registry.npmjs.org/@rollup%2frollup-linux-x64-gnu set size:undefined disposed:false
615 http fetch GET 200 https://registry.npmjs.org/@rollup%2frollup-win32-x64-msvc 1189ms (cache miss)
616 silly packumentCache full:https://registry.npmjs.org/@rollup%2frollup-win32-x64-msvc set size:undefined disposed:false
617 http fetch GET 200 https://registry.npmjs.org/@rollup%2frollup-linux-x64-musl 1721ms (cache miss)
618 silly packumentCache full:https://registry.npmjs.org/@rollup%2frollup-linux-x64-musl set size:undefined disposed:false
619 silly placeDep ROOT @esbuild/aix-ppc64@0.21.5 OK for: esbuild@0.21.5 want: 0.21.5
620 silly placeDep ROOT @esbuild/android-arm@0.21.5 OK for: esbuild@0.21.5 want: 0.21.5
621 silly placeDep ROOT @esbuild/android-arm64@0.21.5 OK for: esbuild@0.21.5 want: 0.21.5
622 silly placeDep ROOT @esbuild/android-x64@0.21.5 OK for: esbuild@0.21.5 want: 0.21.5
623 silly placeDep ROOT @esbuild/darwin-arm64@0.21.5 OK for: esbuild@0.21.5 want: 0.21.5
624 silly placeDep ROOT @esbuild/darwin-x64@0.21.5 OK for: esbuild@0.21.5 want: 0.21.5
625 silly placeDep ROOT @esbuild/freebsd-arm64@0.21.5 OK for: esbuild@0.21.5 want: 0.21.5
626 silly placeDep ROOT @esbuild/freebsd-x64@0.21.5 OK for: esbuild@0.21.5 want: 0.21.5
627 silly placeDep ROOT @esbuild/linux-arm@0.21.5 OK for: esbuild@0.21.5 want: 0.21.5
628 silly placeDep ROOT @esbuild/linux-arm64@0.21.5 OK for: esbuild@0.21.5 want: 0.21.5
629 silly placeDep ROOT @esbuild/linux-ia32@0.21.5 OK for: esbuild@0.21.5 want: 0.21.5
630 silly placeDep ROOT @esbuild/linux-loong64@0.21.5 OK for: esbuild@0.21.5 want: 0.21.5
631 silly placeDep ROOT @esbuild/linux-mips64el@0.21.5 OK for: esbuild@0.21.5 want: 0.21.5
632 silly placeDep ROOT @esbuild/linux-ppc64@0.21.5 OK for: esbuild@0.21.5 want: 0.21.5
633 silly placeDep ROOT @esbuild/linux-riscv64@0.21.5 OK for: esbuild@0.21.5 want: 0.21.5
634 silly placeDep ROOT @esbuild/linux-s390x@0.21.5 OK for: esbuild@0.21.5 want: 0.21.5
635 silly placeDep ROOT @esbuild/linux-x64@0.21.5 OK for: esbuild@0.21.5 want: 0.21.5
636 silly placeDep ROOT @esbuild/netbsd-x64@0.21.5 OK for: esbuild@0.21.5 want: 0.21.5
637 silly placeDep ROOT @esbuild/openbsd-x64@0.21.5 OK for: esbuild@0.21.5 want: 0.21.5
638 silly placeDep ROOT @esbuild/sunos-x64@0.21.5 OK for: esbuild@0.21.5 want: 0.21.5
639 silly placeDep ROOT @esbuild/win32-arm64@0.21.5 OK for: esbuild@0.21.5 want: 0.21.5
640 silly placeDep ROOT @esbuild/win32-ia32@0.21.5 OK for: esbuild@0.21.5 want: 0.21.5
641 silly placeDep ROOT @esbuild/win32-x64@0.21.5 OK for: esbuild@0.21.5 want: 0.21.5
642 silly placeDep ROOT nanoid@3.3.12 OK for: postcss@8.5.15 want: ^3.3.12
643 silly placeDep ROOT source-map-js@1.2.1 OK for: postcss@8.5.15 want: ^1.2.1
644 silly placeDep ROOT @rollup/rollup-android-arm-eabi@4.61.0 OK for: rollup@4.61.0 want: 4.61.0
645 silly placeDep ROOT @rollup/rollup-android-arm64@4.61.0 OK for: rollup@4.61.0 want: 4.61.0
646 silly placeDep ROOT @rollup/rollup-darwin-arm64@4.61.0 OK for: rollup@4.61.0 want: 4.61.0
647 silly placeDep ROOT @rollup/rollup-darwin-x64@4.61.0 OK for: rollup@4.61.0 want: 4.61.0
648 silly placeDep ROOT @rollup/rollup-freebsd-arm64@4.61.0 OK for: rollup@4.61.0 want: 4.61.0
649 silly placeDep ROOT @rollup/rollup-freebsd-x64@4.61.0 OK for: rollup@4.61.0 want: 4.61.0
650 silly placeDep ROOT @rollup/rollup-linux-arm-gnueabihf@4.61.0 OK for: rollup@4.61.0 want: 4.61.0
651 silly placeDep ROOT @rollup/rollup-linux-arm-musleabihf@4.61.0 OK for: rollup@4.61.0 want: 4.61.0
652 silly placeDep ROOT @rollup/rollup-linux-arm64-gnu@4.61.0 OK for: rollup@4.61.0 want: 4.61.0
653 silly placeDep ROOT @rollup/rollup-linux-arm64-musl@4.61.0 OK for: rollup@4.61.0 want: 4.61.0
654 silly placeDep ROOT @rollup/rollup-linux-loong64-gnu@4.61.0 OK for: rollup@4.61.0 want: 4.61.0
655 silly placeDep ROOT @rollup/rollup-linux-loong64-musl@4.61.0 OK for: rollup@4.61.0 want: 4.61.0
656 silly placeDep ROOT @rollup/rollup-linux-ppc64-gnu@4.61.0 OK for: rollup@4.61.0 want: 4.61.0
657 silly placeDep ROOT @rollup/rollup-linux-ppc64-musl@4.61.0 OK for: rollup@4.61.0 want: 4.61.0
658 silly placeDep ROOT @rollup/rollup-linux-riscv64-gnu@4.61.0 OK for: rollup@4.61.0 want: 4.61.0
659 silly placeDep ROOT @rollup/rollup-linux-riscv64-musl@4.61.0 OK for: rollup@4.61.0 want: 4.61.0
660 silly placeDep ROOT @rollup/rollup-linux-s390x-gnu@4.61.0 OK for: rollup@4.61.0 want: 4.61.0
661 silly placeDep ROOT @rollup/rollup-linux-x64-gnu@4.61.0 OK for: rollup@4.61.0 want: 4.61.0
662 silly placeDep ROOT @rollup/rollup-linux-x64-musl@4.61.0 OK for: rollup@4.61.0 want: 4.61.0
663 silly placeDep ROOT @rollup/rollup-openbsd-x64@4.61.0 OK for: rollup@4.61.0 want: 4.61.0
664 silly placeDep ROOT @rollup/rollup-openharmony-arm64@4.61.0 OK for: rollup@4.61.0 want: 4.61.0
665 silly placeDep ROOT @rollup/rollup-win32-arm64-msvc@4.61.0 OK for: rollup@4.61.0 want: 4.61.0
666 silly placeDep ROOT @rollup/rollup-win32-ia32-msvc@4.61.0 OK for: rollup@4.61.0 want: 4.61.0
667 silly placeDep ROOT @rollup/rollup-win32-x64-gnu@4.61.0 OK for: rollup@4.61.0 want: 4.61.0
668 silly placeDep ROOT @rollup/rollup-win32-x64-msvc@4.61.0 OK for: rollup@4.61.0 want: 4.61.0
669 silly placeDep ROOT @types/estree@1.0.9 OK for: rollup@4.61.0 want: 1.0.9
670 silly reify moves {}
671 silly audit bulk request {
671 silly audit   '@types/react': [ '18.3.30' ],
671 silly audit   '@types/react-dom': [ '18.3.7' ],
671 silly audit   '@vitejs/plugin-react': [ '4.7.0' ],
671 silly audit   vite: [ '5.4.21' ],
671 silly audit   react: [ '18.3.1' ],
671 silly audit   'react-dom': [ '18.3.1' ],
671 silly audit   typescript: [ '5.9.3' ],
671 silly audit   '@types/prop-types': [ '15.7.15' ],
671 silly audit   csstype: [ '3.2.3' ],
671 silly audit   '@babel/core': [ '7.29.7' ],
671 silly audit   '@babel/plugin-transform-react-jsx-self': [ '7.29.7' ],
671 silly audit   '@babel/plugin-transform-react-jsx-source': [ '7.29.7' ],
671 silly audit   '@rolldown/pluginutils': [ '1.0.0-beta.27' ],
671 silly audit   '@types/babel__core': [ '7.20.5' ],
671 silly audit   'react-refresh': [ '0.17.0' ],
671 silly audit   '@babel/code-frame': [ '7.29.7' ],
671 silly audit   '@babel/generator': [ '7.29.7' ],
671 silly audit   '@babel/helper-compilation-targets': [ '7.29.7' ],
671 silly audit   '@babel/helper-module-transforms': [ '7.29.7' ],
671 silly audit   '@babel/helpers': [ '7.29.7' ],
671 silly audit   '@babel/parser': [ '7.29.7' ],
671 silly audit   '@babel/template': [ '7.29.7' ],
671 silly audit   '@babel/traverse': [ '7.29.7' ],
671 silly audit   '@babel/types': [ '7.29.7' ],
671 silly audit   '@jridgewell/remapping': [ '2.3.5' ],
671 silly audit   'convert-source-map': [ '2.0.0' ],
671 silly audit   debug: [ '4.4.3' ],
671 silly audit   gensync: [ '1.0.0-beta.2' ],
671 silly audit   json5: [ '2.2.3' ],
671 silly audit   semver: [ '6.3.1' ],
671 silly audit   '@babel/helper-validator-identifier': [ '7.29.7' ],
671 silly audit   'js-tokens': [ '4.0.0' ],
671 silly audit   picocolors: [ '1.1.1' ],
671 silly audit   '@jridgewell/gen-mapping': [ '0.3.13' ],
671 silly audit   '@jridgewell/trace-mapping': [ '0.3.31' ],
671 silly audit   jsesc: [ '3.1.0' ],
671 silly audit   '@babel/compat-data': [ '7.29.7' ],
671 silly audit   '@babel/helper-validator-option': [ '7.29.7' ],
671 silly audit   browserslist: [ '4.28.2' ],
671 silly audit   'lru-cache': [ '5.1.1' ],
671 silly audit   '@babel/helper-module-imports': [ '7.29.7' ],
671 silly audit   '@babel/helper-plugin-utils': [ '7.29.7' ],
671 silly audit   '@babel/helper-globals': [ '7.29.7' ],
671 silly audit   '@babel/helper-string-parser': [ '7.29.7' ],
671 silly audit   '@jridgewell/sourcemap-codec': [ '1.5.5' ],
671 silly audit   '@jridgewell/resolve-uri': [ '3.1.2' ],
671 silly audit   '@types/babel__generator': [ '7.27.0' ],
671 silly audit   '@types/babel__template': [ '7.4.4' ],
671 silly audit   '@types/babel__traverse': [ '7.28.0' ],
671 silly audit   'baseline-browser-mapping': [ '2.10.33' ],
671 silly audit   'caniuse-lite': [ '1.0.30001793' ],
671 silly audit   'electron-to-chromium': [ '1.5.367' ],
671 silly audit   'node-releases': [ '2.0.47' ],
671 silly audit   'update-browserslist-db': [ '1.2.3' ],
671 silly audit   ms: [ '2.1.3' ],
671 silly audit   yallist: [ '3.1.1' ],
671 silly audit   'loose-envify': [ '1.4.0' ],
671 silly audit   scheduler: [ '0.23.2' ],
671 silly audit   escalade: [ '3.2.0' ],
671 silly audit   esbuild: [ '0.21.5' ],
671 silly audit   fsevents: [ '2.3.3' ],
671 silly audit   postcss: [ '8.5.15' ],
671 silly audit   rollup: [ '4.61.0' ],
671 silly audit   '@esbuild/aix-ppc64': [ '0.21.5' ],
671 silly audit   '@esbuild/android-arm': [ '0.21.5' ],
671 silly audit   '@esbuild/android-arm64': [ '0.21.5' ],
671 silly audit   '@esbuild/android-x64': [ '0.21.5' ],
671 silly audit   '@esbuild/darwin-arm64': [ '0.21.5' ],
671 silly audit   '@esbuild/darwin-x64': [ '0.21.5' ],
671 silly audit   '@esbuild/freebsd-arm64': [ '0.21.5' ],
671 silly audit   '@esbuild/freebsd-x64': [ '0.21.5' ],
671 silly audit   '@esbuild/linux-arm': [ '0.21.5' ],
671 silly audit   '@esbuild/linux-arm64': [ '0.21.5' ],
671 silly audit   '@esbuild/linux-ia32': [ '0.21.5' ],
671 silly audit   '@esbuild/linux-loong64': [ '0.21.5' ],
671 silly audit   '@esbuild/linux-mips64el': [ '0.21.5' ],
671 silly audit   '@esbuild/linux-ppc64': [ '0.21.5' ],
671 silly audit   '@esbuild/linux-riscv64': [ '0.21.5' ],
671 silly audit   '@esbuild/linux-s390x': [ '0.21.5' ],
671 silly audit   '@esbuild/linux-x64': [ '0.21.5' ],
671 silly audit   '@esbuild/netbsd-x64': [ '0.21.5' ],
671 silly audit   '@esbuild/openbsd-x64': [ '0.21.5' ],
671 silly audit   '@esbuild/sunos-x64': [ '0.21.5' ],
671 silly audit   '@esbuild/win32-arm64': [ '0.21.5' ],
671 silly audit   '@esbuild/win32-ia32': [ '0.21.5' ],
671 silly audit   '@esbuild/win32-x64': [ '0.21.5' ],
671 silly audit   nanoid: [ '3.3.12' ],
671 silly audit   'source-map-js': [ '1.2.1' ],
671 silly audit   '@rollup/rollup-android-arm-eabi': [ '4.61.0' ],
671 silly audit   '@rollup/rollup-android-arm64': [ '4.61.0' ],
671 silly audit   '@rollup/rollup-darwin-arm64': [ '4.61.0' ],
671 silly audit   '@rollup/rollup-darwin-x64': [ '4.61.0' ],
671 silly audit   '@rollup/rollup-freebsd-arm64': [ '4.61.0' ],
671 silly audit   '@rollup/rollup-freebsd-x64': [ '4.61.0' ],
671 silly audit   '@rollup/rollup-linux-arm-gnueabihf': [ '4.61.0' ],
671 silly audit   '@rollup/rollup-linux-arm-musleabihf': [ '4.61.0' ],
671 silly audit   '@rollup/rollup-linux-arm64-gnu': [ '4.61.0' ],
671 silly audit   '@rollup/rollup-linux-arm64-musl': [ '4.61.0' ],
671 silly audit   '@rollup/rollup-linux-loong64-gnu': [ '4.61.0' ],
671 silly audit   '@rollup/rollup-linux-loong64-musl': [ '4.61.0' ],
671 silly audit   '@rollup/rollup-linux-ppc64-gnu': [ '4.61.0' ],
671 silly audit   '@rollup/rollup-linux-ppc64-musl': [ '4.61.0' ],
671 silly audit   '@rollup/rollup-linux-riscv64-gnu': [ '4.61.0' ],
671 silly audit   '@rollup/rollup-linux-riscv64-musl': [ '4.61.0' ],
671 silly audit   '@rollup/rollup-linux-s390x-gnu': [ '4.61.0' ],
671 silly audit   '@rollup/rollup-linux-x64-gnu': [ '4.61.0' ],
671 silly audit   '@rollup/rollup-linux-x64-musl': [ '4.61.0' ],
671 silly audit   '@rollup/rollup-openbsd-x64': [ '4.61.0' ],
671 silly audit   '@rollup/rollup-openharmony-arm64': [ '4.61.0' ],
671 silly audit   '@rollup/rollup-win32-arm64-msvc': [ '4.61.0' ],
671 silly audit   '@rollup/rollup-win32-ia32-msvc': [ '4.61.0' ],
671 silly audit   '@rollup/rollup-win32-x64-gnu': [ '4.61.0' ],
671 silly audit   '@rollup/rollup-win32-x64-msvc': [ '4.61.0' ],
671 silly audit   '@types/estree': [ '1.0.9' ]
671 silly audit }
672 http cache @types/estree@https://registry.npmjs.org/@types/estree/-/estree-1.0.9.tgz 0ms (cache hit)
673 http cache @rollup/rollup-darwin-arm64@https://registry.npmjs.org/@rollup/rollup-darwin-arm64/-/rollup-darwin-arm64-4.61.0.tgz 0ms (cache hit)
674 http cache source-map-js@https://registry.npmjs.org/source-map-js/-/source-map-js-1.2.1.tgz 1ms (cache hit)
675 http cache nanoid@https://registry.npmjs.org/nanoid/-/nanoid-3.3.12.tgz 0ms (cache hit)
676 http cache @esbuild/darwin-arm64@https://registry.npmjs.org/@esbuild/darwin-arm64/-/darwin-arm64-0.21.5.tgz 0ms (cache hit)
677 http cache rollup@https://registry.npmjs.org/rollup/-/rollup-4.61.0.tgz 0ms (cache hit)
678 http cache postcss@https://registry.npmjs.org/postcss/-/postcss-8.5.15.tgz 0ms (cache hit)
679 http cache fsevents@https://registry.npmjs.org/fsevents/-/fsevents-2.3.3.tgz 0ms (cache hit)
680 http cache esbuild@https://registry.npmjs.org/esbuild/-/esbuild-0.21.5.tgz 0ms (cache hit)
681 http cache escalade@https://registry.npmjs.org/escalade/-/escalade-3.2.0.tgz 0ms (cache hit)
682 http cache loose-envify@https://registry.npmjs.org/loose-envify/-/loose-envify-1.4.0.tgz 0ms (cache hit)
683 http cache scheduler@https://registry.npmjs.org/scheduler/-/scheduler-0.23.2.tgz 0ms (cache hit)
684 http cache yallist@https://registry.npmjs.org/yallist/-/yallist-3.1.1.tgz 0ms (cache hit)
685 http cache ms@https://registry.npmjs.org/ms/-/ms-2.1.3.tgz 0ms (cache hit)
686 http cache caniuse-lite@https://registry.npmjs.org/caniuse-lite/-/caniuse-lite-1.0.30001793.tgz 0ms (cache hit)
687 http cache baseline-browser-mapping@https://registry.npmjs.org/baseline-browser-mapping/-/baseline-browser-mapping-2.10.33.tgz 0ms (cache hit)
688 http cache electron-to-chromium@https://registry.npmjs.org/electron-to-chromium/-/electron-to-chromium-1.5.367.tgz 0ms (cache hit)
689 http cache node-releases@https://registry.npmjs.org/node-releases/-/node-releases-2.0.47.tgz 0ms (cache hit)
690 http cache @types/babel__template@https://registry.npmjs.org/@types/babel__template/-/babel__template-7.4.4.tgz 0ms (cache hit)
691 http cache update-browserslist-db@https://registry.npmjs.org/update-browserslist-db/-/update-browserslist-db-1.2.3.tgz 0ms (cache hit)
692 http cache @types/babel__generator@https://registry.npmjs.org/@types/babel__generator/-/babel__generator-7.27.0.tgz 0ms (cache hit)
693 http cache @jridgewell/resolve-uri@https://registry.npmjs.org/@jridgewell/resolve-uri/-/resolve-uri-3.1.2.tgz 0ms (cache hit)
694 http cache @types/babel__traverse@https://registry.npmjs.org/@types/babel__traverse/-/babel__traverse-7.28.0.tgz 0ms (cache hit)
695 http cache @jridgewell/sourcemap-codec@https://registry.npmjs.org/@jridgewell/sourcemap-codec/-/sourcemap-codec-1.5.5.tgz 0ms (cache hit)
696 http cache @babel/helper-string-parser@https://registry.npmjs.org/@babel/helper-string-parser/-/helper-string-parser-7.29.7.tgz 0ms (cache hit)
697 http cache @babel/helper-globals@https://registry.npmjs.org/@babel/helper-globals/-/helper-globals-7.29.7.tgz 0ms (cache hit)
698 http cache @babel/helper-plugin-utils@https://registry.npmjs.org/@babel/helper-plugin-utils/-/helper-plugin-utils-7.29.7.tgz 0ms (cache hit)
699 http cache @babel/helper-module-imports@https://registry.npmjs.org/@babel/helper-module-imports/-/helper-module-imports-7.29.7.tgz 0ms (cache hit)
700 http cache lru-cache@https://registry.npmjs.org/lru-cache/-/lru-cache-5.1.1.tgz 0ms (cache hit)
701 http cache browserslist@https://registry.npmjs.org/browserslist/-/browserslist-4.28.2.tgz 0ms (cache hit)
702 http cache @babel/helper-validator-option@https://registry.npmjs.org/@babel/helper-validator-option/-/helper-validator-option-7.29.7.tgz 0ms (cache hit)
703 http cache @babel/compat-data@https://registry.npmjs.org/@babel/compat-data/-/compat-data-7.29.7.tgz 0ms (cache hit)
704 http cache jsesc@https://registry.npmjs.org/jsesc/-/jsesc-3.1.0.tgz 0ms (cache hit)
705 http cache @jridgewell/trace-mapping@https://registry.npmjs.org/@jridgewell/trace-mapping/-/trace-mapping-0.3.31.tgz 0ms (cache hit)
706 http cache picocolors@https://registry.npmjs.org/picocolors/-/picocolors-1.1.1.tgz 0ms (cache hit)
707 http cache js-tokens@https://registry.npmjs.org/js-tokens/-/js-tokens-4.0.0.tgz 0ms (cache hit)
708 http cache semver@https://registry.npmjs.org/semver/-/semver-6.3.1.tgz 0ms (cache hit)
709 http cache json5@https://registry.npmjs.org/json5/-/json5-2.2.3.tgz 0ms (cache hit)
710 http cache @jridgewell/gen-mapping@https://registry.npmjs.org/@jridgewell/gen-mapping/-/gen-mapping-0.3.13.tgz 0ms (cache hit)
711 http cache debug@https://registry.npmjs.org/debug/-/debug-4.4.3.tgz 0ms (cache hit)
712 http cache @babel/helper-validator-identifier@https://registry.npmjs.org/@babel/helper-validator-identifier/-/helper-validator-identifier-7.29.7.tgz 0ms (cache hit)
713 http cache @jridgewell/remapping@https://registry.npmjs.org/@jridgewell/remapping/-/remapping-2.3.5.tgz 0ms (cache hit)
714 http cache gensync@https://registry.npmjs.org/gensync/-/gensync-1.0.0-beta.2.tgz 0ms (cache hit)
715 http cache convert-source-map@https://registry.npmjs.org/convert-source-map/-/convert-source-map-2.0.0.tgz 0ms (cache hit)
716 http cache @babel/types@https://registry.npmjs.org/@babel/types/-/types-7.29.7.tgz 0ms (cache hit)
717 http cache @babel/template@https://registry.npmjs.org/@babel/template/-/template-7.29.7.tgz 0ms (cache hit)
718 http cache @babel/parser@https://registry.npmjs.org/@babel/parser/-/parser-7.29.7.tgz 0ms (cache hit)
719 http cache @babel/helpers@https://registry.npmjs.org/@babel/helpers/-/helpers-7.29.7.tgz 0ms (cache hit)
720 http cache @babel/helper-module-transforms@https://registry.npmjs.org/@babel/helper-module-transforms/-/helper-module-transforms-7.29.7.tgz 0ms (cache hit)
721 http cache @babel/helper-compilation-targets@https://registry.npmjs.org/@babel/helper-compilation-targets/-/helper-compilation-targets-7.29.7.tgz 0ms (cache hit)
722 http cache @babel/generator@https://registry.npmjs.org/@babel/generator/-/generator-7.29.7.tgz 0ms (cache hit)
723 http cache @babel/traverse@https://registry.npmjs.org/@babel/traverse/-/traverse-7.29.7.tgz 0ms (cache hit)
724 http cache @babel/code-frame@https://registry.npmjs.org/@babel/code-frame/-/code-frame-7.29.7.tgz 0ms (cache hit)
725 http cache react-refresh@https://registry.npmjs.org/react-refresh/-/react-refresh-0.17.0.tgz 0ms (cache hit)
726 http cache @types/babel__core@https://registry.npmjs.org/@types/babel__core/-/babel__core-7.20.5.tgz 0ms (cache hit)
727 http cache @rolldown/pluginutils@https://registry.npmjs.org/@rolldown/pluginutils/-/pluginutils-1.0.0-beta.27.tgz 0ms (cache hit)
728 http cache @babel/plugin-transform-react-jsx-source@https://registry.npmjs.org/@babel/plugin-transform-react-jsx-source/-/plugin-transform-react-jsx-source-7.29.7.tgz 0ms (cache hit)
729 http cache @babel/plugin-transform-react-jsx-self@https://registry.npmjs.org/@babel/plugin-transform-react-jsx-self/-/plugin-transform-react-jsx-self-7.29.7.tgz 0ms (cache hit)
730 http cache @babel/core@https://registry.npmjs.org/@babel/core/-/core-7.29.7.tgz 0ms (cache hit)
731 http cache csstype@https://registry.npmjs.org/csstype/-/csstype-3.2.3.tgz 0ms (cache hit)
732 http cache @types/prop-types@https://registry.npmjs.org/@types/prop-types/-/prop-types-15.7.15.tgz 0ms (cache hit)
733 http cache typescript@https://registry.npmjs.org/typescript/-/typescript-5.9.3.tgz 1ms (cache hit)
734 http cache react@https://registry.npmjs.org/react/-/react-18.3.1.tgz 0ms (cache hit)
735 http cache react-dom@https://registry.npmjs.org/react-dom/-/react-dom-18.3.1.tgz 0ms (cache hit)
736 http cache vite@https://registry.npmjs.org/vite/-/vite-5.4.21.tgz 0ms (cache hit)
737 http cache @vitejs/plugin-react@https://registry.npmjs.org/@vitejs/plugin-react/-/plugin-react-4.7.0.tgz 0ms (cache hit)
738 http cache @types/react-dom@https://registry.npmjs.org/@types/react-dom/-/react-dom-18.3.7.tgz 0ms (cache hit)
739 http cache @types/react@https://registry.npmjs.org/@types/react/-/react-18.3.30.tgz 0ms (cache hit)
740 silly tarball no local data for @types/estree@https://registry.npmjs.org/@types/estree/-/estree-1.0.9.tgz. Extracting by manifest.
741 silly tarball no local data for @rollup/rollup-darwin-arm64@https://registry.npmjs.org/@rollup/rollup-darwin-arm64/-/rollup-darwin-arm64-4.61.0.tgz. Extracting by manifest.
742 silly tarball no local data for source-map-js@https://registry.npmjs.org/source-map-js/-/source-map-js-1.2.1.tgz. Extracting by manifest.
743 silly tarball no local data for nanoid@https://registry.npmjs.org/nanoid/-/nanoid-3.3.12.tgz. Extracting by manifest.
744 silly tarball no local data for @esbuild/darwin-arm64@https://registry.npmjs.org/@esbuild/darwin-arm64/-/darwin-arm64-0.21.5.tgz. Extracting by manifest.
745 silly tarball no local data for rollup@https://registry.npmjs.org/rollup/-/rollup-4.61.0.tgz. Extracting by manifest.
746 silly tarball no local data for postcss@https://registry.npmjs.org/postcss/-/postcss-8.5.15.tgz. Extracting by manifest.
747 silly tarball no local data for fsevents@https://registry.npmjs.org/fsevents/-/fsevents-2.3.3.tgz. Extracting by manifest.
748 silly tarball no local data for esbuild@https://registry.npmjs.org/esbuild/-/esbuild-0.21.5.tgz. Extracting by manifest.
749 silly tarball no local data for escalade@https://registry.npmjs.org/escalade/-/escalade-3.2.0.tgz. Extracting by manifest.
750 silly tarball no local data for loose-envify@https://registry.npmjs.org/loose-envify/-/loose-envify-1.4.0.tgz. Extracting by manifest.
751 silly tarball no local data for scheduler@https://registry.npmjs.org/scheduler/-/scheduler-0.23.2.tgz. Extracting by manifest.
752 silly tarball no local data for yallist@https://registry.npmjs.org/yallist/-/yallist-3.1.1.tgz. Extracting by manifest.
753 silly tarball no local data for ms@https://registry.npmjs.org/ms/-/ms-2.1.3.tgz. Extracting by manifest.
754 silly tarball no local data for caniuse-lite@https://registry.npmjs.org/caniuse-lite/-/caniuse-lite-1.0.30001793.tgz. Extracting by manifest.
755 silly tarball no local data for baseline-browser-mapping@https://registry.npmjs.org/baseline-browser-mapping/-/baseline-browser-mapping-2.10.33.tgz. Extracting by manifest.
756 silly tarball no local data for electron-to-chromium@https://registry.npmjs.org/electron-to-chromium/-/electron-to-chromium-1.5.367.tgz. Extracting by manifest.
757 silly tarball no local data for node-releases@https://registry.npmjs.org/node-releases/-/node-releases-2.0.47.tgz. Extracting by manifest.
758 silly tarball no local data for @types/babel__template@https://registry.npmjs.org/@types/babel__template/-/babel__template-7.4.4.tgz. Extracting by manifest.
759 silly tarball no local data for update-browserslist-db@https://registry.npmjs.org/update-browserslist-db/-/update-browserslist-db-1.2.3.tgz. Extracting by manifest.
760 silly tarball no local data for @types/babel__generator@https://registry.npmjs.org/@types/babel__generator/-/babel__generator-7.27.0.tgz. Extracting by manifest.
761 silly tarball no local data for @jridgewell/resolve-uri@https://registry.npmjs.org/@jridgewell/resolve-uri/-/resolve-uri-3.1.2.tgz. Extracting by manifest.
762 silly tarball no local data for @types/babel__traverse@https://registry.npmjs.org/@types/babel__traverse/-/babel__traverse-7.28.0.tgz. Extracting by manifest.
763 silly tarball no local data for @jridgewell/sourcemap-codec@https://registry.npmjs.org/@jridgewell/sourcemap-codec/-/sourcemap-codec-1.5.5.tgz. Extracting by manifest.
764 silly tarball no local data for @babel/helper-string-parser@https://registry.npmjs.org/@babel/helper-string-parser/-/helper-string-parser-7.29.7.tgz. Extracting by manifest.
765 silly tarball no local data for @babel/helper-globals@https://registry.npmjs.org/@babel/helper-globals/-/helper-globals-7.29.7.tgz. Extracting by manifest.
766 silly tarball no local data for @babel/helper-plugin-utils@https://registry.npmjs.org/@babel/helper-plugin-utils/-/helper-plugin-utils-7.29.7.tgz. Extracting by manifest.
767 silly tarball no local data for @babel/helper-module-imports@https://registry.npmjs.org/@babel/helper-module-imports/-/helper-module-imports-7.29.7.tgz. Extracting by manifest.
768 silly tarball no local data for lru-cache@https://registry.npmjs.org/lru-cache/-/lru-cache-5.1.1.tgz. Extracting by manifest.
769 silly tarball no local data for browserslist@https://registry.npmjs.org/browserslist/-/browserslist-4.28.2.tgz. Extracting by manifest.
770 silly tarball no local data for @babel/helper-validator-option@https://registry.npmjs.org/@babel/helper-validator-option/-/helper-validator-option-7.29.7.tgz. Extracting by manifest.
771 silly tarball no local data for @babel/compat-data@https://registry.npmjs.org/@babel/compat-data/-/compat-data-7.29.7.tgz. Extracting by manifest.
772 silly tarball no local data for jsesc@https://registry.npmjs.org/jsesc/-/jsesc-3.1.0.tgz. Extracting by manifest.
773 silly tarball no local data for @jridgewell/trace-mapping@https://registry.npmjs.org/@jridgewell/trace-mapping/-/trace-mapping-0.3.31.tgz. Extracting by manifest.
774 silly tarball no local data for picocolors@https://registry.npmjs.org/picocolors/-/picocolors-1.1.1.tgz. Extracting by manifest.
775 silly tarball no local data for js-tokens@https://registry.npmjs.org/js-tokens/-/js-tokens-4.0.0.tgz. Extracting by manifest.
776 silly tarball no local data for semver@https://registry.npmjs.org/semver/-/semver-6.3.1.tgz. Extracting by manifest.
777 silly tarball no local data for json5@https://registry.npmjs.org/json5/-/json5-2.2.3.tgz. Extracting by manifest.
778 silly tarball no local data for @jridgewell/gen-mapping@https://registry.npmjs.org/@jridgewell/gen-mapping/-/gen-mapping-0.3.13.tgz. Extracting by manifest.
779 silly tarball no local data for debug@https://registry.npmjs.org/debug/-/debug-4.4.3.tgz. Extracting by manifest.
780 silly tarball no local data for @babel/helper-validator-identifier@https://registry.npmjs.org/@babel/helper-validator-identifier/-/helper-validator-identifier-7.29.7.tgz. Extracting by manifest.
781 silly tarball no local data for @jridgewell/remapping@https://registry.npmjs.org/@jridgewell/remapping/-/remapping-2.3.5.tgz. Extracting by manifest.
782 silly tarball no local data for gensync@https://registry.npmjs.org/gensync/-/gensync-1.0.0-beta.2.tgz. Extracting by manifest.
783 silly tarball no local data for convert-source-map@https://registry.npmjs.org/convert-source-map/-/convert-source-map-2.0.0.tgz. Extracting by manifest.
784 silly tarball no local data for @babel/types@https://registry.npmjs.org/@babel/types/-/types-7.29.7.tgz. Extracting by manifest.
785 silly tarball no local data for @babel/template@https://registry.npmjs.org/@babel/template/-/template-7.29.7.tgz. Extracting by manifest.
786 silly tarball no local data for @babel/parser@https://registry.npmjs.org/@babel/parser/-/parser-7.29.7.tgz. Extracting by manifest.
787 silly tarball no local data for @babel/helpers@https://registry.npmjs.org/@babel/helpers/-/helpers-7.29.7.tgz. Extracting by manifest.
788 silly tarball no local data for @babel/helper-module-transforms@https://registry.npmjs.org/@babel/helper-module-transforms/-/helper-module-transforms-7.29.7.tgz. Extracting by manifest.
789 silly tarball no local data for @babel/helper-compilation-targets@https://registry.npmjs.org/@babel/helper-compilation-targets/-/helper-compilation-targets-7.29.7.tgz. Extracting by manifest.
790 silly tarball no local data for @babel/generator@https://registry.npmjs.org/@babel/generator/-/generator-7.29.7.tgz. Extracting by manifest.
791 silly tarball no local data for @babel/traverse@https://registry.npmjs.org/@babel/traverse/-/traverse-7.29.7.tgz. Extracting by manifest.
792 silly tarball no local data for @babel/code-frame@https://registry.npmjs.org/@babel/code-frame/-/code-frame-7.29.7.tgz. Extracting by manifest.
793 silly tarball no local data for react-refresh@https://registry.npmjs.org/react-refresh/-/react-refresh-0.17.0.tgz. Extracting by manifest.
794 silly tarball no local data for @types/babel__core@https://registry.npmjs.org/@types/babel__core/-/babel__core-7.20.5.tgz. Extracting by manifest.
795 silly tarball no local data for @rolldown/pluginutils@https://registry.npmjs.org/@rolldown/pluginutils/-/pluginutils-1.0.0-beta.27.tgz. Extracting by manifest.
796 silly tarball no local data for @babel/plugin-transform-react-jsx-source@https://registry.npmjs.org/@babel/plugin-transform-react-jsx-source/-/plugin-transform-react-jsx-source-7.29.7.tgz. Extracting by manifest.
797 silly tarball no local data for @babel/plugin-transform-react-jsx-self@https://registry.npmjs.org/@babel/plugin-transform-react-jsx-self/-/plugin-transform-react-jsx-self-7.29.7.tgz. Extracting by manifest.
798 silly tarball no local data for @babel/core@https://registry.npmjs.org/@babel/core/-/core-7.29.7.tgz. Extracting by manifest.
799 silly tarball no local data for csstype@https://registry.npmjs.org/csstype/-/csstype-3.2.3.tgz. Extracting by manifest.
800 silly tarball no local data for @types/prop-types@https://registry.npmjs.org/@types/prop-types/-/prop-types-15.7.15.tgz. Extracting by manifest.
801 silly tarball no local data for typescript@https://registry.npmjs.org/typescript/-/typescript-5.9.3.tgz. Extracting by manifest.
802 silly tarball no local data for react@https://registry.npmjs.org/react/-/react-18.3.1.tgz. Extracting by manifest.
803 silly tarball no local data for react-dom@https://registry.npmjs.org/react-dom/-/react-dom-18.3.1.tgz. Extracting by manifest.
804 silly tarball no local data for vite@https://registry.npmjs.org/vite/-/vite-5.4.21.tgz. Extracting by manifest.
805 silly tarball no local data for @vitejs/plugin-react@https://registry.npmjs.org/@vitejs/plugin-react/-/plugin-react-4.7.0.tgz. Extracting by manifest.
806 silly tarball no local data for @types/react-dom@https://registry.npmjs.org/@types/react-dom/-/react-dom-18.3.7.tgz. Extracting by manifest.
807 silly tarball no local data for @types/react@https://registry.npmjs.org/@types/react/-/react-18.3.30.tgz. Extracting by manifest.
808 http fetch GET 200 https://registry.npmjs.org/nanoid/-/nanoid-3.3.12.tgz 287ms (cache miss)
809 http fetch GET 200 https://registry.npmjs.org/@types/estree/-/estree-1.0.9.tgz 310ms (cache miss)
810 http fetch POST 200 https://registry.npmjs.org/-/npm/v1/security/advisories/bulk 958ms
811 silly audit report {
811 silly audit report   vite: [
811 silly audit report     {
811 silly audit report       id: 1116229,
811 silly audit report       url: 'https://github.com/advisories/GHSA-4w7w-66w2-5vf9',
811 silly audit report       title: 'Vite Vulnerable to Path Traversal in Optimized Deps `.map` Handling',
811 silly audit report       severity: 'moderate',
811 silly audit report       vulnerable_versions: '<=6.4.1',
811 silly audit report       cwe: [Array],
811 silly audit report       cvss: [Object]
811 silly audit report     }
811 silly audit report   ],
811 silly audit report   esbuild: [
811 silly audit report     {
811 silly audit report       id: 1102341,
811 silly audit report       url: 'https://github.com/advisories/GHSA-67mh-4wv8-2f99',
811 silly audit report       title: 'esbuild enables any website to send any requests to the development server and read the response',
811 silly audit report       severity: 'moderate',
811 silly audit report       vulnerable_versions: '<=0.24.2',
811 silly audit report       cwe: [Array],
811 silly audit report       cvss: [Object]
811 silly audit report     }
811 silly audit report   ]
811 silly audit report }
812 silly packumentCache corgi:https://registry.npmjs.org/vite cache-miss
813 silly packumentCache corgi:https://registry.npmjs.org/esbuild cache-miss
814 http fetch GET 200 https://registry.npmjs.org/escalade/-/escalade-3.2.0.tgz 973ms (cache miss)
815 http fetch GET 200 https://registry.npmjs.org/scheduler/-/scheduler-0.23.2.tgz 1004ms (cache miss)
816 http fetch GET 200 https://registry.npmjs.org/baseline-browser-mapping/-/baseline-browser-mapping-2.10.33.tgz 1173ms (cache miss)
817 http fetch GET 200 https://registry.npmjs.org/node-releases/-/node-releases-2.0.47.tgz 1200ms (cache miss)
818 http fetch GET 200 https://registry.npmjs.org/ms/-/ms-2.1.3.tgz 1201ms (cache miss)
819 http fetch GET 200 https://registry.npmjs.org/@types/babel__template/-/babel__template-7.4.4.tgz 1270ms (cache miss)
820 http fetch GET 200 https://registry.npmjs.org/@types/babel__generator/-/babel__generator-7.27.0.tgz 1435ms (cache miss)
821 http fetch GET 200 https://registry.npmjs.org/postcss/-/postcss-8.5.15.tgz 1570ms (cache miss)
822 http fetch GET 200 https://registry.npmjs.org/fsevents/-/fsevents-2.3.3.tgz 1591ms (cache miss)
823 http fetch GET 200 https://registry.npmjs.org/source-map-js/-/source-map-js-1.2.1.tgz 1650ms (cache miss)
824 http fetch GET 200 https://registry.npmjs.org/update-browserslist-db/-/update-browserslist-db-1.2.3.tgz 1689ms (cache miss)
825 http fetch GET 200 https://registry.npmjs.org/loose-envify/-/loose-envify-1.4.0.tgz 1798ms (cache miss)
826 http fetch GET 200 https://registry.npmjs.org/@babel/helper-plugin-utils/-/helper-plugin-utils-7.29.7.tgz 2263ms (cache miss)
827 http fetch GET 200 https://registry.npmjs.org/@babel/helper-globals/-/helper-globals-7.29.7.tgz 2270ms (cache miss)
828 http fetch GET 200 https://registry.npmjs.org/@types/babel__traverse/-/babel__traverse-7.28.0.tgz 2282ms (cache miss)
829 http fetch GET 200 https://registry.npmjs.org/@babel/helper-module-imports/-/helper-module-imports-7.29.7.tgz 2287ms (cache miss)
830 http fetch GET 200 https://registry.npmjs.org/@babel/helper-string-parser/-/helper-string-parser-7.29.7.tgz 2295ms (cache miss)
831 http fetch GET 200 https://registry.npmjs.org/electron-to-chromium/-/electron-to-chromium-1.5.367.tgz 2321ms (cache miss)
832 http fetch GET 200 https://registry.npmjs.org/lru-cache/-/lru-cache-5.1.1.tgz 2325ms (cache miss)
833 http fetch GET 200 https://registry.npmjs.org/@jridgewell/sourcemap-codec/-/sourcemap-codec-1.5.5.tgz 2340ms (cache miss)
834 http fetch GET 200 https://registry.npmjs.org/js-tokens/-/js-tokens-4.0.0.tgz 2514ms (cache miss)
835 http fetch GET 200 https://registry.npmjs.org/jsesc/-/jsesc-3.1.0.tgz 2584ms (cache miss)
836 http fetch GET 200 https://registry.npmjs.org/browserslist/-/browserslist-4.28.2.tgz 2595ms (cache miss)
837 http fetch GET 200 https://registry.npmjs.org/@babel/helper-validator-option/-/helper-validator-option-7.29.7.tgz 2609ms (cache miss)
838 http fetch GET 200 https://registry.npmjs.org/caniuse-lite/-/caniuse-lite-1.0.30001793.tgz 2633ms (cache miss)
839 http fetch GET 200 https://registry.npmjs.org/@jridgewell/resolve-uri/-/resolve-uri-3.1.2.tgz 2649ms (cache miss)
840 http fetch GET 200 https://registry.npmjs.org/@babel/compat-data/-/compat-data-7.29.7.tgz 2704ms (cache miss)
841 http fetch GET 200 https://registry.npmjs.org/esbuild/-/esbuild-0.21.5.tgz 2741ms (cache miss)
842 http fetch GET 200 https://registry.npmjs.org/picocolors/-/picocolors-1.1.1.tgz 2734ms (cache miss)
843 http fetch GET 200 https://registry.npmjs.org/yallist/-/yallist-3.1.1.tgz 2759ms (cache miss)
844 http fetch GET 200 https://registry.npmjs.org/semver/-/semver-6.3.1.tgz 2823ms (cache miss)
845 http fetch GET 200 https://registry.npmjs.org/convert-source-map/-/convert-source-map-2.0.0.tgz 3005ms (cache miss)
846 http fetch GET 200 https://registry.npmjs.org/gensync/-/gensync-1.0.0-beta.2.tgz 3152ms (cache miss)
847 http fetch GET 200 https://registry.npmjs.org/@jridgewell/trace-mapping/-/trace-mapping-0.3.31.tgz 3175ms (cache miss)
848 http fetch GET 200 https://registry.npmjs.org/json5/-/json5-2.2.3.tgz 3236ms (cache miss)
849 http fetch GET 200 https://registry.npmjs.org/@babel/template/-/template-7.29.7.tgz 3350ms (cache miss)
850 http fetch GET 200 https://registry.npmjs.org/@jridgewell/remapping/-/remapping-2.3.5.tgz 3462ms (cache miss)
851 http fetch GET 200 https://registry.npmjs.org/@babel/helper-validator-identifier/-/helper-validator-identifier-7.29.7.tgz 3577ms (cache miss)
852 http fetch GET 200 https://registry.npmjs.org/@babel/helper-compilation-targets/-/helper-compilation-targets-7.29.7.tgz 3668ms (cache miss)
853 http fetch GET 200 https://registry.npmjs.org/@babel/helper-module-transforms/-/helper-module-transforms-7.29.7.tgz 3671ms (cache miss)
854 http fetch GET 200 https://registry.npmjs.org/@jridgewell/gen-mapping/-/gen-mapping-0.3.13.tgz 3752ms (cache miss)
855 http fetch GET 200 https://registry.npmjs.org/@babel/code-frame/-/code-frame-7.29.7.tgz 3848ms (cache miss)
856 http fetch GET 200 https://registry.npmjs.org/@babel/types/-/types-7.29.7.tgz 3850ms (cache miss)
857 http fetch GET 200 https://registry.npmjs.org/debug/-/debug-4.4.3.tgz 3891ms (cache miss)
858 http fetch GET 200 https://registry.npmjs.org/@babel/plugin-transform-react-jsx-self/-/plugin-transform-react-jsx-self-7.29.7.tgz 4023ms (cache miss)
859 http fetch GET 200 https://registry.npmjs.org/react-refresh/-/react-refresh-0.17.0.tgz 4054ms (cache miss)
860 http fetch GET 200 https://registry.npmjs.org/@types/prop-types/-/prop-types-15.7.15.tgz 4165ms (cache miss)
861 http fetch GET 200 https://registry.npmjs.org/@rolldown/pluginutils/-/pluginutils-1.0.0-beta.27.tgz 4170ms (cache miss)
862 http fetch GET 200 https://registry.npmjs.org/@babel/generator/-/generator-7.29.7.tgz 4173ms (cache miss)
863 http fetch GET 200 https://registry.npmjs.org/@types/babel__core/-/babel__core-7.20.5.tgz 4293ms (cache miss)
864 http fetch GET 200 https://registry.npmjs.org/@babel/helpers/-/helpers-7.29.7.tgz 4333ms (cache miss)
865 http fetch GET 200 https://registry.npmjs.org/@babel/plugin-transform-react-jsx-source/-/plugin-transform-react-jsx-source-7.29.7.tgz 4339ms (cache miss)
866 http fetch GET 200 https://registry.npmjs.org/@babel/core/-/core-7.29.7.tgz 4404ms (cache miss)
867 http fetch GET 200 https://registry.npmjs.org/@types/react-dom/-/react-dom-18.3.7.tgz 4572ms (cache miss)
868 http fetch GET 200 https://registry.npmjs.org/rollup/-/rollup-4.61.0.tgz 4668ms (cache miss)
869 http fetch GET 200 https://registry.npmjs.org/@babel/parser/-/parser-7.29.7.tgz 5055ms (cache miss)
870 http fetch GET 200 https://registry.npmjs.org/react/-/react-18.3.1.tgz 5305ms (cache miss)
871 http fetch GET 200 https://registry.npmjs.org/@babel/traverse/-/traverse-7.29.7.tgz 5371ms (cache miss)
872 http fetch GET 200 https://registry.npmjs.org/esbuild 4474ms (cache miss)
873 silly packumentCache corgi:https://registry.npmjs.org/esbuild set size:undefined disposed:false
874 http fetch GET 200 https://registry.npmjs.org/@vitejs/plugin-react/-/plugin-react-4.7.0.tgz 5428ms (cache miss)
875 http fetch GET 200 https://registry.npmjs.org/@types/react/-/react-18.3.30.tgz 6187ms (cache miss)
876 http fetch GET 200 https://registry.npmjs.org/vite 5640ms (cache miss)
877 silly packumentCache corgi:https://registry.npmjs.org/vite set size:undefined disposed:false
878 silly packumentCache corgi:https://registry.npmjs.org/@vitejs%2fplugin-react cache-miss
879 http fetch GET 200 https://registry.npmjs.org/@vitejs%2fplugin-react 600ms (cache miss)
880 silly packumentCache corgi:https://registry.npmjs.org/@vitejs%2fplugin-react set size:undefined disposed:false
881 http fetch GET 200 https://registry.npmjs.org/csstype/-/csstype-3.2.3.tgz 8404ms (cache miss)
882 http fetch GET 200 https://registry.npmjs.org/react-dom/-/react-dom-18.3.1.tgz 9072ms (cache miss)
883 http fetch GET 200 https://registry.npmjs.org/@rollup/rollup-darwin-arm64/-/rollup-darwin-arm64-4.61.0.tgz 10601ms (cache miss)
884 http fetch GET 200 https://registry.npmjs.org/vite/-/vite-5.4.21.tgz 12886ms (cache miss)
885 http fetch GET 200 https://registry.npmjs.org/@esbuild/darwin-arm64/-/darwin-arm64-0.21.5.tgz 35816ms (cache miss)
886 http fetch GET 200 https://registry.npmjs.org/typescript/-/typescript-5.9.3.tgz 50306ms (cache miss)
887 info run fsevents@2.3.3 install node_modules/fsevents node-gyp rebuild
888 info run fsevents@2.3.3 install { code: 1, signal: null }
889 verbose reify failed optional dependency /Users/wuwenbo/Documents/trae_projects/SoloCode-20260601/sp37/controller/node_modules/fsevents
890 silly reify mark deleted [
890 silly reify   '/Users/wuwenbo/Documents/trae_projects/SoloCode-20260601/sp37/controller/node_modules/fsevents'
890 silly reify ]
891 info run esbuild@0.21.5 postinstall node_modules/esbuild node install.js
892 info run esbuild@0.21.5 postinstall { code: 0, signal: null }
893 silly ADD node_modules/@types/estree
894 silly ADD node_modules/@rollup/rollup-darwin-arm64
895 silly ADD node_modules/source-map-js
896 silly ADD node_modules/nanoid
897 silly ADD node_modules/@esbuild/darwin-arm64
898 silly ADD node_modules/rollup
899 silly ADD node_modules/postcss
900 silly ADD
901 silly ADD node_modules/esbuild
902 silly ADD node_modules/escalade
903 silly ADD node_modules/scheduler
904 silly ADD node_modules/loose-envify
905 silly ADD node_modules/yallist
906 silly ADD node_modules/ms
907 silly ADD node_modules/update-browserslist-db
908 silly ADD node_modules/node-releases
909 silly ADD node_modules/electron-to-chromium
910 silly ADD node_modules/caniuse-lite
911 silly ADD node_modules/baseline-browser-mapping
912 silly ADD node_modules/@types/babel__traverse
913 silly ADD node_modules/@types/babel__template
914 silly ADD node_modules/@types/babel__generator
915 silly ADD node_modules/@jridgewell/resolve-uri
916 silly ADD node_modules/@jridgewell/sourcemap-codec
917 silly ADD node_modules/@babel/helper-string-parser
918 silly ADD node_modules/@babel/helper-globals
919 silly ADD node_modules/@babel/helper-plugin-utils
920 silly ADD node_modules/@babel/helper-module-imports
921 silly ADD node_modules/lru-cache
922 silly ADD node_modules/browserslist
923 silly ADD node_modules/@babel/helper-validator-option
924 silly ADD node_modules/@babel/compat-data
925 silly ADD node_modules/jsesc
926 silly ADD node_modules/@jridgewell/trace-mapping
927 silly ADD node_modules/@jridgewell/gen-mapping
928 silly ADD node_modules/picocolors
929 silly ADD node_modules/js-tokens
930 silly ADD node_modules/@babel/helper-validator-identifier
931 silly ADD node_modules/semver
932 silly ADD node_modules/json5
933 silly ADD node_modules/gensync
934 silly ADD node_modules/debug
935 silly ADD node_modules/convert-source-map
936 silly ADD node_modules/@jridgewell/remapping
937 silly ADD node_modules/@babel/types
938 silly ADD node_modules/@babel/traverse
939 silly ADD node_modules/@babel/template
940 silly ADD node_modules/@babel/parser
941 silly ADD node_modules/@babel/helpers
942 silly ADD node_modules/@babel/helper-module-transforms
943 silly ADD node_modules/@babel/helper-compilation-targets
944 silly ADD node_modules/@babel/generator
945 silly ADD node_modules/@babel/code-frame
946 silly ADD node_modules/react-refresh
947 silly ADD node_modules/@types/babel__core
948 silly ADD node_modules/@rolldown/pluginutils
949 silly ADD node_modules/@babel/plugin-transform-react-jsx-source
950 silly ADD node_modules/@babel/plugin-transform-react-jsx-self
951 silly ADD node_modules/@babel/core
952 silly ADD node_modules/csstype
953 silly ADD node_modules/@types/prop-types
954 silly ADD node_modules/typescript
955 silly ADD node_modules/react-dom
956 silly ADD node_modules/react
957 silly ADD node_modules/vite
958 silly ADD node_modules/@vitejs/plugin-react
959 silly ADD node_modules/@types/react-dom
960 silly ADD node_modules/@types/react
961 verbose cwd /Users/wuwenbo/Documents/trae_projects/SoloCode-20260601/sp37/controller
962 verbose os Darwin 23.5.0
963 verbose node v24.12.0
964 verbose npm  v11.6.2
965 notice
965 notice New [33mminor[39m version of npm available! [33m11.6.2[39m -> [34m11.16.0[39m
965 notice Changelog: [34mhttps://github.com/npm/cli/releases/tag/v11.16.0[39m
965 notice To update run: [4mnpm install -g npm@11.16.0[24m
965 notice  { force: true, Symbol(proc-log.meta): true }
966 verbose exit 0
967 info ok
