0 verbose cli /usr/local/bin/node /usr/local/bin/npm
1 info using npm@11.6.2
2 info using node@v24.12.0
3 silly config load:file:/usr/local/lib/node_modules/npm/npmrc
4 silly config load:file:/Users/wuwenbo/Documents/trae_projects/SoloCode-20260601/sp37/client/.npmrc
5 silly config load:file:/Users/wuwenbo/.npmrc
6 verbose config error loading user config Error: EACCES: permission denied, open '/Users/wuwenbo/.npmrc'
6 verbose config     at async open (node:internal/fs/promises:642:25)
6 verbose config     at async readFile (node:internal/fs/promises:1279:14)
6 verbose config     at async #loadFile (/usr/local/lib/node_modules/npm/node_modules/@npmcli/config/lib/index.js:635:5)
6 verbose config     at async Config.load (/usr/local/lib/node_modules/npm/node_modules/@npmcli/config/lib/index.js:259:5)
6 verbose config     at async #load (/usr/local/lib/node_modules/npm/lib/npm.js:99:5)
6 verbose config     at async Npm.load (/usr/local/lib/node_modules/npm/lib/npm.js:81:14)
6 verbose config     at async module.exports (/usr/local/lib/node_modules/npm/lib/cli/entry.js:35:37) {
6 verbose config   errno: -13,
6 verbose config   code: 'EACCES',
6 verbose config   syscall: 'open',
6 verbose config   path: '/Users/wuwenbo/.npmrc'
6 verbose config }
7 silly config load:file:/usr/local/etc/npmrc
8 verbose title npm install
9 verbose argv "install" "--cache" ".npm-cache"
10 verbose logfile logs-max:10 dir:/Users/wuwenbo/Documents/trae_projects/SoloCode-20260601/sp37/client/.npm-cache/_logs/2026-06-04T05_11_46_948Z-
11 verbose logfile /Users/wuwenbo/Documents/trae_projects/SoloCode-20260601/sp37/client/.npm-cache/_logs/2026-06-04T05_11_46_948Z-debug-0.log
12 silly logfile done cleaning log files
13 silly packumentCache heap:4496293888 maxSize:1124073472 maxEntrySize:562036736
14 silly idealTree buildDeps
15 silly fetch manifest react@^18.2.0
16 silly packumentCache full:https://registry.npmjs.org/react cache-miss
17 http fetch GET 200 https://registry.npmjs.org/npm 2538ms
18 silly fetch manifest react-dom@^18.2.0
19 silly packumentCache full:https://registry.npmjs.org/react-dom cache-miss
20 http fetch GET 200 https://registry.npmjs.org/react-dom 2832ms (cache miss)
21 silly packumentCache full:https://registry.npmjs.org/react-dom set size:undefined disposed:false
22 silly fetch manifest react@^18.2.0
23 silly packumentCache full:https://registry.npmjs.org/react cache-miss
24 http fetch GET 200 https://registry.npmjs.org/react 3678ms (cache miss)
25 silly packumentCache full:https://registry.npmjs.org/react set size:undefined disposed:false
26 silly fetch manifest @types/react@^18.2.37
27 silly packumentCache full:https://registry.npmjs.org/@types%2freact cache-miss
28 http fetch GET 200 https://registry.npmjs.org/@types%2freact 1440ms (cache miss)
29 silly packumentCache full:https://registry.npmjs.org/@types%2freact set size:undefined disposed:false
30 silly fetch manifest @types/react-dom@^18.2.15
31 silly packumentCache full:https://registry.npmjs.org/@types%2freact-dom cache-miss
32 http fetch GET 200 https://registry.npmjs.org/@types%2freact-dom 1054ms (cache miss)
33 silly packumentCache full:https://registry.npmjs.org/@types%2freact-dom set size:undefined disposed:false
34 silly fetch manifest @vitejs/plugin-react@^4.2.0
35 silly packumentCache full:https://registry.npmjs.org/@vitejs%2fplugin-react cache-miss
36 http fetch GET 200 https://registry.npmjs.org/@vitejs%2fplugin-react 1127ms (cache miss)
37 silly packumentCache full:https://registry.npmjs.org/@vitejs%2fplugin-react set size:undefined disposed:false
38 silly fetch manifest vite@^5.0.0
39 silly packumentCache full:https://registry.npmjs.org/vite cache-miss
40 http fetch GET 200 https://registry.npmjs.org/vite 11800ms (cache miss)
41 silly packumentCache full:https://registry.npmjs.org/vite set size:undefined disposed:false
42 silly fetch manifest @types/node@^18.0.0 || >=20.0.0
43 silly packumentCache full:https://registry.npmjs.org/@types%2fnode cache-miss
44 http fetch GET 200 https://registry.npmjs.org/@types%2fnode 5913ms (cache miss)
45 silly packumentCache full:https://registry.npmjs.org/@types%2fnode set size:undefined disposed:false
46 silly fetch manifest less@*
47 silly packumentCache full:https://registry.npmjs.org/less cache-miss
48 http fetch GET 200 https://registry.npmjs.org/less 1408ms (cache miss)
49 silly packumentCache full:https://registry.npmjs.org/less set size:undefined disposed:false
50 silly fetch manifest lightningcss@^1.21.0
51 silly packumentCache full:https://registry.npmjs.org/lightningcss cache-miss
52 http fetch GET 200 https://registry.npmjs.org/lightningcss 556ms (cache miss)
53 silly packumentCache full:https://registry.npmjs.org/lightningcss set size:undefined disposed:false
54 silly fetch manifest sass@*
55 silly packumentCache full:https://registry.npmjs.org/sass cache-miss
56 http fetch GET 200 https://registry.npmjs.org/sass 1967ms (cache miss)
57 silly packumentCache full:https://registry.npmjs.org/sass set size:undefined disposed:false
58 silly fetch manifest sass-embedded@*
59 silly packumentCache full:https://registry.npmjs.org/sass-embedded cache-miss
60 http fetch GET 200 https://registry.npmjs.org/sass-embedded 1100ms (cache miss)
61 silly packumentCache full:https://registry.npmjs.org/sass-embedded set size:undefined disposed:false
62 silly fetch manifest stylus@*
63 silly packumentCache full:https://registry.npmjs.org/stylus cache-miss
64 http fetch GET 200 https://registry.npmjs.org/stylus 575ms (cache miss)
65 silly packumentCache full:https://registry.npmjs.org/stylus set size:undefined disposed:false
66 silly fetch manifest sugarss@*
67 silly packumentCache full:https://registry.npmjs.org/sugarss cache-miss
68 http fetch GET 200 https://registry.npmjs.org/sugarss 551ms (cache miss)
69 silly packumentCache full:https://registry.npmjs.org/sugarss set size:undefined disposed:false
70 silly fetch manifest postcss@^8.3.3
71 silly packumentCache full:https://registry.npmjs.org/postcss cache-miss
72 http fetch GET 200 https://registry.npmjs.org/postcss 1719ms (cache miss)
73 silly packumentCache full:https://registry.npmjs.org/postcss set size:undefined disposed:false
74 silly fetch manifest terser@^5.4.0
75 silly packumentCache full:https://registry.npmjs.org/terser cache-miss
76 http fetch GET 200 https://registry.npmjs.org/terser 2223ms (cache miss)
77 silly packumentCache full:https://registry.npmjs.org/terser set size:undefined disposed:false
78 silly fetch manifest typescript@^5.2.2
79 silly packumentCache full:https://registry.npmjs.org/typescript cache-miss
80 http fetch GET 200 https://registry.npmjs.org/typescript 17524ms (cache miss)
81 silly packumentCache full:https://registry.npmjs.org/typescript set size:undefined disposed:false
82 silly placeDep ROOT @types/react@18.3.30 OK for: remote-desktop-client@0.0.1 want: ^18.2.37
83 silly placeDep ROOT @types/react-dom@18.3.7 OK for: remote-desktop-client@0.0.1 want: ^18.2.15
84 silly placeDep ROOT @vitejs/plugin-react@4.7.0 OK for: remote-desktop-client@0.0.1 want: ^4.2.0
85 silly placeDep ROOT vite@5.4.21 OK for: @vitejs/plugin-react@4.7.0 want: ^4.2.0 || ^5.0.0 || ^6.0.0 || ^7.0.0
86 silly placeDep ROOT react@ OK for: remote-desktop-client@0.0.1 want: ^18.2.0
87 silly placeDep ROOT react-dom@18.3.1 OK for: remote-desktop-client@0.0.1 want: ^18.2.0
88 silly placeDep ROOT react@18.3.1 REPLACE for: react-dom@18.3.1 want: ^18.3.1
89 silly placeDep ROOT typescript@5.9.3 OK for: remote-desktop-client@0.0.1 want: ^5.2.2
90 silly fetch manifest csstype@^3.2.2
91 silly packumentCache full:https://registry.npmjs.org/csstype cache-miss
92 silly fetch manifest @types/prop-types@*
93 silly packumentCache full:https://registry.npmjs.org/@types%2fprop-types cache-miss
94 silly fetch manifest @babel/core@^7.28.0
95 silly packumentCache full:https://registry.npmjs.org/@babel%2fcore cache-miss
96 silly fetch manifest react-refresh@^0.17.0
97 silly packumentCache full:https://registry.npmjs.org/react-refresh cache-miss
98 silly fetch manifest @types/babel__core@^7.20.5
99 silly packumentCache full:https://registry.npmjs.org/@types%2fbabel__core cache-miss
100 silly fetch manifest @rolldown/pluginutils@1.0.0-beta.27
101 silly packumentCache full:https://registry.npmjs.org/@rolldown%2fpluginutils cache-miss
102 silly fetch manifest @babel/plugin-transform-react-jsx-self@^7.27.1
103 silly packumentCache full:https://registry.npmjs.org/@babel%2fplugin-transform-react-jsx-self cache-miss
104 http fetch GET 200 https://registry.npmjs.org/csstype 1326ms (cache miss)
105 silly packumentCache full:https://registry.npmjs.org/csstype set size:undefined disposed:false
106 silly fetch manifest @babel/plugin-transform-react-jsx-source@^7.27.1
107 silly packumentCache full:https://registry.npmjs.org/@babel%2fplugin-transform-react-jsx-source cache-miss
108 http fetch GET 200 https://registry.npmjs.org/@babel%2fplugin-transform-react-jsx-self 1335ms (cache miss)
109 silly packumentCache full:https://registry.npmjs.org/@babel%2fplugin-transform-react-jsx-self set size:undefined disposed:false
110 silly fetch manifest rollup@^4.20.0
111 silly packumentCache full:https://registry.npmjs.org/rollup cache-miss
112 http fetch GET 200 https://registry.npmjs.org/@types%2fbabel__core 1686ms (cache miss)
113 silly packumentCache full:https://registry.npmjs.org/@types%2fbabel__core set size:undefined disposed:false
114 silly fetch manifest esbuild@^0.21.3
115 silly packumentCache full:https://registry.npmjs.org/esbuild cache-miss
116 http fetch GET 200 https://registry.npmjs.org/@babel%2fplugin-transform-react-jsx-source 537ms (cache miss)
117 silly packumentCache full:https://registry.npmjs.org/@babel%2fplugin-transform-react-jsx-source set size:undefined disposed:false
118 silly fetch manifest postcss@^8.4.43
119 silly packumentCache full:https://registry.npmjs.org/postcss cache-miss
120 http cache https://registry.npmjs.org/postcss 10ms (cache hit)
121 silly packumentCache full:https://registry.npmjs.org/postcss set size:723316 disposed:false
122 silly fetch manifest fsevents@~2.3.3
123 silly packumentCache full:https://registry.npmjs.org/fsevents cache-miss
124 http fetch GET 200 https://registry.npmjs.org/@rolldown%2fpluginutils 2021ms (cache miss)
125 silly packumentCache full:https://registry.npmjs.org/@rolldown%2fpluginutils set size:undefined disposed:false
126 silly fetch manifest scheduler@^0.23.2
127 silly packumentCache full:https://registry.npmjs.org/scheduler cache-miss
128 http fetch GET 200 https://registry.npmjs.org/fsevents 454ms (cache miss)
129 silly packumentCache full:https://registry.npmjs.org/fsevents set size:undefined disposed:false
130 silly fetch manifest loose-envify@^1.1.0
131 silly packumentCache full:https://registry.npmjs.org/loose-envify cache-miss
132 http fetch GET 200 https://registry.npmjs.org/@babel%2fcore 2459ms (cache miss)
133 silly packumentCache full:https://registry.npmjs.org/@babel%2fcore set size:undefined disposed:false
134 silly fetch manifest loose-envify@^1.1.0
135 silly packumentCache full:https://registry.npmjs.org/loose-envify cache-miss
136 http fetch GET 200 https://registry.npmjs.org/loose-envify 245ms (cache miss)
137 silly packumentCache full:https://registry.npmjs.org/loose-envify set size:undefined disposed:false
138 http fetch GET 200 https://registry.npmjs.org/@types%2fprop-types 2860ms (cache miss)
139 silly packumentCache full:https://registry.npmjs.org/@types%2fprop-types set size:undefined disposed:false
140 http fetch GET 200 https://registry.npmjs.org/loose-envify 1008ms (cache miss)
141 silly packumentCache full:https://registry.npmjs.org/loose-envify set size:undefined disposed:false
142 http fetch GET 200 https://registry.npmjs.org/esbuild 2180ms (cache miss)
143 silly packumentCache full:https://registry.npmjs.org/esbuild set size:undefined disposed:false
144 http fetch GET 200 https://registry.npmjs.org/scheduler 2405ms (cache miss)
145 silly packumentCache full:https://registry.npmjs.org/scheduler set size:undefined disposed:false
146 http fetch GET 200 https://registry.npmjs.org/react-refresh 5359ms (cache miss)
147 silly packumentCache full:https://registry.npmjs.org/react-refresh set size:undefined disposed:false
148 http fetch GET 200 https://registry.npmjs.org/rollup 7422ms (cache miss)
149 silly packumentCache full:https://registry.npmjs.org/rollup set size:undefined disposed:false
150 silly placeDep ROOT @types/prop-types@15.7.15 OK for: @types/react@18.3.30 want: *
151 silly placeDep ROOT csstype@3.2.3 OK for: @types/react@18.3.30 want: ^3.2.2
152 silly placeDep ROOT @babel/core@7.29.7 OK for: @vitejs/plugin-react@4.7.0 want: ^7.28.0
153 silly placeDep ROOT @babel/plugin-transform-react-jsx-self@7.29.7 OK for: @vitejs/plugin-react@4.7.0 want: ^7.27.1
154 silly placeDep ROOT @babel/plugin-transform-react-jsx-source@7.29.7 OK for: @vitejs/plugin-react@4.7.0 want: ^7.27.1
155 silly placeDep ROOT @rolldown/pluginutils@1.0.0-beta.27 OK for: @vitejs/plugin-react@4.7.0 want: 1.0.0-beta.27
156 silly placeDep ROOT @types/babel__core@7.20.5 OK for: @vitejs/plugin-react@4.7.0 want: ^7.20.5
157 silly placeDep ROOT react-refresh@0.17.0 OK for: @vitejs/plugin-react@4.7.0 want: ^0.17.0
158 silly fetch manifest @babel/code-frame@^7.29.7
159 silly packumentCache full:https://registry.npmjs.org/@babel%2fcode-frame cache-miss
160 silly fetch manifest @babel/generator@^7.29.7
161 silly packumentCache full:https://registry.npmjs.org/@babel%2fgenerator cache-miss
162 silly fetch manifest @babel/helper-compilation-targets@^7.29.7
163 silly packumentCache full:https://registry.npmjs.org/@babel%2fhelper-compilation-targets cache-miss
164 silly fetch manifest @babel/helper-module-transforms@^7.29.7
165 silly packumentCache full:https://registry.npmjs.org/@babel%2fhelper-module-transforms cache-miss
166 silly fetch manifest @babel/helpers@^7.29.7
167 silly packumentCache full:https://registry.npmjs.org/@babel%2fhelpers cache-miss
168 silly fetch manifest @babel/parser@^7.29.7
169 silly packumentCache full:https://registry.npmjs.org/@babel%2fparser cache-miss
170 silly fetch manifest @babel/template@^7.29.7
171 silly packumentCache full:https://registry.npmjs.org/@babel%2ftemplate cache-miss
172 http fetch GET 200 https://registry.npmjs.org/@babel%2fcode-frame 528ms (cache miss)
173 silly packumentCache full:https://registry.npmjs.org/@babel%2fcode-frame set size:undefined disposed:false
174 silly fetch manifest @babel/traverse@^7.29.7
175 silly packumentCache full:https://registry.npmjs.org/@babel%2ftraverse cache-miss
176 http fetch GET 200 https://registry.npmjs.org/@babel%2fhelper-module-transforms 579ms (cache miss)
177 silly packumentCache full:https://registry.npmjs.org/@babel%2fhelper-module-transforms set size:undefined disposed:false
178 silly fetch manifest @babel/types@^7.29.7
179 silly packumentCache full:https://registry.npmjs.org/@babel%2ftypes cache-miss
180 http fetch GET 200 https://registry.npmjs.org/@babel%2fhelper-compilation-targets 682ms (cache miss)
181 silly packumentCache full:https://registry.npmjs.org/@babel%2fhelper-compilation-targets set size:undefined disposed:false
182 silly fetch manifest @jridgewell/remapping@^2.3.5
183 silly packumentCache full:https://registry.npmjs.org/@jridgewell%2fremapping cache-miss
184 http fetch GET 200 https://registry.npmjs.org/@babel%2fgenerator 742ms (cache miss)
185 silly packumentCache full:https://registry.npmjs.org/@babel%2fgenerator set size:undefined disposed:false
186 silly fetch manifest convert-source-map@^2.0.0
187 silly packumentCache full:https://registry.npmjs.org/convert-source-map cache-miss
188 http fetch GET 200 https://registry.npmjs.org/@babel%2fhelpers 760ms (cache miss)
189 silly packumentCache full:https://registry.npmjs.org/@babel%2fhelpers set size:undefined disposed:false
190 silly fetch manifest debug@^4.1.0
191 silly packumentCache full:https://registry.npmjs.org/debug cache-miss
192 http fetch GET 200 https://registry.npmjs.org/@babel%2ftemplate 891ms (cache miss)
193 silly packumentCache full:https://registry.npmjs.org/@babel%2ftemplate set size:undefined disposed:false
194 silly fetch manifest gensync@^1.0.0-beta.2
195 silly packumentCache full:https://registry.npmjs.org/gensync cache-miss
196 http fetch GET 200 https://registry.npmjs.org/@babel%2fparser 893ms (cache miss)
197 silly packumentCache full:https://registry.npmjs.org/@babel%2fparser set size:undefined disposed:false
198 silly fetch manifest json5@^2.2.3
199 silly packumentCache full:https://registry.npmjs.org/json5 cache-miss
200 http fetch GET 200 https://registry.npmjs.org/@jridgewell%2fremapping 298ms (cache miss)
201 silly packumentCache full:https://registry.npmjs.org/@jridgewell%2fremapping set size:undefined disposed:false
202 silly fetch manifest semver@^6.3.1
203 silly packumentCache full:https://registry.npmjs.org/semver cache-miss
204 http fetch GET 200 https://registry.npmjs.org/@babel%2ftypes 549ms (cache miss)
205 silly packumentCache full:https://registry.npmjs.org/@babel%2ftypes set size:undefined disposed:false
206 silly fetch manifest @babel/helper-plugin-utils@^7.29.7
207 silly packumentCache full:https://registry.npmjs.org/@babel%2fhelper-plugin-utils cache-miss
208 http fetch GET 200 https://registry.npmjs.org/gensync 315ms (cache miss)
209 silly packumentCache full:https://registry.npmjs.org/gensync set size:undefined disposed:false
210 silly fetch manifest @babel/helper-plugin-utils@^7.29.7
211 silly packumentCache full:https://registry.npmjs.org/@babel%2fhelper-plugin-utils cache-miss
212 http fetch GET 200 https://registry.npmjs.org/debug 490ms (cache miss)
213 silly packumentCache full:https://registry.npmjs.org/debug set size:undefined disposed:false
214 silly fetch manifest @babel/types@^7.20.7
215 silly packumentCache full:https://registry.npmjs.org/@babel%2ftypes cache-miss
216 http cache https://registry.npmjs.org/@babel%2ftypes 8ms (cache hit)
217 silly packumentCache full:https://registry.npmjs.org/@babel%2ftypes set size:496342 disposed:false
218 silly fetch manifest @babel/parser@^7.20.7
219 silly packumentCache full:https://registry.npmjs.org/@babel%2fparser cache-miss
220 http fetch GET 200 https://registry.npmjs.org/convert-source-map 519ms (cache miss)
221 silly packumentCache full:https://registry.npmjs.org/convert-source-map set size:undefined disposed:false
222 silly fetch manifest @types/babel__template@*
223 silly packumentCache full:https://registry.npmjs.org/@types%2fbabel__template cache-miss
224 http cache https://registry.npmjs.org/@babel%2fparser 3ms (cache hit)
225 silly packumentCache full:https://registry.npmjs.org/@babel%2fparser set size:730539 disposed:false
226 silly fetch manifest @types/babel__traverse@*
227 silly packumentCache full:https://registry.npmjs.org/@types%2fbabel__traverse cache-miss
228 http fetch GET 200 https://registry.npmjs.org/@babel%2ftraverse 949ms (cache miss)
229 silly packumentCache full:https://registry.npmjs.org/@babel%2ftraverse set size:undefined disposed:false
230 silly fetch manifest @types/babel__generator@*
231 silly packumentCache full:https://registry.npmjs.org/@types%2fbabel__generator cache-miss
232 http fetch GET 200 https://registry.npmjs.org/@babel%2fhelper-plugin-utils 508ms (cache miss)
233 silly packumentCache full:https://registry.npmjs.org/@babel%2fhelper-plugin-utils set size:undefined disposed:false
234 http fetch GET 200 https://registry.npmjs.org/semver 754ms (cache miss)
235 silly packumentCache full:https://registry.npmjs.org/semver set size:undefined disposed:false
236 http fetch GET 200 https://registry.npmjs.org/@types%2fbabel__generator 266ms (cache miss)
237 silly packumentCache full:https://registry.npmjs.org/@types%2fbabel__generator set size:undefined disposed:false
238 http fetch GET 200 https://registry.npmjs.org/json5 871ms (cache miss)
239 silly packumentCache full:https://registry.npmjs.org/json5 set size:undefined disposed:false
240 http fetch GET 200 https://registry.npmjs.org/@types%2fbabel__traverse 745ms (cache miss)
241 silly packumentCache full:https://registry.npmjs.org/@types%2fbabel__traverse set size:undefined disposed:false
242 http fetch GET 200 https://registry.npmjs.org/@types%2fbabel__template 896ms (cache miss)
243 silly packumentCache full:https://registry.npmjs.org/@types%2fbabel__template set size:undefined disposed:false
244 http fetch GET 200 https://registry.npmjs.org/@babel%2fhelper-plugin-utils 1135ms (cache miss)
245 silly packumentCache full:https://registry.npmjs.org/@babel%2fhelper-plugin-utils set size:undefined disposed:false
246 silly fetch manifest @babel/core@^7.0.0
247 silly packumentCache full:https://registry.npmjs.org/@babel%2fcore cache-miss
248 http cache https://registry.npmjs.org/@babel%2fcore 2ms (cache hit)
249 silly packumentCache full:https://registry.npmjs.org/@babel%2fcore set size:779631 disposed:false
250 silly placeDep ROOT @babel/code-frame@7.29.7 OK for: @babel/core@7.29.7 want: ^7.29.7
251 silly placeDep ROOT @babel/generator@7.29.7 OK for: @babel/core@7.29.7 want: ^7.29.7
252 silly placeDep ROOT @babel/helper-compilation-targets@7.29.7 OK for: @babel/core@7.29.7 want: ^7.29.7
253 silly placeDep ROOT @babel/helper-module-transforms@7.29.7 OK for: @babel/core@7.29.7 want: ^7.29.7
254 silly placeDep ROOT @babel/helpers@7.29.7 OK for: @babel/core@7.29.7 want: ^7.29.7
255 silly placeDep ROOT @babel/parser@7.29.7 OK for: @babel/core@7.29.7 want: ^7.29.7
256 silly placeDep ROOT @babel/template@7.29.7 OK for: @babel/core@7.29.7 want: ^7.29.7
257 silly placeDep ROOT @babel/traverse@7.29.7 OK for: @babel/core@7.29.7 want: ^7.29.7
258 silly placeDep ROOT @babel/types@7.29.7 OK for: @babel/core@7.29.7 want: ^7.29.7
259 silly placeDep ROOT @jridgewell/remapping@2.3.5 OK for: @babel/core@7.29.7 want: ^2.3.5
260 silly placeDep ROOT convert-source-map@2.0.0 OK for: @babel/core@7.29.7 want: ^2.0.0
261 silly placeDep ROOT debug@4.4.3 OK for: @babel/core@7.29.7 want: ^4.1.0
262 silly placeDep ROOT gensync@1.0.0-beta.2 OK for: @babel/core@7.29.7 want: ^1.0.0-beta.2
263 silly placeDep ROOT json5@2.2.3 OK for: @babel/core@7.29.7 want: ^2.2.3
264 silly placeDep ROOT semver@6.3.1 OK for: @babel/core@7.29.7 want: ^6.3.1
265 silly fetch manifest @babel/helper-validator-identifier@^7.29.7
266 silly packumentCache full:https://registry.npmjs.org/@babel%2fhelper-validator-identifier cache-miss
267 silly fetch manifest js-tokens@^4.0.0
268 silly packumentCache full:https://registry.npmjs.org/js-tokens cache-miss
269 silly fetch manifest picocolors@^1.1.1
270 silly packumentCache full:https://registry.npmjs.org/picocolors cache-miss
271 silly fetch manifest @jridgewell/gen-mapping@^0.3.12
272 silly packumentCache full:https://registry.npmjs.org/@jridgewell%2fgen-mapping cache-miss
273 silly fetch manifest @jridgewell/trace-mapping@^0.3.28
274 silly packumentCache full:https://registry.npmjs.org/@jridgewell%2ftrace-mapping cache-miss
275 silly fetch manifest jsesc@^3.0.2
276 silly packumentCache full:https://registry.npmjs.org/jsesc cache-miss
277 silly fetch manifest @babel/compat-data@^7.29.7
278 silly packumentCache full:https://registry.npmjs.org/@babel%2fcompat-data cache-miss
279 http fetch GET 200 https://registry.npmjs.org/picocolors 250ms (cache miss)
280 silly packumentCache full:https://registry.npmjs.org/picocolors set size:undefined disposed:false
281 silly fetch manifest @babel/helper-validator-option@^7.29.7
282 silly packumentCache full:https://registry.npmjs.org/@babel%2fhelper-validator-option cache-miss
283 http fetch GET 200 https://registry.npmjs.org/@babel%2fhelper-validator-identifier 313ms (cache miss)
284 silly packumentCache full:https://registry.npmjs.org/@babel%2fhelper-validator-identifier set size:undefined disposed:false
285 silly fetch manifest browserslist@^4.24.0
286 silly packumentCache full:https://registry.npmjs.org/browserslist cache-miss
287 http fetch GET 200 https://registry.npmjs.org/jsesc 464ms (cache miss)
288 silly packumentCache full:https://registry.npmjs.org/jsesc set size:undefined disposed:false
289 silly fetch manifest lru-cache@^5.1.1
290 silly packumentCache full:https://registry.npmjs.org/lru-cache cache-miss
291 http fetch GET 200 https://registry.npmjs.org/@jridgewell%2fgen-mapping 613ms (cache miss)
292 silly packumentCache full:https://registry.npmjs.org/@jridgewell%2fgen-mapping set size:undefined disposed:false
293 silly fetch manifest @babel/helper-module-imports@^7.29.7
294 silly packumentCache full:https://registry.npmjs.org/@babel%2fhelper-module-imports cache-miss
295 http fetch GET 200 https://registry.npmjs.org/js-tokens 639ms (cache miss)
296 silly packumentCache full:https://registry.npmjs.org/js-tokens set size:undefined disposed:false
297 silly fetch manifest @babel/helper-globals@^7.29.7
298 silly packumentCache full:https://registry.npmjs.org/@babel%2fhelper-globals cache-miss
299 http fetch GET 200 https://registry.npmjs.org/@jridgewell%2ftrace-mapping 654ms (cache miss)
300 silly packumentCache full:https://registry.npmjs.org/@jridgewell%2ftrace-mapping set size:undefined disposed:false
301 silly fetch manifest debug@^4.3.1
302 silly packumentCache full:https://registry.npmjs.org/debug cache-miss
303 http cache https://registry.npmjs.org/debug 2ms (cache hit)
304 silly packumentCache full:https://registry.npmjs.org/debug set size:195840 disposed:false
305 silly fetch manifest @babel/helper-string-parser@^7.29.7
306 silly packumentCache full:https://registry.npmjs.org/@babel%2fhelper-string-parser cache-miss
307 http fetch GET 200 https://registry.npmjs.org/@babel%2fhelper-validator-option 532ms (cache miss)
308 silly packumentCache full:https://registry.npmjs.org/@babel%2fhelper-validator-option set size:undefined disposed:false
309 silly fetch manifest @jridgewell/gen-mapping@^0.3.5
310 silly packumentCache full:https://registry.npmjs.org/@jridgewell%2fgen-mapping cache-miss
311 http cache https://registry.npmjs.org/@jridgewell%2fgen-mapping 7ms (cache hit)
312 silly packumentCache full:https://registry.npmjs.org/@jridgewell%2fgen-mapping set size:75941 disposed:false
313 silly fetch manifest @jridgewell/trace-mapping@^0.3.24
314 silly packumentCache full:https://registry.npmjs.org/@jridgewell%2ftrace-mapping cache-miss
315 http cache https://registry.npmjs.org/@jridgewell%2ftrace-mapping 3ms (cache hit)
316 silly packumentCache full:https://registry.npmjs.org/@jridgewell%2ftrace-mapping set size:170909 disposed:false
317 silly fetch manifest ms@^2.1.3
318 silly packumentCache full:https://registry.npmjs.org/ms cache-miss
319 http fetch GET 200 https://registry.npmjs.org/browserslist 656ms (cache miss)
320 silly packumentCache full:https://registry.npmjs.org/browserslist set size:undefined disposed:false
321 http fetch GET 200 https://registry.npmjs.org/@babel%2fcompat-data 1123ms (cache miss)
322 silly packumentCache full:https://registry.npmjs.org/@babel%2fcompat-data set size:undefined disposed:false
323 http fetch GET 200 https://registry.npmjs.org/ms 335ms (cache miss)
324 silly packumentCache full:https://registry.npmjs.org/ms set size:undefined disposed:false
325 http fetch GET 200 https://registry.npmjs.org/@babel%2fhelper-string-parser 557ms (cache miss)
326 silly packumentCache full:https://registry.npmjs.org/@babel%2fhelper-string-parser set size:undefined disposed:false
327 http fetch GET 200 https://registry.npmjs.org/@babel%2fhelper-globals 690ms (cache miss)
328 silly packumentCache full:https://registry.npmjs.org/@babel%2fhelper-globals set size:undefined disposed:false
329 http fetch GET 200 https://registry.npmjs.org/@babel%2fhelper-module-imports 969ms (cache miss)
330 silly packumentCache full:https://registry.npmjs.org/@babel%2fhelper-module-imports set size:undefined disposed:false
331 http fetch GET 200 https://registry.npmjs.org/lru-cache 1530ms (cache miss)
332 silly packumentCache full:https://registry.npmjs.org/lru-cache set size:undefined disposed:false
333 silly placeDep ROOT @babel/helper-validator-identifier@7.29.7 OK for: @babel/code-frame@7.29.7 want: ^7.29.7
334 silly placeDep ROOT js-tokens@4.0.0 OK for: @babel/code-frame@7.29.7 want: ^4.0.0
335 silly placeDep ROOT picocolors@1.1.1 OK for: @babel/code-frame@7.29.7 want: ^1.1.1
336 silly placeDep ROOT @jridgewell/gen-mapping@0.3.13 OK for: @babel/generator@7.29.7 want: ^0.3.12
337 silly placeDep ROOT @jridgewell/trace-mapping@0.3.31 OK for: @babel/generator@7.29.7 want: ^0.3.28
338 silly placeDep ROOT jsesc@3.1.0 OK for: @babel/generator@7.29.7 want: ^3.0.2
339 silly fetch manifest @jridgewell/sourcemap-codec@^1.5.0
340 silly packumentCache full:https://registry.npmjs.org/@jridgewell%2fsourcemap-codec cache-miss
341 silly fetch manifest @jridgewell/resolve-uri@^3.1.0
342 silly packumentCache full:https://registry.npmjs.org/@jridgewell%2fresolve-uri cache-miss
343 silly fetch manifest @jridgewell/sourcemap-codec@^1.4.14
344 silly packumentCache full:https://registry.npmjs.org/@jridgewell%2fsourcemap-codec cache-miss
345 http fetch GET 200 https://registry.npmjs.org/@jridgewell%2fsourcemap-codec 324ms (cache miss)
346 silly packumentCache full:https://registry.npmjs.org/@jridgewell%2fsourcemap-codec set size:undefined disposed:false
347 http fetch GET 200 https://registry.npmjs.org/@jridgewell%2fsourcemap-codec 505ms (cache miss)
348 silly packumentCache full:https://registry.npmjs.org/@jridgewell%2fsourcemap-codec set size:undefined disposed:false
349 http fetch GET 200 https://registry.npmjs.org/@jridgewell%2fresolve-uri 506ms (cache miss)
350 silly packumentCache full:https://registry.npmjs.org/@jridgewell%2fresolve-uri set size:undefined disposed:false
351 silly placeDep ROOT @babel/compat-data@7.29.7 OK for: @babel/helper-compilation-targets@7.29.7 want: ^7.29.7
352 silly placeDep ROOT @babel/helper-validator-option@7.29.7 OK for: @babel/helper-compilation-targets@7.29.7 want: ^7.29.7
353 silly placeDep ROOT browserslist@4.28.2 OK for: @babel/helper-compilation-targets@7.29.7 want: ^4.24.0
354 silly placeDep ROOT lru-cache@5.1.1 OK for: @babel/helper-compilation-targets@7.29.7 want: ^5.1.1
355 silly fetch manifest baseline-browser-mapping@^2.10.12
356 silly packumentCache full:https://registry.npmjs.org/baseline-browser-mapping cache-miss
357 silly fetch manifest caniuse-lite@^1.0.30001782
358 silly packumentCache full:https://registry.npmjs.org/caniuse-lite cache-miss
359 silly fetch manifest electron-to-chromium@^1.5.328
360 silly packumentCache full:https://registry.npmjs.org/electron-to-chromium cache-miss
361 silly fetch manifest node-releases@^2.0.36
362 silly packumentCache full:https://registry.npmjs.org/node-releases cache-miss
363 silly fetch manifest update-browserslist-db@^1.2.3
364 silly packumentCache full:https://registry.npmjs.org/update-browserslist-db cache-miss
365 silly fetch manifest yallist@^3.0.2
366 silly packumentCache full:https://registry.npmjs.org/yallist cache-miss
367 http fetch GET 200 https://registry.npmjs.org/yallist 538ms (cache miss)
368 silly packumentCache full:https://registry.npmjs.org/yallist set size:undefined disposed:false
369 http fetch GET 200 https://registry.npmjs.org/baseline-browser-mapping 585ms (cache miss)
370 silly packumentCache full:https://registry.npmjs.org/baseline-browser-mapping set size:undefined disposed:false
371 http fetch GET 200 https://registry.npmjs.org/update-browserslist-db 698ms (cache miss)
372 silly packumentCache full:https://registry.npmjs.org/update-browserslist-db set size:undefined disposed:false
373 http fetch GET 200 https://registry.npmjs.org/node-releases 1658ms (cache miss)
374 silly packumentCache full:https://registry.npmjs.org/node-releases set size:undefined disposed:false
375 http fetch GET 200 https://registry.npmjs.org/caniuse-lite 6785ms (cache miss)
376 silly packumentCache full:https://registry.npmjs.org/caniuse-lite set size:undefined disposed:false
377 http fetch GET 200 https://registry.npmjs.org/electron-to-chromium 10839ms (cache miss)
378 silly packumentCache full:https://registry.npmjs.org/electron-to-chromium set size:undefined disposed:false
379 silly placeDep ROOT @babel/helper-module-imports@7.29.7 OK for: @babel/helper-module-transforms@7.29.7 want: ^7.29.7
380 silly placeDep ROOT @babel/helper-plugin-utils@7.29.7 OK for: @babel/plugin-transform-react-jsx-self@7.29.7 want: ^7.29.7
381 silly placeDep ROOT @babel/helper-globals@7.29.7 OK for: @babel/traverse@7.29.7 want: ^7.29.7
382 silly placeDep ROOT @babel/helper-string-parser@7.29.7 OK for: @babel/types@7.29.7 want: ^7.29.7
383 silly placeDep ROOT @jridgewell/sourcemap-codec@1.5.5 OK for: @jridgewell/gen-mapping@0.3.13 want: ^1.5.0
384 silly placeDep ROOT @jridgewell/resolve-uri@3.1.2 OK for: @jridgewell/trace-mapping@0.3.31 want: ^3.1.0
385 silly placeDep ROOT @types/babel__generator@7.27.0 OK for: @types/babel__core@7.20.5 want: *
386 silly placeDep ROOT @types/babel__template@7.4.4 OK for: @types/babel__core@7.20.5 want: *
387 silly placeDep ROOT @types/babel__traverse@7.28.0 OK for: @types/babel__core@7.20.5 want: *
388 silly fetch manifest browserslist@>= 4.21.0
389 silly packumentCache full:https://registry.npmjs.org/browserslist cache-miss
390 http cache https://registry.npmjs.org/browserslist 7ms (cache hit)
391 silly packumentCache full:https://registry.npmjs.org/browserslist set size:504681 disposed:false
392 silly placeDep ROOT baseline-browser-mapping@2.10.33 OK for: browserslist@4.28.2 want: ^2.10.12
393 silly placeDep ROOT caniuse-lite@1.0.30001793 OK for: browserslist@4.28.2 want: ^1.0.30001782
394 silly placeDep ROOT electron-to-chromium@1.5.367 OK for: browserslist@4.28.2 want: ^1.5.328
395 silly placeDep ROOT node-releases@2.0.47 OK for: browserslist@4.28.2 want: ^2.0.36
396 silly placeDep ROOT update-browserslist-db@1.2.3 OK for: browserslist@4.28.2 want: ^1.2.3
397 silly fetch manifest escalade@^3.2.0
398 silly packumentCache full:https://registry.npmjs.org/escalade cache-miss
399 http fetch GET 200 https://registry.npmjs.org/escalade 575ms (cache miss)
400 silly packumentCache full:https://registry.npmjs.org/escalade set size:undefined disposed:false
401 silly placeDep ROOT ms@2.1.3 OK for: debug@4.4.3 want: ^2.1.3
402 silly placeDep ROOT yallist@3.1.1 OK for: lru-cache@5.1.1 want: ^3.0.2
403 silly placeDep ROOT loose-envify@1.4.0 OK for: react@18.3.1 want: ^1.1.0
404 silly placeDep ROOT scheduler@0.23.2 OK for: react-dom@18.3.1 want: ^0.23.2
405 silly placeDep ROOT escalade@3.2.0 OK for: update-browserslist-db@1.2.3 want: ^3.2.0
406 silly placeDep ROOT esbuild@0.21.5 OK for: vite@5.4.21 want: ^0.21.3
407 silly placeDep ROOT fsevents@2.3.3 OK for: vite@5.4.21 want: ~2.3.3
408 silly placeDep ROOT postcss@8.5.15 OK for: vite@5.4.21 want: ^8.4.43
409 silly placeDep ROOT rollup@4.61.0 OK for: vite@5.4.21 want: ^4.20.0
410 silly fetch manifest @esbuild/aix-ppc64@0.21.5
411 silly packumentCache full:https://registry.npmjs.org/@esbuild%2faix-ppc64 cache-miss
412 silly fetch manifest @esbuild/linux-arm@0.21.5
413 silly packumentCache full:https://registry.npmjs.org/@esbuild%2flinux-arm cache-miss
414 silly fetch manifest @esbuild/linux-x64@0.21.5
415 silly packumentCache full:https://registry.npmjs.org/@esbuild%2flinux-x64 cache-miss
416 silly fetch manifest @esbuild/sunos-x64@0.21.5
417 silly packumentCache full:https://registry.npmjs.org/@esbuild%2fsunos-x64 cache-miss
418 silly fetch manifest @esbuild/win32-x64@0.21.5
419 silly packumentCache full:https://registry.npmjs.org/@esbuild%2fwin32-x64 cache-miss
420 silly fetch manifest @esbuild/darwin-x64@0.21.5
421 silly packumentCache full:https://registry.npmjs.org/@esbuild%2fdarwin-x64 cache-miss
422 silly fetch manifest @esbuild/linux-ia32@0.21.5
423 silly packumentCache full:https://registry.npmjs.org/@esbuild%2flinux-ia32 cache-miss
424 http fetch GET 200 https://registry.npmjs.org/@esbuild%2fdarwin-x64 581ms (cache miss)
425 silly packumentCache full:https://registry.npmjs.org/@esbuild%2fdarwin-x64 set size:undefined disposed:false
426 silly fetch manifest @esbuild/netbsd-x64@0.21.5
427 silly packumentCache full:https://registry.npmjs.org/@esbuild%2fnetbsd-x64 cache-miss
428 http fetch GET 200 https://registry.npmjs.org/@esbuild%2flinux-arm 586ms (cache miss)
429 silly packumentCache full:https://registry.npmjs.org/@esbuild%2flinux-arm set size:undefined disposed:false
430 silly fetch manifest @esbuild/win32-ia32@0.21.5
431 silly packumentCache full:https://registry.npmjs.org/@esbuild%2fwin32-ia32 cache-miss
432 http fetch GET 200 https://registry.npmjs.org/@esbuild%2faix-ppc64 624ms (cache miss)
433 silly packumentCache full:https://registry.npmjs.org/@esbuild%2faix-ppc64 set size:undefined disposed:false
434 silly fetch manifest @esbuild/android-arm@0.21.5
435 silly packumentCache full:https://registry.npmjs.org/@esbuild%2fandroid-arm cache-miss
436 http fetch GET 200 https://registry.npmjs.org/@esbuild%2flinux-x64 889ms (cache miss)
437 silly packumentCache full:https://registry.npmjs.org/@esbuild%2flinux-x64 set size:undefined disposed:false
438 silly fetch manifest @esbuild/android-x64@0.21.5
439 silly packumentCache full:https://registry.npmjs.org/@esbuild%2fandroid-x64 cache-miss
440 http fetch GET 200 https://registry.npmjs.org/@esbuild%2flinux-ia32 981ms (cache miss)
441 silly packumentCache full:https://registry.npmjs.org/@esbuild%2flinux-ia32 set size:undefined disposed:false
442 silly fetch manifest @esbuild/freebsd-x64@0.21.5
443 silly packumentCache full:https://registry.npmjs.org/@esbuild%2ffreebsd-x64 cache-miss
444 http fetch GET 200 https://registry.npmjs.org/@esbuild%2fnetbsd-x64 566ms (cache miss)
445 silly packumentCache full:https://registry.npmjs.org/@esbuild%2fnetbsd-x64 set size:undefined disposed:false
446 silly fetch manifest @esbuild/linux-arm64@0.21.5
447 silly packumentCache full:https://registry.npmjs.org/@esbuild%2flinux-arm64 cache-miss
448 http fetch GET 200 https://registry.npmjs.org/@esbuild%2fwin32-x64 1172ms (cache miss)
449 silly packumentCache full:https://registry.npmjs.org/@esbuild%2fwin32-x64 set size:undefined disposed:false
450 silly fetch manifest @esbuild/linux-ppc64@0.21.5
451 silly packumentCache full:https://registry.npmjs.org/@esbuild%2flinux-ppc64 cache-miss
452 http fetch GET 200 https://registry.npmjs.org/@esbuild%2fwin32-ia32 909ms (cache miss)
453 silly packumentCache full:https://registry.npmjs.org/@esbuild%2fwin32-ia32 set size:undefined disposed:false
454 silly fetch manifest @esbuild/linux-s390x@0.21.5
455 silly packumentCache full:https://registry.npmjs.org/@esbuild%2flinux-s390x cache-miss
456 http fetch GET 200 https://registry.npmjs.org/@esbuild%2fandroid-x64 800ms (cache miss)
457 silly packumentCache full:https://registry.npmjs.org/@esbuild%2fandroid-x64 set size:undefined disposed:false
458 silly fetch manifest @esbuild/openbsd-x64@0.21.5
459 silly packumentCache full:https://registry.npmjs.org/@esbuild%2fopenbsd-x64 cache-miss
460 http fetch GET 200 https://registry.npmjs.org/@esbuild%2flinux-arm64 613ms (cache miss)
461 silly packumentCache full:https://registry.npmjs.org/@esbuild%2flinux-arm64 set size:undefined disposed:false
462 silly fetch manifest @esbuild/win32-arm64@0.21.5
463 silly packumentCache full:https://registry.npmjs.org/@esbuild%2fwin32-arm64 cache-miss
464 http fetch GET 200 https://registry.npmjs.org/@esbuild%2fandroid-arm 1370ms (cache miss)
465 silly packumentCache full:https://registry.npmjs.org/@esbuild%2fandroid-arm set size:undefined disposed:false
466 silly fetch manifest @esbuild/darwin-arm64@0.21.5
467 silly packumentCache full:https://registry.npmjs.org/@esbuild%2fdarwin-arm64 cache-miss
468 http fetch GET 200 https://registry.npmjs.org/@esbuild%2ffreebsd-x64 1067ms (cache miss)
469 silly packumentCache full:https://registry.npmjs.org/@esbuild%2ffreebsd-x64 set size:undefined disposed:false
470 silly fetch manifest @esbuild/android-arm64@0.21.5
471 silly packumentCache full:https://registry.npmjs.org/@esbuild%2fandroid-arm64 cache-miss
472 http fetch GET 200 https://registry.npmjs.org/@esbuild%2flinux-ppc64 1018ms (cache miss)
473 silly packumentCache full:https://registry.npmjs.org/@esbuild%2flinux-ppc64 set size:undefined disposed:false
474 silly fetch manifest @esbuild/freebsd-arm64@0.21.5
475 silly packumentCache full:https://registry.npmjs.org/@esbuild%2ffreebsd-arm64 cache-miss
476 http fetch GET 200 https://registry.npmjs.org/@esbuild%2fsunos-x64 2200ms (cache miss)
477 silly packumentCache full:https://registry.npmjs.org/@esbuild%2fsunos-x64 set size:undefined disposed:false
478 silly fetch manifest @esbuild/linux-loong64@0.21.5
479 silly packumentCache full:https://registry.npmjs.org/@esbuild%2flinux-loong64 cache-miss
480 http fetch GET 200 https://registry.npmjs.org/@esbuild%2fopenbsd-x64 634ms (cache miss)
481 silly packumentCache full:https://registry.npmjs.org/@esbuild%2fopenbsd-x64 set size:undefined disposed:false
482 silly fetch manifest @esbuild/linux-riscv64@0.21.5
483 silly packumentCache full:https://registry.npmjs.org/@esbuild%2flinux-riscv64 cache-miss
484 http fetch GET 200 https://registry.npmjs.org/@esbuild%2fwin32-arm64 593ms (cache miss)
485 silly packumentCache full:https://registry.npmjs.org/@esbuild%2fwin32-arm64 set size:undefined disposed:false
486 silly fetch manifest @esbuild/linux-mips64el@0.21.5
487 silly packumentCache full:https://registry.npmjs.org/@esbuild%2flinux-mips64el cache-miss
488 http fetch GET 200 https://registry.npmjs.org/@esbuild%2flinux-s390x 974ms (cache miss)
489 silly packumentCache full:https://registry.npmjs.org/@esbuild%2flinux-s390x set size:undefined disposed:false
490 silly fetch manifest nanoid@^3.3.12
491 silly packumentCache full:https://registry.npmjs.org/nanoid cache-miss
492 http fetch GET 200 https://registry.npmjs.org/@esbuild%2flinux-mips64el 564ms (cache miss)
493 silly packumentCache full:https://registry.npmjs.org/@esbuild%2flinux-mips64el set size:undefined disposed:false
494 silly fetch manifest source-map-js@^1.2.1
495 silly packumentCache full:https://registry.npmjs.org/source-map-js cache-miss
496 http fetch GET 200 https://registry.npmjs.org/@esbuild%2fandroid-arm64 1023ms (cache miss)
497 silly packumentCache full:https://registry.npmjs.org/@esbuild%2fandroid-arm64 set size:undefined disposed:false
498 silly fetch manifest @types/estree@1.0.9
499 silly packumentCache full:https://registry.npmjs.org/@types%2festree cache-miss
500 http fetch GET 200 https://registry.npmjs.org/@esbuild%2flinux-riscv64 793ms (cache miss)
501 silly packumentCache full:https://registry.npmjs.org/@esbuild%2flinux-riscv64 set size:undefined disposed:false
502 silly fetch manifest @rollup/rollup-darwin-arm64@4.61.0
503 silly packumentCache full:https://registry.npmjs.org/@rollup%2frollup-darwin-arm64 cache-miss
504 http fetch GET 200 https://registry.npmjs.org/@esbuild%2ffreebsd-arm64 965ms (cache miss)
505 silly packumentCache full:https://registry.npmjs.org/@esbuild%2ffreebsd-arm64 set size:undefined disposed:false
506 silly fetch manifest @rollup/rollup-android-arm64@4.61.0
507 silly packumentCache full:https://registry.npmjs.org/@rollup%2frollup-android-arm64 cache-miss
508 http fetch GET 200 https://registry.npmjs.org/nanoid 961ms (cache miss)
509 silly packumentCache full:https://registry.npmjs.org/nanoid set size:undefined disposed:false
510 silly fetch manifest @rollup/rollup-win32-arm64-msvc@4.61.0
511 silly packumentCache full:https://registry.npmjs.org/@rollup%2frollup-win32-arm64-msvc cache-miss
512 http fetch GET 200 https://registry.npmjs.org/source-map-js 539ms (cache miss)
513 silly packumentCache full:https://registry.npmjs.org/source-map-js set size:undefined disposed:false
514 silly fetch manifest @rollup/rollup-freebsd-arm64@4.61.0
515 silly packumentCache full:https://registry.npmjs.org/@rollup%2frollup-freebsd-arm64 cache-miss
516 http fetch GET 200 https://registry.npmjs.org/@types%2festree 410ms (cache miss)
517 silly packumentCache full:https://registry.npmjs.org/@types%2festree set size:undefined disposed:false
518 silly fetch manifest @rollup/rollup-linux-arm64-gnu@4.61.0
519 silly packumentCache full:https://registry.npmjs.org/@rollup%2frollup-linux-arm64-gnu cache-miss
520 http fetch GET 200 https://registry.npmjs.org/@esbuild%2fdarwin-arm64 1582ms (cache miss)
521 silly packumentCache full:https://registry.npmjs.org/@esbuild%2fdarwin-arm64 set size:undefined disposed:false
522 silly fetch manifest @rollup/rollup-linux-arm64-musl@4.61.0
523 silly packumentCache full:https://registry.npmjs.org/@rollup%2frollup-linux-arm64-musl cache-miss
524 http fetch GET 200 https://registry.npmjs.org/@rollup%2frollup-freebsd-arm64 404ms (cache miss)
525 silly packumentCache full:https://registry.npmjs.org/@rollup%2frollup-freebsd-arm64 set size:undefined disposed:false
526 silly fetch manifest @rollup/rollup-android-arm-eabi@4.61.0
527 silly packumentCache full:https://registry.npmjs.org/@rollup%2frollup-android-arm-eabi cache-miss
528 http fetch GET 200 https://registry.npmjs.org/@rollup%2frollup-darwin-arm64 819ms (cache miss)
529 silly packumentCache full:https://registry.npmjs.org/@rollup%2frollup-darwin-arm64 set size:undefined disposed:false
530 silly fetch manifest @rollup/rollup-linux-arm-gnueabihf@4.61.0
531 silly packumentCache full:https://registry.npmjs.org/@rollup%2frollup-linux-arm-gnueabihf cache-miss
532 http fetch GET 200 https://registry.npmjs.org/@rollup%2frollup-win32-arm64-msvc 692ms (cache miss)
533 silly packumentCache full:https://registry.npmjs.org/@rollup%2frollup-win32-arm64-msvc set size:undefined disposed:false
534 silly fetch manifest @rollup/rollup-linux-arm-musleabihf@4.61.0
535 silly packumentCache full:https://registry.npmjs.org/@rollup%2frollup-linux-arm-musleabihf cache-miss
536 http fetch GET 200 https://registry.npmjs.org/@rollup%2frollup-android-arm64 1189ms (cache miss)
537 silly packumentCache full:https://registry.npmjs.org/@rollup%2frollup-android-arm64 set size:undefined disposed:false
538 silly fetch manifest @rollup/rollup-win32-ia32-msvc@4.61.0
539 silly packumentCache full:https://registry.npmjs.org/@rollup%2frollup-win32-ia32-msvc cache-miss
540 http fetch GET 200 https://registry.npmjs.org/@rollup%2frollup-android-arm-eabi 691ms (cache miss)
541 silly packumentCache full:https://registry.npmjs.org/@rollup%2frollup-android-arm-eabi set size:undefined disposed:false
542 silly fetch manifest @rollup/rollup-linux-loong64-gnu@4.61.0
543 silly packumentCache full:https://registry.npmjs.org/@rollup%2frollup-linux-loong64-gnu cache-miss
544 http fetch GET 200 https://registry.npmjs.org/@esbuild%2flinux-loong64 2514ms (cache miss)
545 silly packumentCache full:https://registry.npmjs.org/@esbuild%2flinux-loong64 set size:undefined disposed:false
546 silly fetch manifest @rollup/rollup-linux-loong64-musl@4.61.0
547 silly packumentCache full:https://registry.npmjs.org/@rollup%2frollup-linux-loong64-musl cache-miss
548 http fetch GET 200 https://registry.npmjs.org/@rollup%2frollup-linux-arm-gnueabihf 900ms (cache miss)
549 silly packumentCache full:https://registry.npmjs.org/@rollup%2frollup-linux-arm-gnueabihf set size:undefined disposed:false
550 silly fetch manifest @rollup/rollup-linux-riscv64-gnu@4.61.0
551 silly packumentCache full:https://registry.npmjs.org/@rollup%2frollup-linux-riscv64-gnu cache-miss
552 http fetch GET 200 https://registry.npmjs.org/@rollup%2frollup-linux-arm64-musl 1392ms (cache miss)
553 silly packumentCache full:https://registry.npmjs.org/@rollup%2frollup-linux-arm64-musl set size:undefined disposed:false
554 silly fetch manifest @rollup/rollup-linux-riscv64-musl@4.61.0
555 silly packumentCache full:https://registry.npmjs.org/@rollup%2frollup-linux-riscv64-musl cache-miss
556 http fetch GET 200 https://registry.npmjs.org/@rollup%2frollup-linux-arm-musleabihf 881ms (cache miss)
557 silly packumentCache full:https://registry.npmjs.org/@rollup%2frollup-linux-arm-musleabihf set size:undefined disposed:false
558 silly fetch manifest @rollup/rollup-linux-ppc64-gnu@4.61.0
559 silly packumentCache full:https://registry.npmjs.org/@rollup%2frollup-linux-ppc64-gnu cache-miss
560 http fetch GET 200 https://registry.npmjs.org/@rollup%2frollup-linux-loong64-gnu 492ms (cache miss)
561 silly packumentCache full:https://registry.npmjs.org/@rollup%2frollup-linux-loong64-gnu set size:undefined disposed:false
562 silly fetch manifest @rollup/rollup-linux-ppc64-musl@4.61.0
563 silly packumentCache full:https://registry.npmjs.org/@rollup%2frollup-linux-ppc64-musl cache-miss
564 http fetch GET 200 https://registry.npmjs.org/@rollup%2frollup-linux-loong64-musl 567ms (cache miss)
565 silly packumentCache full:https://registry.npmjs.org/@rollup%2frollup-linux-loong64-musl set size:undefined disposed:false
566 silly fetch manifest @rollup/rollup-linux-s390x-gnu@4.61.0
567 silly packumentCache full:https://registry.npmjs.org/@rollup%2frollup-linux-s390x-gnu cache-miss
568 http fetch GET 200 https://registry.npmjs.org/@rollup%2frollup-win32-ia32-msvc 1096ms (cache miss)
569 silly packumentCache full:https://registry.npmjs.org/@rollup%2frollup-win32-ia32-msvc set size:undefined disposed:false
570 silly fetch manifest @rollup/rollup-darwin-x64@4.61.0
571 silly packumentCache full:https://registry.npmjs.org/@rollup%2frollup-darwin-x64 cache-miss
572 http fetch GET 200 https://registry.npmjs.org/@rollup%2frollup-linux-ppc64-musl 491ms (cache miss)
573 silly packumentCache full:https://registry.npmjs.org/@rollup%2frollup-linux-ppc64-musl set size:undefined disposed:false
574 silly fetch manifest @rollup/rollup-win32-x64-gnu@4.61.0
575 silly packumentCache full:https://registry.npmjs.org/@rollup%2frollup-win32-x64-gnu cache-miss
576 http fetch GET 200 https://registry.npmjs.org/@rollup%2frollup-linux-ppc64-gnu 536ms (cache miss)
577 silly packumentCache full:https://registry.npmjs.org/@rollup%2frollup-linux-ppc64-gnu set size:undefined disposed:false
578 silly fetch manifest @rollup/rollup-win32-x64-msvc@4.61.0
579 silly packumentCache full:https://registry.npmjs.org/@rollup%2frollup-win32-x64-msvc cache-miss
580 http fetch GET 200 https://registry.npmjs.org/@rollup%2frollup-linux-riscv64-gnu 978ms (cache miss)
581 silly packumentCache full:https://registry.npmjs.org/@rollup%2frollup-linux-riscv64-gnu set size:undefined disposed:false
582 silly fetch manifest @rollup/rollup-freebsd-x64@4.61.0
583 silly packumentCache full:https://registry.npmjs.org/@rollup%2frollup-freebsd-x64 cache-miss
584 http fetch GET 200 https://registry.npmjs.org/@rollup%2frollup-win32-x64-gnu 532ms (cache miss)
585 silly packumentCache full:https://registry.npmjs.org/@rollup%2frollup-win32-x64-gnu set size:undefined disposed:false
586 silly fetch manifest @rollup/rollup-linux-x64-gnu@4.61.0
587 silly packumentCache full:https://registry.npmjs.org/@rollup%2frollup-linux-x64-gnu cache-miss
588 http fetch GET 200 https://registry.npmjs.org/@rollup%2frollup-linux-arm64-gnu 2663ms (cache miss)
589 silly packumentCache full:https://registry.npmjs.org/@rollup%2frollup-linux-arm64-gnu set size:undefined disposed:false
590 silly fetch manifest @rollup/rollup-linux-x64-musl@4.61.0
591 silly packumentCache full:https://registry.npmjs.org/@rollup%2frollup-linux-x64-musl cache-miss
592 http fetch GET 200 https://registry.npmjs.org/@rollup%2frollup-win32-x64-msvc 794ms (cache miss)
593 silly packumentCache full:https://registry.npmjs.org/@rollup%2frollup-win32-x64-msvc set size:undefined disposed:false
594 silly fetch manifest @rollup/rollup-openbsd-x64@4.61.0
595 silly packumentCache full:https://registry.npmjs.org/@rollup%2frollup-openbsd-x64 cache-miss
596 http fetch GET 200 https://registry.npmjs.org/@rollup%2frollup-linux-s390x-gnu 1211ms (cache miss)
597 silly packumentCache full:https://registry.npmjs.org/@rollup%2frollup-linux-s390x-gnu set size:undefined disposed:false
598 silly fetch manifest @rollup/rollup-openharmony-arm64@4.61.0
599 silly packumentCache full:https://registry.npmjs.org/@rollup%2frollup-openharmony-arm64 cache-miss
600 http fetch GET 200 https://registry.npmjs.org/@rollup%2frollup-darwin-x64 1141ms (cache miss)
601 silly packumentCache full:https://registry.npmjs.org/@rollup%2frollup-darwin-x64 set size:undefined disposed:false
602 http fetch GET 200 https://registry.npmjs.org/@rollup%2frollup-openbsd-x64 286ms (cache miss)
603 silly packumentCache full:https://registry.npmjs.org/@rollup%2frollup-openbsd-x64 set size:undefined disposed:false
604 http fetch GET 200 https://registry.npmjs.org/@rollup%2frollup-linux-x64-gnu 678ms (cache miss)
605 silly packumentCache full:https://registry.npmjs.org/@rollup%2frollup-linux-x64-gnu set size:undefined disposed:false
606 http fetch GET 200 https://registry.npmjs.org/@rollup%2frollup-openharmony-arm64 558ms (cache miss)
607 silly packumentCache full:https://registry.npmjs.org/@rollup%2frollup-openharmony-arm64 set size:undefined disposed:false
608 http fetch GET 200 https://registry.npmjs.org/@rollup%2frollup-freebsd-x64 1274ms (cache miss)
609 silly packumentCache full:https://registry.npmjs.org/@rollup%2frollup-freebsd-x64 set size:undefined disposed:false
610 http fetch GET 200 https://registry.npmjs.org/@rollup%2frollup-linux-x64-musl 1346ms (cache miss)
611 silly packumentCache full:https://registry.npmjs.org/@rollup%2frollup-linux-x64-musl set size:undefined disposed:false
612 http fetch GET 200 https://registry.npmjs.org/@rollup%2frollup-linux-riscv64-musl 3829ms (cache miss)
613 silly packumentCache full:https://registry.npmjs.org/@rollup%2frollup-linux-riscv64-musl set size:undefined disposed:false
614 silly placeDep ROOT @esbuild/aix-ppc64@0.21.5 OK for: esbuild@0.21.5 want: 0.21.5
615 silly placeDep ROOT @esbuild/android-arm@0.21.5 OK for: esbuild@0.21.5 want: 0.21.5
616 silly placeDep ROOT @esbuild/android-arm64@0.21.5 OK for: esbuild@0.21.5 want: 0.21.5
617 silly placeDep ROOT @esbuild/android-x64@0.21.5 OK for: esbuild@0.21.5 want: 0.21.5
618 silly placeDep ROOT @esbuild/darwin-arm64@0.21.5 OK for: esbuild@0.21.5 want: 0.21.5
619 silly placeDep ROOT @esbuild/darwin-x64@0.21.5 OK for: esbuild@0.21.5 want: 0.21.5
620 silly placeDep ROOT @esbuild/freebsd-arm64@0.21.5 OK for: esbuild@0.21.5 want: 0.21.5
621 silly placeDep ROOT @esbuild/freebsd-x64@0.21.5 OK for: esbuild@0.21.5 want: 0.21.5
622 silly placeDep ROOT @esbuild/linux-arm@0.21.5 OK for: esbuild@0.21.5 want: 0.21.5
623 silly placeDep ROOT @esbuild/linux-arm64@0.21.5 OK for: esbuild@0.21.5 want: 0.21.5
624 silly placeDep ROOT @esbuild/linux-ia32@0.21.5 OK for: esbuild@0.21.5 want: 0.21.5
625 silly placeDep ROOT @esbuild/linux-loong64@0.21.5 OK for: esbuild@0.21.5 want: 0.21.5
626 silly placeDep ROOT @esbuild/linux-mips64el@0.21.5 OK for: esbuild@0.21.5 want: 0.21.5
627 silly placeDep ROOT @esbuild/linux-ppc64@0.21.5 OK for: esbuild@0.21.5 want: 0.21.5
628 silly placeDep ROOT @esbuild/linux-riscv64@0.21.5 OK for: esbuild@0.21.5 want: 0.21.5
629 silly placeDep ROOT @esbuild/linux-s390x@0.21.5 OK for: esbuild@0.21.5 want: 0.21.5
630 silly placeDep ROOT @esbuild/linux-x64@0.21.5 OK for: esbuild@0.21.5 want: 0.21.5
631 silly placeDep ROOT @esbuild/netbsd-x64@0.21.5 OK for: esbuild@0.21.5 want: 0.21.5
632 silly placeDep ROOT @esbuild/openbsd-x64@0.21.5 OK for: esbuild@0.21.5 want: 0.21.5
633 silly placeDep ROOT @esbuild/sunos-x64@0.21.5 OK for: esbuild@0.21.5 want: 0.21.5
634 silly placeDep ROOT @esbuild/win32-arm64@0.21.5 OK for: esbuild@0.21.5 want: 0.21.5
635 silly placeDep ROOT @esbuild/win32-ia32@0.21.5 OK for: esbuild@0.21.5 want: 0.21.5
636 silly placeDep ROOT @esbuild/win32-x64@0.21.5 OK for: esbuild@0.21.5 want: 0.21.5
637 silly placeDep ROOT nanoid@3.3.12 OK for: postcss@8.5.15 want: ^3.3.12
638 silly placeDep ROOT source-map-js@1.2.1 OK for: postcss@8.5.15 want: ^1.2.1
639 silly placeDep ROOT @rollup/rollup-android-arm-eabi@4.61.0 OK for: rollup@4.61.0 want: 4.61.0
640 silly placeDep ROOT @rollup/rollup-android-arm64@4.61.0 OK for: rollup@4.61.0 want: 4.61.0
641 silly placeDep ROOT @rollup/rollup-darwin-arm64@4.61.0 OK for: rollup@4.61.0 want: 4.61.0
642 silly placeDep ROOT @rollup/rollup-darwin-x64@4.61.0 OK for: rollup@4.61.0 want: 4.61.0
643 silly placeDep ROOT @rollup/rollup-freebsd-arm64@4.61.0 OK for: rollup@4.61.0 want: 4.61.0
644 silly placeDep ROOT @rollup/rollup-freebsd-x64@4.61.0 OK for: rollup@4.61.0 want: 4.61.0
645 silly placeDep ROOT @rollup/rollup-linux-arm-gnueabihf@4.61.0 OK for: rollup@4.61.0 want: 4.61.0
646 silly placeDep ROOT @rollup/rollup-linux-arm-musleabihf@4.61.0 OK for: rollup@4.61.0 want: 4.61.0
647 silly placeDep ROOT @rollup/rollup-linux-arm64-gnu@4.61.0 OK for: rollup@4.61.0 want: 4.61.0
648 silly placeDep ROOT @rollup/rollup-linux-arm64-musl@4.61.0 OK for: rollup@4.61.0 want: 4.61.0
649 silly placeDep ROOT @rollup/rollup-linux-loong64-gnu@4.61.0 OK for: rollup@4.61.0 want: 4.61.0
650 silly placeDep ROOT @rollup/rollup-linux-loong64-musl@4.61.0 OK for: rollup@4.61.0 want: 4.61.0
651 silly placeDep ROOT @rollup/rollup-linux-ppc64-gnu@4.61.0 OK for: rollup@4.61.0 want: 4.61.0
652 silly placeDep ROOT @rollup/rollup-linux-ppc64-musl@4.61.0 OK for: rollup@4.61.0 want: 4.61.0
653 silly placeDep ROOT @rollup/rollup-linux-riscv64-gnu@4.61.0 OK for: rollup@4.61.0 want: 4.61.0
654 silly placeDep ROOT @rollup/rollup-linux-riscv64-musl@4.61.0 OK for: rollup@4.61.0 want: 4.61.0
655 silly placeDep ROOT @rollup/rollup-linux-s390x-gnu@4.61.0 OK for: rollup@4.61.0 want: 4.61.0
656 silly placeDep ROOT @rollup/rollup-linux-x64-gnu@4.61.0 OK for: rollup@4.61.0 want: 4.61.0
657 silly placeDep ROOT @rollup/rollup-linux-x64-musl@4.61.0 OK for: rollup@4.61.0 want: 4.61.0
658 silly placeDep ROOT @rollup/rollup-openbsd-x64@4.61.0 OK for: rollup@4.61.0 want: 4.61.0
659 silly placeDep ROOT @rollup/rollup-openharmony-arm64@4.61.0 OK for: rollup@4.61.0 want: 4.61.0
660 silly placeDep ROOT @rollup/rollup-win32-arm64-msvc@4.61.0 OK for: rollup@4.61.0 want: 4.61.0
661 silly placeDep ROOT @rollup/rollup-win32-ia32-msvc@4.61.0 OK for: rollup@4.61.0 want: 4.61.0
662 silly placeDep ROOT @rollup/rollup-win32-x64-gnu@4.61.0 OK for: rollup@4.61.0 want: 4.61.0
663 silly placeDep ROOT @rollup/rollup-win32-x64-msvc@4.61.0 OK for: rollup@4.61.0 want: 4.61.0
664 silly placeDep ROOT @types/estree@1.0.9 OK for: rollup@4.61.0 want: 1.0.9
665 silly reify moves {}
666 silly audit bulk request {
666 silly audit   '@types/react': [ '18.3.30' ],
666 silly audit   '@types/react-dom': [ '18.3.7' ],
666 silly audit   '@vitejs/plugin-react': [ '4.7.0' ],
666 silly audit   vite: [ '5.4.21' ],
666 silly audit   'react-dom': [ '18.3.1' ],
666 silly audit   react: [ '18.3.1' ],
666 silly audit   typescript: [ '5.9.3' ],
666 silly audit   '@types/prop-types': [ '15.7.15' ],
666 silly audit   csstype: [ '3.2.3' ],
666 silly audit   '@babel/core': [ '7.29.7' ],
666 silly audit   '@babel/plugin-transform-react-jsx-self': [ '7.29.7' ],
666 silly audit   '@babel/plugin-transform-react-jsx-source': [ '7.29.7' ],
666 silly audit   '@rolldown/pluginutils': [ '1.0.0-beta.27' ],
666 silly audit   '@types/babel__core': [ '7.20.5' ],
666 silly audit   'react-refresh': [ '0.17.0' ],
666 silly audit   '@babel/code-frame': [ '7.29.7' ],
666 silly audit   '@babel/generator': [ '7.29.7' ],
666 silly audit   '@babel/helper-compilation-targets': [ '7.29.7' ],
666 silly audit   '@babel/helper-module-transforms': [ '7.29.7' ],
666 silly audit   '@babel/helpers': [ '7.29.7' ],
666 silly audit   '@babel/parser': [ '7.29.7' ],
666 silly audit   '@babel/template': [ '7.29.7' ],
666 silly audit   '@babel/traverse': [ '7.29.7' ],
666 silly audit   '@babel/types': [ '7.29.7' ],
666 silly audit   '@jridgewell/remapping': [ '2.3.5' ],
666 silly audit   'convert-source-map': [ '2.0.0' ],
666 silly audit   debug: [ '4.4.3' ],
666 silly audit   gensync: [ '1.0.0-beta.2' ],
666 silly audit   json5: [ '2.2.3' ],
666 silly audit   semver: [ '6.3.1' ],
666 silly audit   '@babel/helper-validator-identifier': [ '7.29.7' ],
666 silly audit   'js-tokens': [ '4.0.0' ],
666 silly audit   picocolors: [ '1.1.1' ],
666 silly audit   '@jridgewell/gen-mapping': [ '0.3.13' ],
666 silly audit   '@jridgewell/trace-mapping': [ '0.3.31' ],
666 silly audit   jsesc: [ '3.1.0' ],
666 silly audit   '@babel/compat-data': [ '7.29.7' ],
666 silly audit   '@babel/helper-validator-option': [ '7.29.7' ],
666 silly audit   browserslist: [ '4.28.2' ],
666 silly audit   'lru-cache': [ '5.1.1' ],
666 silly audit   '@babel/helper-module-imports': [ '7.29.7' ],
666 silly audit   '@babel/helper-plugin-utils': [ '7.29.7' ],
666 silly audit   '@babel/helper-globals': [ '7.29.7' ],
666 silly audit   '@babel/helper-string-parser': [ '7.29.7' ],
666 silly audit   '@jridgewell/sourcemap-codec': [ '1.5.5' ],
666 silly audit   '@jridgewell/resolve-uri': [ '3.1.2' ],
666 silly audit   '@types/babel__generator': [ '7.27.0' ],
666 silly audit   '@types/babel__template': [ '7.4.4' ],
666 silly audit   '@types/babel__traverse': [ '7.28.0' ],
666 silly audit   'baseline-browser-mapping': [ '2.10.33' ],
666 silly audit   'caniuse-lite': [ '1.0.30001793' ],
666 silly audit   'electron-to-chromium': [ '1.5.367' ],
666 silly audit   'node-releases': [ '2.0.47' ],
666 silly audit   'update-browserslist-db': [ '1.2.3' ],
666 silly audit   ms: [ '2.1.3' ],
666 silly audit   yallist: [ '3.1.1' ],
666 silly audit   'loose-envify': [ '1.4.0' ],
666 silly audit   scheduler: [ '0.23.2' ],
666 silly audit   escalade: [ '3.2.0' ],
666 silly audit   esbuild: [ '0.21.5' ],
666 silly audit   fsevents: [ '2.3.3' ],
666 silly audit   postcss: [ '8.5.15' ],
666 silly audit   rollup: [ '4.61.0' ],
666 silly audit   '@esbuild/aix-ppc64': [ '0.21.5' ],
666 silly audit   '@esbuild/android-arm': [ '0.21.5' ],
666 silly audit   '@esbuild/android-arm64': [ '0.21.5' ],
666 silly audit   '@esbuild/android-x64': [ '0.21.5' ],
666 silly audit   '@esbuild/darwin-arm64': [ '0.21.5' ],
666 silly audit   '@esbuild/darwin-x64': [ '0.21.5' ],
666 silly audit   '@esbuild/freebsd-arm64': [ '0.21.5' ],
666 silly audit   '@esbuild/freebsd-x64': [ '0.21.5' ],
666 silly audit   '@esbuild/linux-arm': [ '0.21.5' ],
666 silly audit   '@esbuild/linux-arm64': [ '0.21.5' ],
666 silly audit   '@esbuild/linux-ia32': [ '0.21.5' ],
666 silly audit   '@esbuild/linux-loong64': [ '0.21.5' ],
666 silly audit   '@esbuild/linux-mips64el': [ '0.21.5' ],
666 silly audit   '@esbuild/linux-ppc64': [ '0.21.5' ],
666 silly audit   '@esbuild/linux-riscv64': [ '0.21.5' ],
666 silly audit   '@esbuild/linux-s390x': [ '0.21.5' ],
666 silly audit   '@esbuild/linux-x64': [ '0.21.5' ],
666 silly audit   '@esbuild/netbsd-x64': [ '0.21.5' ],
666 silly audit   '@esbuild/openbsd-x64': [ '0.21.5' ],
666 silly audit   '@esbuild/sunos-x64': [ '0.21.5' ],
666 silly audit   '@esbuild/win32-arm64': [ '0.21.5' ],
666 silly audit   '@esbuild/win32-ia32': [ '0.21.5' ],
666 silly audit   '@esbuild/win32-x64': [ '0.21.5' ],
666 silly audit   nanoid: [ '3.3.12' ],
666 silly audit   'source-map-js': [ '1.2.1' ],
666 silly audit   '@rollup/rollup-android-arm-eabi': [ '4.61.0' ],
666 silly audit   '@rollup/rollup-android-arm64': [ '4.61.0' ],
666 silly audit   '@rollup/rollup-darwin-arm64': [ '4.61.0' ],
666 silly audit   '@rollup/rollup-darwin-x64': [ '4.61.0' ],
666 silly audit   '@rollup/rollup-freebsd-arm64': [ '4.61.0' ],
666 silly audit   '@rollup/rollup-freebsd-x64': [ '4.61.0' ],
666 silly audit   '@rollup/rollup-linux-arm-gnueabihf': [ '4.61.0' ],
666 silly audit   '@rollup/rollup-linux-arm-musleabihf': [ '4.61.0' ],
666 silly audit   '@rollup/rollup-linux-arm64-gnu': [ '4.61.0' ],
666 silly audit   '@rollup/rollup-linux-arm64-musl': [ '4.61.0' ],
666 silly audit   '@rollup/rollup-linux-loong64-gnu': [ '4.61.0' ],
666 silly audit   '@rollup/rollup-linux-loong64-musl': [ '4.61.0' ],
666 silly audit   '@rollup/rollup-linux-ppc64-gnu': [ '4.61.0' ],
666 silly audit   '@rollup/rollup-linux-ppc64-musl': [ '4.61.0' ],
666 silly audit   '@rollup/rollup-linux-riscv64-gnu': [ '4.61.0' ],
666 silly audit   '@rollup/rollup-linux-riscv64-musl': [ '4.61.0' ],
666 silly audit   '@rollup/rollup-linux-s390x-gnu': [ '4.61.0' ],
666 silly audit   '@rollup/rollup-linux-x64-gnu': [ '4.61.0' ],
666 silly audit   '@rollup/rollup-linux-x64-musl': [ '4.61.0' ],
666 silly audit   '@rollup/rollup-openbsd-x64': [ '4.61.0' ],
666 silly audit   '@rollup/rollup-openharmony-arm64': [ '4.61.0' ],
666 silly audit   '@rollup/rollup-win32-arm64-msvc': [ '4.61.0' ],
666 silly audit   '@rollup/rollup-win32-ia32-msvc': [ '4.61.0' ],
666 silly audit   '@rollup/rollup-win32-x64-gnu': [ '4.61.0' ],
666 silly audit   '@rollup/rollup-win32-x64-msvc': [ '4.61.0' ],
666 silly audit   '@types/estree': [ '1.0.9' ]
666 silly audit }
667 http cache @rollup/rollup-darwin-arm64@https://registry.npmjs.org/@rollup/rollup-darwin-arm64/-/rollup-darwin-arm64-4.61.0.tgz 0ms (cache hit)
668 http cache source-map-js@https://registry.npmjs.org/source-map-js/-/source-map-js-1.2.1.tgz 0ms (cache hit)
669 http cache nanoid@https://registry.npmjs.org/nanoid/-/nanoid-3.3.12.tgz 0ms (cache hit)
670 http cache @esbuild/darwin-arm64@https://registry.npmjs.org/@esbuild/darwin-arm64/-/darwin-arm64-0.21.5.tgz 0ms (cache hit)
671 http cache postcss@https://registry.npmjs.org/postcss/-/postcss-8.5.15.tgz 0ms (cache hit)
672 http cache fsevents@https://registry.npmjs.org/fsevents/-/fsevents-2.3.3.tgz 0ms (cache hit)
673 http cache esbuild@https://registry.npmjs.org/esbuild/-/esbuild-0.21.5.tgz 0ms (cache hit)
674 http cache escalade@https://registry.npmjs.org/escalade/-/escalade-3.2.0.tgz 0ms (cache hit)
675 http cache scheduler@https://registry.npmjs.org/scheduler/-/scheduler-0.23.2.tgz 0ms (cache hit)
676 http cache @types/estree@https://registry.npmjs.org/@types/estree/-/estree-1.0.9.tgz 0ms (cache hit)
677 http cache loose-envify@https://registry.npmjs.org/loose-envify/-/loose-envify-1.4.0.tgz 0ms (cache hit)
678 http cache yallist@https://registry.npmjs.org/yallist/-/yallist-3.1.1.tgz 0ms (cache hit)
679 http cache ms@https://registry.npmjs.org/ms/-/ms-2.1.3.tgz 0ms (cache hit)
680 http cache rollup@https://registry.npmjs.org/rollup/-/rollup-4.61.0.tgz 0ms (cache hit)
681 http cache update-browserslist-db@https://registry.npmjs.org/update-browserslist-db/-/update-browserslist-db-1.2.3.tgz 0ms (cache hit)
682 http cache node-releases@https://registry.npmjs.org/node-releases/-/node-releases-2.0.47.tgz 0ms (cache hit)
683 http cache @types/babel__template@https://registry.npmjs.org/@types/babel__template/-/babel__template-7.4.4.tgz 0ms (cache hit)
684 http cache caniuse-lite@https://registry.npmjs.org/caniuse-lite/-/caniuse-lite-1.0.30001793.tgz 0ms (cache hit)
685 http cache @types/babel__traverse@https://registry.npmjs.org/@types/babel__traverse/-/babel__traverse-7.28.0.tgz 0ms (cache hit)
686 http cache baseline-browser-mapping@https://registry.npmjs.org/baseline-browser-mapping/-/baseline-browser-mapping-2.10.33.tgz 0ms (cache hit)
687 http cache electron-to-chromium@https://registry.npmjs.org/electron-to-chromium/-/electron-to-chromium-1.5.367.tgz 0ms (cache hit)
688 http cache @babel/helper-string-parser@https://registry.npmjs.org/@babel/helper-string-parser/-/helper-string-parser-7.29.7.tgz 0ms (cache hit)
689 http cache @jridgewell/resolve-uri@https://registry.npmjs.org/@jridgewell/resolve-uri/-/resolve-uri-3.1.2.tgz 0ms (cache hit)
690 http cache @types/babel__generator@https://registry.npmjs.org/@types/babel__generator/-/babel__generator-7.27.0.tgz 0ms (cache hit)
691 http cache @babel/helper-globals@https://registry.npmjs.org/@babel/helper-globals/-/helper-globals-7.29.7.tgz 0ms (cache hit)
692 http cache @babel/helper-plugin-utils@https://registry.npmjs.org/@babel/helper-plugin-utils/-/helper-plugin-utils-7.29.7.tgz 0ms (cache hit)
693 http cache lru-cache@https://registry.npmjs.org/lru-cache/-/lru-cache-5.1.1.tgz 0ms (cache hit)
694 http cache @babel/helper-module-imports@https://registry.npmjs.org/@babel/helper-module-imports/-/helper-module-imports-7.29.7.tgz 0ms (cache hit)
695 http cache browserslist@https://registry.npmjs.org/browserslist/-/browserslist-4.28.2.tgz 0ms (cache hit)
696 http cache @jridgewell/sourcemap-codec@https://registry.npmjs.org/@jridgewell/sourcemap-codec/-/sourcemap-codec-1.5.5.tgz 0ms (cache hit)
697 http cache @babel/helper-validator-option@https://registry.npmjs.org/@babel/helper-validator-option/-/helper-validator-option-7.29.7.tgz 0ms (cache hit)
698 http cache jsesc@https://registry.npmjs.org/jsesc/-/jsesc-3.1.0.tgz 0ms (cache hit)
699 http cache @jridgewell/trace-mapping@https://registry.npmjs.org/@jridgewell/trace-mapping/-/trace-mapping-0.3.31.tgz 0ms (cache hit)
700 http cache picocolors@https://registry.npmjs.org/picocolors/-/picocolors-1.1.1.tgz 0ms (cache hit)
701 http cache js-tokens@https://registry.npmjs.org/js-tokens/-/js-tokens-4.0.0.tgz 0ms (cache hit)
702 http cache @babel/helper-validator-identifier@https://registry.npmjs.org/@babel/helper-validator-identifier/-/helper-validator-identifier-7.29.7.tgz 0ms (cache hit)
703 http cache semver@https://registry.npmjs.org/semver/-/semver-6.3.1.tgz 0ms (cache hit)
704 http cache json5@https://registry.npmjs.org/json5/-/json5-2.2.3.tgz 0ms (cache hit)
705 http cache gensync@https://registry.npmjs.org/gensync/-/gensync-1.0.0-beta.2.tgz 0ms (cache hit)
706 http cache convert-source-map@https://registry.npmjs.org/convert-source-map/-/convert-source-map-2.0.0.tgz 0ms (cache hit)
707 http cache @jridgewell/remapping@https://registry.npmjs.org/@jridgewell/remapping/-/remapping-2.3.5.tgz 0ms (cache hit)
708 http cache debug@https://registry.npmjs.org/debug/-/debug-4.4.3.tgz 0ms (cache hit)
709 http cache @babel/traverse@https://registry.npmjs.org/@babel/traverse/-/traverse-7.29.7.tgz 0ms (cache hit)
710 http cache @babel/compat-data@https://registry.npmjs.org/@babel/compat-data/-/compat-data-7.29.7.tgz 0ms (cache hit)
711 http cache @babel/helpers@https://registry.npmjs.org/@babel/helpers/-/helpers-7.29.7.tgz 0ms (cache hit)
712 http cache @babel/types@https://registry.npmjs.org/@babel/types/-/types-7.29.7.tgz 0ms (cache hit)
713 http cache @babel/helper-compilation-targets@https://registry.npmjs.org/@babel/helper-compilation-targets/-/helper-compilation-targets-7.29.7.tgz 0ms (cache hit)
714 http cache @babel/helper-module-transforms@https://registry.npmjs.org/@babel/helper-module-transforms/-/helper-module-transforms-7.29.7.tgz 0ms (cache hit)
715 http cache @babel/template@https://registry.npmjs.org/@babel/template/-/template-7.29.7.tgz 0ms (cache hit)
716 http cache @babel/generator@https://registry.npmjs.org/@babel/generator/-/generator-7.29.7.tgz 0ms (cache hit)
717 http cache @babel/code-frame@https://registry.npmjs.org/@babel/code-frame/-/code-frame-7.29.7.tgz 0ms (cache hit)
718 http cache @babel/parser@https://registry.npmjs.org/@babel/parser/-/parser-7.29.7.tgz 0ms (cache hit)
719 http cache react-refresh@https://registry.npmjs.org/react-refresh/-/react-refresh-0.17.0.tgz 0ms (cache hit)
720 http cache @babel/plugin-transform-react-jsx-source@https://registry.npmjs.org/@babel/plugin-transform-react-jsx-source/-/plugin-transform-react-jsx-source-7.29.7.tgz 0ms (cache hit)
721 http cache @types/babel__core@https://registry.npmjs.org/@types/babel__core/-/babel__core-7.20.5.tgz 0ms (cache hit)
722 http cache @rolldown/pluginutils@https://registry.npmjs.org/@rolldown/pluginutils/-/pluginutils-1.0.0-beta.27.tgz 0ms (cache hit)
723 http cache @babel/plugin-transform-react-jsx-self@https://registry.npmjs.org/@babel/plugin-transform-react-jsx-self/-/plugin-transform-react-jsx-self-7.29.7.tgz 0ms (cache hit)
724 http cache csstype@https://registry.npmjs.org/csstype/-/csstype-3.2.3.tgz 0ms (cache hit)
725 http cache @babel/core@https://registry.npmjs.org/@babel/core/-/core-7.29.7.tgz 0ms (cache hit)
726 http cache react@https://registry.npmjs.org/react/-/react-18.3.1.tgz 0ms (cache hit)
727 http cache @types/prop-types@https://registry.npmjs.org/@types/prop-types/-/prop-types-15.7.15.tgz 0ms (cache hit)
728 http cache vite@https://registry.npmjs.org/vite/-/vite-5.4.21.tgz 0ms (cache hit)
729 http cache typescript@https://registry.npmjs.org/typescript/-/typescript-5.9.3.tgz 0ms (cache hit)
730 http cache @types/react-dom@https://registry.npmjs.org/@types/react-dom/-/react-dom-18.3.7.tgz 0ms (cache hit)
731 http cache react-dom@https://registry.npmjs.org/react-dom/-/react-dom-18.3.1.tgz 0ms (cache hit)
732 http cache @types/react@https://registry.npmjs.org/@types/react/-/react-18.3.30.tgz 0ms (cache hit)
733 http cache @vitejs/plugin-react@https://registry.npmjs.org/@vitejs/plugin-react/-/plugin-react-4.7.0.tgz 0ms (cache hit)
734 http cache @jridgewell/gen-mapping@https://registry.npmjs.org/@jridgewell/gen-mapping/-/gen-mapping-0.3.13.tgz 0ms (cache hit)
735 silly tarball no local data for @rollup/rollup-darwin-arm64@https://registry.npmjs.org/@rollup/rollup-darwin-arm64/-/rollup-darwin-arm64-4.61.0.tgz. Extracting by manifest.
736 silly tarball no local data for source-map-js@https://registry.npmjs.org/source-map-js/-/source-map-js-1.2.1.tgz. Extracting by manifest.
737 silly tarball no local data for nanoid@https://registry.npmjs.org/nanoid/-/nanoid-3.3.12.tgz. Extracting by manifest.
738 silly tarball no local data for @esbuild/darwin-arm64@https://registry.npmjs.org/@esbuild/darwin-arm64/-/darwin-arm64-0.21.5.tgz. Extracting by manifest.
739 silly tarball no local data for postcss@https://registry.npmjs.org/postcss/-/postcss-8.5.15.tgz. Extracting by manifest.
740 silly tarball no local data for fsevents@https://registry.npmjs.org/fsevents/-/fsevents-2.3.3.tgz. Extracting by manifest.
741 silly tarball no local data for esbuild@https://registry.npmjs.org/esbuild/-/esbuild-0.21.5.tgz. Extracting by manifest.
742 silly tarball no local data for escalade@https://registry.npmjs.org/escalade/-/escalade-3.2.0.tgz. Extracting by manifest.
743 silly tarball no local data for scheduler@https://registry.npmjs.org/scheduler/-/scheduler-0.23.2.tgz. Extracting by manifest.
744 silly tarball no local data for @types/estree@https://registry.npmjs.org/@types/estree/-/estree-1.0.9.tgz. Extracting by manifest.
745 silly tarball no local data for loose-envify@https://registry.npmjs.org/loose-envify/-/loose-envify-1.4.0.tgz. Extracting by manifest.
746 silly tarball no local data for yallist@https://registry.npmjs.org/yallist/-/yallist-3.1.1.tgz. Extracting by manifest.
747 silly tarball no local data for ms@https://registry.npmjs.org/ms/-/ms-2.1.3.tgz. Extracting by manifest.
748 silly tarball no local data for rollup@https://registry.npmjs.org/rollup/-/rollup-4.61.0.tgz. Extracting by manifest.
749 silly tarball no local data for update-browserslist-db@https://registry.npmjs.org/update-browserslist-db/-/update-browserslist-db-1.2.3.tgz. Extracting by manifest.
750 silly tarball no local data for node-releases@https://registry.npmjs.org/node-releases/-/node-releases-2.0.47.tgz. Extracting by manifest.
751 silly tarball no local data for @types/babel__template@https://registry.npmjs.org/@types/babel__template/-/babel__template-7.4.4.tgz. Extracting by manifest.
752 silly tarball no local data for caniuse-lite@https://registry.npmjs.org/caniuse-lite/-/caniuse-lite-1.0.30001793.tgz. Extracting by manifest.
753 silly tarball no local data for @types/babel__traverse@https://registry.npmjs.org/@types/babel__traverse/-/babel__traverse-7.28.0.tgz. Extracting by manifest.
754 silly tarball no local data for baseline-browser-mapping@https://registry.npmjs.org/baseline-browser-mapping/-/baseline-browser-mapping-2.10.33.tgz. Extracting by manifest.
755 silly tarball no local data for electron-to-chromium@https://registry.npmjs.org/electron-to-chromium/-/electron-to-chromium-1.5.367.tgz. Extracting by manifest.
756 silly tarball no local data for @babel/helper-string-parser@https://registry.npmjs.org/@babel/helper-string-parser/-/helper-string-parser-7.29.7.tgz. Extracting by manifest.
757 silly tarball no local data for @jridgewell/resolve-uri@https://registry.npmjs.org/@jridgewell/resolve-uri/-/resolve-uri-3.1.2.tgz. Extracting by manifest.
758 silly tarball no local data for @types/babel__generator@https://registry.npmjs.org/@types/babel__generator/-/babel__generator-7.27.0.tgz. Extracting by manifest.
759 silly tarball no local data for @babel/helper-globals@https://registry.npmjs.org/@babel/helper-globals/-/helper-globals-7.29.7.tgz. Extracting by manifest.
760 silly tarball no local data for @babel/helper-plugin-utils@https://registry.npmjs.org/@babel/helper-plugin-utils/-/helper-plugin-utils-7.29.7.tgz. Extracting by manifest.
761 silly tarball no local data for lru-cache@https://registry.npmjs.org/lru-cache/-/lru-cache-5.1.1.tgz. Extracting by manifest.
762 silly tarball no local data for @babel/helper-module-imports@https://registry.npmjs.org/@babel/helper-module-imports/-/helper-module-imports-7.29.7.tgz. Extracting by manifest.
763 silly tarball no local data for browserslist@https://registry.npmjs.org/browserslist/-/browserslist-4.28.2.tgz. Extracting by manifest.
764 silly tarball no local data for @jridgewell/sourcemap-codec@https://registry.npmjs.org/@jridgewell/sourcemap-codec/-/sourcemap-codec-1.5.5.tgz. Extracting by manifest.
765 silly tarball no local data for @babel/helper-validator-option@https://registry.npmjs.org/@babel/helper-validator-option/-/helper-validator-option-7.29.7.tgz. Extracting by manifest.
766 silly tarball no local data for jsesc@https://registry.npmjs.org/jsesc/-/jsesc-3.1.0.tgz. Extracting by manifest.
767 silly tarball no local data for @jridgewell/trace-mapping@https://registry.npmjs.org/@jridgewell/trace-mapping/-/trace-mapping-0.3.31.tgz. Extracting by manifest.
768 silly tarball no local data for picocolors@https://registry.npmjs.org/picocolors/-/picocolors-1.1.1.tgz. Extracting by manifest.
769 silly tarball no local data for js-tokens@https://registry.npmjs.org/js-tokens/-/js-tokens-4.0.0.tgz. Extracting by manifest.
770 silly tarball no local data for @babel/helper-validator-identifier@https://registry.npmjs.org/@babel/helper-validator-identifier/-/helper-validator-identifier-7.29.7.tgz. Extracting by manifest.
771 silly tarball no local data for semver@https://registry.npmjs.org/semver/-/semver-6.3.1.tgz. Extracting by manifest.
772 silly tarball no local data for json5@https://registry.npmjs.org/json5/-/json5-2.2.3.tgz. Extracting by manifest.
773 silly tarball no local data for gensync@https://registry.npmjs.org/gensync/-/gensync-1.0.0-beta.2.tgz. Extracting by manifest.
774 silly tarball no local data for convert-source-map@https://registry.npmjs.org/convert-source-map/-/convert-source-map-2.0.0.tgz. Extracting by manifest.
775 silly tarball no local data for @jridgewell/remapping@https://registry.npmjs.org/@jridgewell/remapping/-/remapping-2.3.5.tgz. Extracting by manifest.
776 silly tarball no local data for debug@https://registry.npmjs.org/debug/-/debug-4.4.3.tgz. Extracting by manifest.
777 silly tarball no local data for @babel/traverse@https://registry.npmjs.org/@babel/traverse/-/traverse-7.29.7.tgz. Extracting by manifest.
778 silly tarball no local data for @babel/compat-data@https://registry.npmjs.org/@babel/compat-data/-/compat-data-7.29.7.tgz. Extracting by manifest.
779 silly tarball no local data for @babel/helpers@https://registry.npmjs.org/@babel/helpers/-/helpers-7.29.7.tgz. Extracting by manifest.
780 silly tarball no local data for @babel/types@https://registry.npmjs.org/@babel/types/-/types-7.29.7.tgz. Extracting by manifest.
781 silly tarball no local data for @babel/helper-compilation-targets@https://registry.npmjs.org/@babel/helper-compilation-targets/-/helper-compilation-targets-7.29.7.tgz. Extracting by manifest.
782 silly tarball no local data for @babel/helper-module-transforms@https://registry.npmjs.org/@babel/helper-module-transforms/-/helper-module-transforms-7.29.7.tgz. Extracting by manifest.
783 silly tarball no local data for @babel/template@https://registry.npmjs.org/@babel/template/-/template-7.29.7.tgz. Extracting by manifest.
784 silly tarball no local data for @babel/generator@https://registry.npmjs.org/@babel/generator/-/generator-7.29.7.tgz. Extracting by manifest.
785 silly tarball no local data for @babel/code-frame@https://registry.npmjs.org/@babel/code-frame/-/code-frame-7.29.7.tgz. Extracting by manifest.
786 silly tarball no local data for @babel/parser@https://registry.npmjs.org/@babel/parser/-/parser-7.29.7.tgz. Extracting by manifest.
787 silly tarball no local data for react-refresh@https://registry.npmjs.org/react-refresh/-/react-refresh-0.17.0.tgz. Extracting by manifest.
788 silly tarball no local data for @babel/plugin-transform-react-jsx-source@https://registry.npmjs.org/@babel/plugin-transform-react-jsx-source/-/plugin-transform-react-jsx-source-7.29.7.tgz. Extracting by manifest.
789 silly tarball no local data for @types/babel__core@https://registry.npmjs.org/@types/babel__core/-/babel__core-7.20.5.tgz. Extracting by manifest.
790 silly tarball no local data for @rolldown/pluginutils@https://registry.npmjs.org/@rolldown/pluginutils/-/pluginutils-1.0.0-beta.27.tgz. Extracting by manifest.
791 silly tarball no local data for @babel/plugin-transform-react-jsx-self@https://registry.npmjs.org/@babel/plugin-transform-react-jsx-self/-/plugin-transform-react-jsx-self-7.29.7.tgz. Extracting by manifest.
792 silly tarball no local data for csstype@https://registry.npmjs.org/csstype/-/csstype-3.2.3.tgz. Extracting by manifest.
793 silly tarball no local data for @babel/core@https://registry.npmjs.org/@babel/core/-/core-7.29.7.tgz. Extracting by manifest.
794 silly tarball no local data for react@https://registry.npmjs.org/react/-/react-18.3.1.tgz. Extracting by manifest.
795 silly tarball no local data for @types/prop-types@https://registry.npmjs.org/@types/prop-types/-/prop-types-15.7.15.tgz. Extracting by manifest.
796 silly tarball no local data for typescript@https://registry.npmjs.org/typescript/-/typescript-5.9.3.tgz. Extracting by manifest.
797 silly tarball no local data for vite@https://registry.npmjs.org/vite/-/vite-5.4.21.tgz. Extracting by manifest.
798 silly tarball no local data for react-dom@https://registry.npmjs.org/react-dom/-/react-dom-18.3.1.tgz. Extracting by manifest.
799 silly tarball no local data for @types/react@https://registry.npmjs.org/@types/react/-/react-18.3.30.tgz. Extracting by manifest.
800 silly tarball no local data for @vitejs/plugin-react@https://registry.npmjs.org/@vitejs/plugin-react/-/plugin-react-4.7.0.tgz. Extracting by manifest.
801 silly tarball no local data for @jridgewell/gen-mapping@https://registry.npmjs.org/@jridgewell/gen-mapping/-/gen-mapping-0.3.13.tgz. Extracting by manifest.
802 silly tarball no local data for @types/react-dom@https://registry.npmjs.org/@types/react-dom/-/react-dom-18.3.7.tgz. Extracting by manifest.
803 http fetch POST 200 https://registry.npmjs.org/-/npm/v1/security/advisories/bulk 241ms
804 silly audit report {
804 silly audit report   vite: [
804 silly audit report     {
804 silly audit report       id: 1116229,
804 silly audit report       url: 'https://github.com/advisories/GHSA-4w7w-66w2-5vf9',
804 silly audit report       title: 'Vite Vulnerable to Path Traversal in Optimized Deps `.map` Handling',
804 silly audit report       severity: 'moderate',
804 silly audit report       vulnerable_versions: '<=6.4.1',
804 silly audit report       cwe: [Array],
804 silly audit report       cvss: [Object]
804 silly audit report     }
804 silly audit report   ],
804 silly audit report   esbuild: [
804 silly audit report     {
804 silly audit report       id: 1102341,
804 silly audit report       url: 'https://github.com/advisories/GHSA-67mh-4wv8-2f99',
804 silly audit report       title: 'esbuild enables any website to send any requests to the development server and read the response',
804 silly audit report       severity: 'moderate',
804 silly audit report       vulnerable_versions: '<=0.24.2',
804 silly audit report       cwe: [Array],
804 silly audit report       cvss: [Object]
804 silly audit report     }
804 silly audit report   ]
804 silly audit report }
805 silly packumentCache corgi:https://registry.npmjs.org/vite cache-miss
806 silly packumentCache corgi:https://registry.npmjs.org/esbuild cache-miss
807 http fetch GET 200 https://registry.npmjs.org/fsevents/-/fsevents-2.3.3.tgz 747ms (cache miss)
808 http fetch GET 200 https://registry.npmjs.org/postcss/-/postcss-8.5.15.tgz 841ms (cache miss)
809 http fetch GET 200 https://registry.npmjs.org/ms/-/ms-2.1.3.tgz 942ms (cache miss)
810 http fetch GET 200 https://registry.npmjs.org/loose-envify/-/loose-envify-1.4.0.tgz 945ms (cache miss)
811 http fetch GET 200 https://registry.npmjs.org/update-browserslist-db/-/update-browserslist-db-1.2.3.tgz 1123ms (cache miss)
812 http fetch GET 200 https://registry.npmjs.org/nanoid/-/nanoid-3.3.12.tgz 1185ms (cache miss)
813 http fetch GET 200 https://registry.npmjs.org/source-map-js/-/source-map-js-1.2.1.tgz 1200ms (cache miss)
814 http fetch GET 200 https://registry.npmjs.org/@types/babel__traverse/-/babel__traverse-7.28.0.tgz 1399ms (cache miss)
815 http fetch GET 200 https://registry.npmjs.org/@types/estree/-/estree-1.0.9.tgz 1508ms (cache miss)
816 http fetch GET 200 https://registry.npmjs.org/escalade/-/escalade-3.2.0.tgz 1561ms (cache miss)
817 http fetch GET 200 https://registry.npmjs.org/node-releases/-/node-releases-2.0.47.tgz 1682ms (cache miss)
818 http fetch GET 200 https://registry.npmjs.org/@types/babel__template/-/babel__template-7.4.4.tgz 1726ms (cache miss)
819 http fetch GET 200 https://registry.npmjs.org/esbuild/-/esbuild-0.21.5.tgz 1803ms (cache miss)
820 http fetch GET 200 https://registry.npmjs.org/@babel/helper-globals/-/helper-globals-7.29.7.tgz 1809ms (cache miss)
821 http fetch GET 200 https://registry.npmjs.org/@types/babel__generator/-/babel__generator-7.27.0.tgz 1816ms (cache miss)
822 http fetch GET 200 https://registry.npmjs.org/scheduler/-/scheduler-0.23.2.tgz 2006ms (cache miss)
823 http fetch GET 200 https://registry.npmjs.org/lru-cache/-/lru-cache-5.1.1.tgz 2008ms (cache miss)
824 http fetch GET 200 https://registry.npmjs.org/@babel/helper-string-parser/-/helper-string-parser-7.29.7.tgz 2135ms (cache miss)
825 http fetch GET 200 https://registry.npmjs.org/@jridgewell/resolve-uri/-/resolve-uri-3.1.2.tgz 2177ms (cache miss)
826 http fetch GET 200 https://registry.npmjs.org/@babel/helper-plugin-utils/-/helper-plugin-utils-7.29.7.tgz 2254ms (cache miss)
827 http fetch GET 200 https://registry.npmjs.org/@babel/helper-module-imports/-/helper-module-imports-7.29.7.tgz 2285ms (cache miss)
828 http fetch GET 200 https://registry.npmjs.org/browserslist/-/browserslist-4.28.2.tgz 2295ms (cache miss)
829 http fetch GET 200 https://registry.npmjs.org/yallist/-/yallist-3.1.1.tgz 2355ms (cache miss)
830 http fetch GET 200 https://registry.npmjs.org/@babel/helper-validator-option/-/helper-validator-option-7.29.7.tgz 2416ms (cache miss)
831 http fetch GET 200 https://registry.npmjs.org/electron-to-chromium/-/electron-to-chromium-1.5.367.tgz 2756ms (cache miss)
832 http fetch GET 200 https://registry.npmjs.org/jsesc/-/jsesc-3.1.0.tgz 2751ms (cache miss)
833 http fetch GET 200 https://registry.npmjs.org/@jridgewell/sourcemap-codec/-/sourcemap-codec-1.5.5.tgz 2757ms (cache miss)
834 http fetch GET 200 https://registry.npmjs.org/@babel/helper-validator-identifier/-/helper-validator-identifier-7.29.7.tgz 2758ms (cache miss)
835 http fetch GET 200 https://registry.npmjs.org/semver/-/semver-6.3.1.tgz 2758ms (cache miss)
836 http fetch GET 200 https://registry.npmjs.org/baseline-browser-mapping/-/baseline-browser-mapping-2.10.33.tgz 2765ms (cache miss)
837 http fetch GET 200 https://registry.npmjs.org/@jridgewell/trace-mapping/-/trace-mapping-0.3.31.tgz 2767ms (cache miss)
838 http fetch GET 200 https://registry.npmjs.org/caniuse-lite/-/caniuse-lite-1.0.30001793.tgz 2811ms (cache miss)
839 http fetch GET 200 https://registry.npmjs.org/gensync/-/gensync-1.0.0-beta.2.tgz 2863ms (cache miss)
840 http fetch GET 200 https://registry.npmjs.org/convert-source-map/-/convert-source-map-2.0.0.tgz 2961ms (cache miss)
841 http fetch GET 200 https://registry.npmjs.org/js-tokens/-/js-tokens-4.0.0.tgz 2974ms (cache miss)
842 http fetch GET 200 https://registry.npmjs.org/json5/-/json5-2.2.3.tgz 3074ms (cache miss)
843 http fetch GET 200 https://registry.npmjs.org/@babel/helper-module-transforms/-/helper-module-transforms-7.29.7.tgz 3316ms (cache miss)
844 http fetch GET 200 https://registry.npmjs.org/@jridgewell/remapping/-/remapping-2.3.5.tgz 3441ms (cache miss)
845 http fetch GET 200 https://registry.npmjs.org/@babel/code-frame/-/code-frame-7.29.7.tgz 3539ms (cache miss)
846 http fetch GET 200 https://registry.npmjs.org/picocolors/-/picocolors-1.1.1.tgz 3597ms (cache miss)
847 http fetch GET 200 https://registry.npmjs.org/@babel/traverse/-/traverse-7.29.7.tgz 3616ms (cache miss)
848 http fetch GET 200 https://registry.npmjs.org/@babel/plugin-transform-react-jsx-source/-/plugin-transform-react-jsx-source-7.29.7.tgz 3775ms (cache miss)
849 http fetch GET 200 https://registry.npmjs.org/@babel/helper-compilation-targets/-/helper-compilation-targets-7.29.7.tgz 3865ms (cache miss)
850 http fetch GET 200 https://registry.npmjs.org/@babel/types/-/types-7.29.7.tgz 3949ms (cache miss)
851 http fetch GET 200 https://registry.npmjs.org/debug/-/debug-4.4.3.tgz 3955ms (cache miss)
852 http fetch GET 200 https://registry.npmjs.org/@babel/compat-data/-/compat-data-7.29.7.tgz 4016ms (cache miss)
853 http fetch GET 200 https://registry.npmjs.org/@babel/plugin-transform-react-jsx-self/-/plugin-transform-react-jsx-self-7.29.7.tgz 4024ms (cache miss)
854 http fetch GET 200 https://registry.npmjs.org/@types/babel__core/-/babel__core-7.20.5.tgz 4079ms (cache miss)
855 http fetch GET 200 https://registry.npmjs.org/@rolldown/pluginutils/-/pluginutils-1.0.0-beta.27.tgz 4153ms (cache miss)
856 http fetch GET 200 https://registry.npmjs.org/@types/prop-types/-/prop-types-15.7.15.tgz 4288ms (cache miss)
857 http fetch GET 200 https://registry.npmjs.org/rollup/-/rollup-4.61.0.tgz 4365ms (cache miss)
858 http fetch GET 200 https://registry.npmjs.org/@babel/template/-/template-7.29.7.tgz 4356ms (cache miss)
859 http fetch GET 200 https://registry.npmjs.org/react-refresh/-/react-refresh-0.17.0.tgz 4387ms (cache miss)
860 http fetch GET 200 https://registry.npmjs.org/@vitejs/plugin-react/-/plugin-react-4.7.0.tgz 4592ms (cache miss)
861 http fetch GET 200 https://registry.npmjs.org/@babel/core/-/core-7.29.7.tgz 4715ms (cache miss)
862 http fetch GET 200 https://registry.npmjs.org/@rollup/rollup-darwin-arm64/-/rollup-darwin-arm64-4.61.0.tgz 4943ms (cache miss)
863 http fetch GET 200 https://registry.npmjs.org/@babel/parser/-/parser-7.29.7.tgz 4938ms (cache miss)
864 http fetch GET 200 https://registry.npmjs.org/@babel/helpers/-/helpers-7.29.7.tgz 4959ms (cache miss)
865 http fetch GET 200 https://registry.npmjs.org/@types/react-dom/-/react-dom-18.3.7.tgz 5023ms (cache miss)
866 http fetch GET 200 https://registry.npmjs.org/@babel/generator/-/generator-7.29.7.tgz 5062ms (cache miss)
867 http fetch GET 200 https://registry.npmjs.org/@types/react/-/react-18.3.30.tgz 5184ms (cache miss)
868 http fetch GET 200 https://registry.npmjs.org/@jridgewell/gen-mapping/-/gen-mapping-0.3.13.tgz 5185ms (cache miss)
869 http fetch GET 200 https://registry.npmjs.org/react/-/react-18.3.1.tgz 5513ms (cache miss)
870 http fetch GET 200 https://registry.npmjs.org/vite 5314ms (cache miss)
871 silly packumentCache corgi:https://registry.npmjs.org/vite set size:undefined disposed:false
872 http fetch GET 200 https://registry.npmjs.org/vite/-/vite-5.4.21.tgz 5811ms (cache miss)
873 http fetch GET 200 https://registry.npmjs.org/esbuild 6233ms (cache miss)
874 silly packumentCache corgi:https://registry.npmjs.org/esbuild set size:undefined disposed:false
875 silly packumentCache corgi:https://registry.npmjs.org/@vitejs%2fplugin-react cache-miss
876 http fetch GET 200 https://registry.npmjs.org/typescript/-/typescript-5.9.3.tgz 6811ms (cache miss)
877 http fetch GET 200 https://registry.npmjs.org/csstype/-/csstype-3.2.3.tgz 6836ms (cache miss)
878 http fetch GET 200 https://registry.npmjs.org/@vitejs%2fplugin-react 1116ms (cache miss)
879 silly packumentCache corgi:https://registry.npmjs.org/@vitejs%2fplugin-react set size:undefined disposed:false
880 http fetch GET 200 https://registry.npmjs.org/react-dom/-/react-dom-18.3.1.tgz 7831ms (cache miss)
881 http fetch GET 200 https://registry.npmjs.org/@esbuild/darwin-arm64/-/darwin-arm64-0.21.5.tgz 20767ms (cache miss)
882 info run fsevents@2.3.3 install node_modules/fsevents node-gyp rebuild
883 info run fsevents@2.3.3 install { code: 1, signal: null }
884 verbose reify failed optional dependency /Users/wuwenbo/Documents/trae_projects/SoloCode-20260601/sp37/client/node_modules/fsevents
885 silly reify mark deleted [
885 silly reify   '/Users/wuwenbo/Documents/trae_projects/SoloCode-20260601/sp37/client/node_modules/fsevents'
885 silly reify ]
886 info run esbuild@0.21.5 postinstall node_modules/esbuild node install.js
887 info run esbuild@0.21.5 postinstall { code: 0, signal: null }
888 silly ADD node_modules/@types/estree
889 silly ADD node_modules/@rollup/rollup-darwin-arm64
890 silly ADD node_modules/source-map-js
891 silly ADD node_modules/nanoid
892 silly ADD node_modules/@esbuild/darwin-arm64
893 silly ADD node_modules/rollup
894 silly ADD node_modules/postcss
895 silly ADD
896 silly ADD node_modules/esbuild
897 silly ADD node_modules/escalade
898 silly ADD node_modules/scheduler
899 silly ADD node_modules/loose-envify
900 silly ADD node_modules/yallist
901 silly ADD node_modules/ms
902 silly ADD node_modules/update-browserslist-db
903 silly ADD node_modules/node-releases
904 silly ADD node_modules/electron-to-chromium
905 silly ADD node_modules/caniuse-lite
906 silly ADD node_modules/baseline-browser-mapping
907 silly ADD node_modules/@types/babel__traverse
908 silly ADD node_modules/@types/babel__template
909 silly ADD node_modules/@types/babel__generator
910 silly ADD node_modules/@jridgewell/resolve-uri
911 silly ADD node_modules/@jridgewell/sourcemap-codec
912 silly ADD node_modules/@babel/helper-string-parser
913 silly ADD node_modules/@babel/helper-globals
914 silly ADD node_modules/@babel/helper-plugin-utils
915 silly ADD node_modules/@babel/helper-module-imports
916 silly ADD node_modules/lru-cache
917 silly ADD node_modules/browserslist
918 silly ADD node_modules/@babel/helper-validator-option
919 silly ADD node_modules/@babel/compat-data
920 silly ADD node_modules/jsesc
921 silly ADD node_modules/@jridgewell/trace-mapping
922 silly ADD node_modules/@jridgewell/gen-mapping
923 silly ADD node_modules/picocolors
924 silly ADD node_modules/js-tokens
925 silly ADD node_modules/@babel/helper-validator-identifier
926 silly ADD node_modules/semver
927 silly ADD node_modules/json5
928 silly ADD node_modules/gensync
929 silly ADD node_modules/debug
930 silly ADD node_modules/convert-source-map
931 silly ADD node_modules/@jridgewell/remapping
932 silly ADD node_modules/@babel/types
933 silly ADD node_modules/@babel/traverse
934 silly ADD node_modules/@babel/template
935 silly ADD node_modules/@babel/parser
936 silly ADD node_modules/@babel/helpers
937 silly ADD node_modules/@babel/helper-module-transforms
938 silly ADD node_modules/@babel/helper-compilation-targets
939 silly ADD node_modules/@babel/generator
940 silly ADD node_modules/@babel/code-frame
941 silly ADD node_modules/react-refresh
942 silly ADD node_modules/@types/babel__core
943 silly ADD node_modules/@rolldown/pluginutils
944 silly ADD node_modules/@babel/plugin-transform-react-jsx-source
945 silly ADD node_modules/@babel/plugin-transform-react-jsx-self
946 silly ADD node_modules/@babel/core
947 silly ADD node_modules/csstype
948 silly ADD node_modules/@types/prop-types
949 silly ADD node_modules/typescript
950 silly ADD node_modules/react
951 silly ADD node_modules/react-dom
952 silly ADD node_modules/vite
953 silly ADD node_modules/@vitejs/plugin-react
954 silly ADD node_modules/@types/react-dom
955 silly ADD node_modules/@types/react
956 verbose cwd /Users/wuwenbo/Documents/trae_projects/SoloCode-20260601/sp37/client
957 verbose os Darwin 23.5.0
958 verbose node v24.12.0
959 verbose npm  v11.6.2
960 notice
960 notice New [33mminor[39m version of npm available! [33m11.6.2[39m -> [34m11.16.0[39m
960 notice Changelog: [34mhttps://github.com/npm/cli/releases/tag/v11.16.0[39m
960 notice To update run: [4mnpm install -g npm@11.16.0[24m
960 notice  { force: true, Symbol(proc-log.meta): true }
961 verbose exit 0
962 info ok
